D:/Code/AI/EdgeAI/GT/TestSTM32H7LED/ICS43434SDCard/Core/Src/main.c:85:5:main	7
D:/Code/AI/EdgeAI/GT/TestSTM32H7LED/ICS43434SDCard/Core/Src/main.c:184:6:SystemClock_Config	4
D:/Code/AI/EdgeAI/GT/TestSTM32H7LED/ICS43434SDCard/Core/Src/main.c:243:13:MX_I2S1_Init	2
D:/Code/AI/EdgeAI/GT/TestSTM32H7LED/ICS43434SDCard/Core/Src/main.c:279:13:MX_SDMMC1_SD_Init	1
D:/Code/AI/EdgeAI/GT/TestSTM32H7LED/ICS43434SDCard/Core/Src/main.c:306:13:MX_TIM2_Init	6
D:/Code/AI/EdgeAI/GT/TestSTM32H7LED/ICS43434SDCard/Core/Src/main.c:361:13:MX_DMA_Init	1
D:/Code/AI/EdgeAI/GT/TestSTM32H7LED/ICS43434SDCard/Core/Src/main.c:379:13:MX_GPIO_Init	1
D:/Code/AI/EdgeAI/GT/TestSTM32H7LED/ICS43434SDCard/Core/Src/main.c:406:6:MPU_Config	1
D:/Code/AI/EdgeAI/GT/TestSTM32H7LED/ICS43434SDCard/Core/Src/main.c:437:6:Error_Handler	1
