D:/Code/AI/EdgeAI/GT/TestSTM32H7LED/ICS43434SDCard/Core/Src/main.c:94:5:main	48	static
D:/Code/AI/EdgeAI/GT/TestSTM32H7LED/ICS43434SDCard/Core/Src/main.c:232:6:SystemClock_Config	120	static
D:/Code/AI/EdgeAI/GT/TestSTM32H7LED/ICS43434SDCard/Core/Src/main.c:291:13:MX_I2S1_Init	8	static
D:/Code/AI/EdgeAI/GT/TestSTM32H7LED/ICS43434SDCard/Core/Src/main.c:327:13:MX_SDMMC1_SD_Init	4	static
D:/Code/AI/EdgeAI/GT/TestSTM32H7LED/ICS43434SDCard/Core/Src/main.c:354:13:MX_TIM2_Init	48	static
D:/Code/AI/EdgeAI/GT/TestSTM32H7LED/ICS43434SDCard/Core/Src/main.c:409:13:MX_DMA_Init	16	static
D:/Code/AI/EdgeAI/GT/TestSTM32H7LED/ICS43434SDCard/Core/Src/main.c:427:13:MX_GPIO_Init	48	static
D:/Code/AI/EdgeAI/GT/TestSTM32H7LED/ICS43434SDCard/Core/Src/main.c:460:6:MPU_Config	24	static
D:/Code/AI/EdgeAI/GT/TestSTM32H7LED/ICS43434SDCard/Core/Src/main.c:491:6:Error_Handler	4	static,ignoring_inline_asm
