D:/Code/AI/EdgeAI/GT/TestSTM32H7LED/ICS43434SDCard/Core/Src/main.c:94:5:main	12
D:/Code/AI/EdgeAI/GT/TestSTM32H7LED/ICS43434SDCard/Core/Src/main.c:232:6:SystemClock_Config	4
D:/Code/AI/EdgeAI/GT/TestSTM32H7LED/ICS43434SDCard/Core/Src/main.c:291:13:MX_I2S1_Init	2
D:/Code/AI/EdgeAI/GT/TestSTM32H7LED/ICS43434SDCard/Core/Src/main.c:327:13:MX_SDMMC1_SD_Init	1
D:/Code/AI/EdgeAI/GT/TestSTM32H7LED/ICS43434SDCard/Core/Src/main.c:354:13:MX_TIM2_Init	6
D:/Code/AI/EdgeAI/GT/TestSTM32H7LED/ICS43434SDCard/Core/Src/main.c:409:13:MX_DMA_Init	1
D:/Code/AI/EdgeAI/GT/TestSTM32H7LED/ICS43434SDCard/Core/Src/main.c:427:13:MX_GPIO_Init	1
D:/Code/AI/EdgeAI/GT/TestSTM32H7LED/ICS43434SDCard/Core/Src/main.c:460:6:MPU_Config	1
D:/Code/AI/EdgeAI/GT/TestSTM32H7LED/ICS43434SDCard/Core/Src/main.c:491:6:Error_Handler	1
