../Drivers/CMSIS/Include/core_cm7.h:2660:26:ITM_SendChar	16	static,ignoring_inline_asm
../Core/Src/main.c:88:5:main	32	static
../Core/Src/main.c:194:6:SystemClock_Config	120	static
../Core/Src/main.c:253:13:MX_I2S1_Init	8	static
../Core/Src/main.c:289:13:MX_SDMMC1_SD_Init	4	static
../Core/Src/main.c:316:13:MX_TIM2_Init	48	static
../Core/Src/main.c:371:13:MX_DMA_Init	16	static
../Core/Src/main.c:389:13:MX_GPIO_Init	24	static
../Core/Src/main.c:407:5:_write	32	static
../Core/Src/main.c:418:6:HAL_I2S_RxCpltCallback	16	static
../Core/Src/main.c:423:6:HAL_I2S_RxHalfCpltCallback	16	static
../Core/Src/main.c:433:6:MPU_Config	24	static
../Core/Src/main.c:464:6:Error_Handler	4	static,ignoring_inline_asm
