D:/Code/AI/EdgeAI/GT/TestSTM32H7LED/SDCard/Core/Src/main.c:69:5:main	56	static
D:/Code/AI/EdgeAI/GT/TestSTM32H7LED/SDCard/Core/Src/main.c:169:6:SystemClock_Config	120	static
D:/Code/AI/EdgeAI/GT/TestSTM32H7LED/SDCard/Core/Src/main.c:228:13:MX_SDMMC1_SD_Init	8	static
D:/Code/AI/EdgeAI/GT/TestSTM32H7LED/SDCard/Core/Src/main.c:258:13:MX_GPIO_Init	48	static
D:/Code/AI/EdgeAI/GT/TestSTM32H7LED/SDCard/Core/Src/main.c:298:6:MPU_Config	24	static
D:/Code/AI/EdgeAI/GT/TestSTM32H7LED/SDCard/Core/Src/main.c:329:6:Error_Handler	4	static,ignoring_inline_asm
