Archive member included to satisfy reference by file (symbol)

C:/ST/STM32CubeIDE_1.17.0/STM32CubeIDE/plugins/com.st.stm32cube.ide.mcu.externaltools.gnu-tools-for-stm32.12.3.rel1.win32_1.1.0.202410251130/tools/bin/../lib/gcc/arm-none-eabi/12.3.1/../../../../arm-none-eabi/lib/thumb/v7e-m+dp/hard\libc_nano.a(libc_a-exit.o)
                              C:/ST/STM32CubeIDE_1.17.0/STM32CubeIDE/plugins/com.st.stm32cube.ide.mcu.externaltools.gnu-tools-for-stm32.12.3.rel1.win32_1.1.0.202410251130/tools/bin/../lib/gcc/arm-none-eabi/12.3.1/../../../../arm-none-eabi/lib/thumb/v7e-m+dp/hard/crt0.o (exit)
C:/ST/STM32CubeIDE_1.17.0/STM32CubeIDE/plugins/com.st.stm32cube.ide.mcu.externaltools.gnu-tools-for-stm32.12.3.rel1.win32_1.1.0.202410251130/tools/bin/../lib/gcc/arm-none-eabi/12.3.1/../../../../arm-none-eabi/lib/thumb/v7e-m+dp/hard\libc_nano.a(libc_a-findfp.o)
                              C:/ST/STM32CubeIDE_1.17.0/STM32CubeIDE/plugins/com.st.stm32cube.ide.mcu.externaltools.gnu-tools-for-stm32.12.3.rel1.win32_1.1.0.202410251130/tools/bin/../lib/gcc/arm-none-eabi/12.3.1/../../../../arm-none-eabi/lib/thumb/v7e-m+dp/hard\libc_nano.a(libc_a-exit.o) (__stdio_exit_handler)
C:/ST/STM32CubeIDE_1.17.0/STM32CubeIDE/plugins/com.st.stm32cube.ide.mcu.externaltools.gnu-tools-for-stm32.12.3.rel1.win32_1.1.0.202410251130/tools/bin/../lib/gcc/arm-none-eabi/12.3.1/../../../../arm-none-eabi/lib/thumb/v7e-m+dp/hard\libc_nano.a(libc_a-fwalk.o)
                              C:/ST/STM32CubeIDE_1.17.0/STM32CubeIDE/plugins/com.st.stm32cube.ide.mcu.externaltools.gnu-tools-for-stm32.12.3.rel1.win32_1.1.0.202410251130/tools/bin/../lib/gcc/arm-none-eabi/12.3.1/../../../../arm-none-eabi/lib/thumb/v7e-m+dp/hard\libc_nano.a(libc_a-findfp.o) (_fwalk_sglue)
C:/ST/STM32CubeIDE_1.17.0/STM32CubeIDE/plugins/com.st.stm32cube.ide.mcu.externaltools.gnu-tools-for-stm32.12.3.rel1.win32_1.1.0.202410251130/tools/bin/../lib/gcc/arm-none-eabi/12.3.1/../../../../arm-none-eabi/lib/thumb/v7e-m+dp/hard\libc_nano.a(libc_a-stdio.o)
                              C:/ST/STM32CubeIDE_1.17.0/STM32CubeIDE/plugins/com.st.stm32cube.ide.mcu.externaltools.gnu-tools-for-stm32.12.3.rel1.win32_1.1.0.202410251130/tools/bin/../lib/gcc/arm-none-eabi/12.3.1/../../../../arm-none-eabi/lib/thumb/v7e-m+dp/hard\libc_nano.a(libc_a-findfp.o) (__sread)
C:/ST/STM32CubeIDE_1.17.0/STM32CubeIDE/plugins/com.st.stm32cube.ide.mcu.externaltools.gnu-tools-for-stm32.12.3.rel1.win32_1.1.0.202410251130/tools/bin/../lib/gcc/arm-none-eabi/12.3.1/../../../../arm-none-eabi/lib/thumb/v7e-m+dp/hard\libc_nano.a(libc_a-memset.o)
                              C:/ST/STM32CubeIDE_1.17.0/STM32CubeIDE/plugins/com.st.stm32cube.ide.mcu.externaltools.gnu-tools-for-stm32.12.3.rel1.win32_1.1.0.202410251130/tools/bin/../lib/gcc/arm-none-eabi/12.3.1/../../../../arm-none-eabi/lib/thumb/v7e-m+dp/hard/crt0.o (memset)
C:/ST/STM32CubeIDE_1.17.0/STM32CubeIDE/plugins/com.st.stm32cube.ide.mcu.externaltools.gnu-tools-for-stm32.12.3.rel1.win32_1.1.0.202410251130/tools/bin/../lib/gcc/arm-none-eabi/12.3.1/../../../../arm-none-eabi/lib/thumb/v7e-m+dp/hard\libc_nano.a(libc_a-closer.o)
                              C:/ST/STM32CubeIDE_1.17.0/STM32CubeIDE/plugins/com.st.stm32cube.ide.mcu.externaltools.gnu-tools-for-stm32.12.3.rel1.win32_1.1.0.202410251130/tools/bin/../lib/gcc/arm-none-eabi/12.3.1/../../../../arm-none-eabi/lib/thumb/v7e-m+dp/hard\libc_nano.a(libc_a-stdio.o) (_close_r)
C:/ST/STM32CubeIDE_1.17.0/STM32CubeIDE/plugins/com.st.stm32cube.ide.mcu.externaltools.gnu-tools-for-stm32.12.3.rel1.win32_1.1.0.202410251130/tools/bin/../lib/gcc/arm-none-eabi/12.3.1/../../../../arm-none-eabi/lib/thumb/v7e-m+dp/hard\libc_nano.a(libc_a-reent.o)
                              C:/ST/STM32CubeIDE_1.17.0/STM32CubeIDE/plugins/com.st.stm32cube.ide.mcu.externaltools.gnu-tools-for-stm32.12.3.rel1.win32_1.1.0.202410251130/tools/bin/../lib/gcc/arm-none-eabi/12.3.1/../../../../arm-none-eabi/lib/thumb/v7e-m+dp/hard\libc_nano.a(libc_a-closer.o) (errno)
C:/ST/STM32CubeIDE_1.17.0/STM32CubeIDE/plugins/com.st.stm32cube.ide.mcu.externaltools.gnu-tools-for-stm32.12.3.rel1.win32_1.1.0.202410251130/tools/bin/../lib/gcc/arm-none-eabi/12.3.1/../../../../arm-none-eabi/lib/thumb/v7e-m+dp/hard\libc_nano.a(libc_a-impure.o)
                              C:/ST/STM32CubeIDE_1.17.0/STM32CubeIDE/plugins/com.st.stm32cube.ide.mcu.externaltools.gnu-tools-for-stm32.12.3.rel1.win32_1.1.0.202410251130/tools/bin/../lib/gcc/arm-none-eabi/12.3.1/../../../../arm-none-eabi/lib/thumb/v7e-m+dp/hard\libc_nano.a(libc_a-reent.o) (_impure_ptr)
C:/ST/STM32CubeIDE_1.17.0/STM32CubeIDE/plugins/com.st.stm32cube.ide.mcu.externaltools.gnu-tools-for-stm32.12.3.rel1.win32_1.1.0.202410251130/tools/bin/../lib/gcc/arm-none-eabi/12.3.1/../../../../arm-none-eabi/lib/thumb/v7e-m+dp/hard\libc_nano.a(libc_a-lseekr.o)
[...]
Memory Configuration

Name             Origin             Length             Attributes
FLASH            0x08000000         0x00200000         xr
DTCMRAM          0x20000000         0x00020000         xrw
RAM_D1           0x24000000         0x00080000         xrw
RAM_D2           0x30000000         0x00048000         xrw
RAM_D3           0x38000000         0x00010000         xrw
ITCMRAM          0x00000000         0x00010000         xrw
*default*        0x00000000         0xffffffff

Linker script and memory map

LOAD C:/ST/STM32CubeIDE_1.17.0/STM32CubeIDE/plugins/com.st.stm32cube.ide.mcu.externaltools.gnu-tools-for-stm32.12.3.rel1.win32_1.1.0.202410251130/tools/bin/../lib/gcc/arm-none-eabi/12.3.1/thumb/v7e-m+dp/hard/crti.o
LOAD C:/ST/STM32CubeIDE_1.17.0/STM32CubeIDE/plugins/com.st.stm32cube.ide.mcu.externaltools.gnu-tools-for-stm32.12.3.rel1.win32_1.1.0.202410251130/tools/bin/../lib/gcc/arm-none-eabi/12.3.1/thumb/v7e-m+dp/hard/crtbegin.o
LOAD C:/ST/STM32CubeIDE_1.17.0/STM32CubeIDE/plugins/com.st.stm32cube.ide.mcu.externaltools.gnu-tools-for-stm32.12.3.rel1.win32_1.1.0.202410251130/tools/bin/../lib/gcc/arm-none-eabi/12.3.1/../../../../arm-none-eabi/lib/thumb/v7e-m+dp/hard/crt0.o
LOAD ./Application/User/Core/main.o
LOAD ./Application/User/Core/stm32h7xx_hal_msp.o
LOAD ./Application/User/Core/stm32h7xx_it.o
LOAD ./Application/User/Core/syscalls.o
LOAD ./Application/User/Core/sysmem.o
LOAD ./Application/User/FATFS/App/fatfs.o
LOAD ./Application/User/FATFS/Target/bsp_driver_sd.o
LOAD ./Application/User/FATFS/Target/sd_diskio.o
LOAD ./Application/User/Startup/startup_stm32h743vitx.o
LOAD ./Drivers/CMSIS/system_stm32h7xx.o
LOAD ./Drivers/STM32H7xx_HAL_Driver/stm32h7xx_hal.o
LOAD ./Drivers/STM32H7xx_HAL_Driver/stm32h7xx_hal_cortex.o
LOAD ./Drivers/STM32H7xx_HAL_Driver/stm32h7xx_hal_dma.o
LOAD ./Drivers/STM32H7xx_HAL_Driver/stm32h7xx_hal_dma_ex.o
LOAD ./Drivers/STM32H7xx_HAL_Driver/stm32h7xx_hal_exti.o
LOAD ./Drivers/STM32H7xx_HAL_Driver/stm32h7xx_hal_flash.o
LOAD ./Drivers/STM32H7xx_HAL_Driver/stm32h7xx_hal_flash_ex.o
LOAD ./Drivers/STM32H7xx_HAL_Driver/stm32h7xx_hal_gpio.o
LOAD ./Drivers/STM32H7xx_HAL_Driver/stm32h7xx_hal_hsem.o
LOAD ./Drivers/STM32H7xx_HAL_Driver/stm32h7xx_hal_i2c.o
LOAD ./Drivers/STM32H7xx_HAL_Driver/stm32h7xx_hal_i2c_ex.o
LOAD ./Drivers/STM32H7xx_HAL_Driver/stm32h7xx_hal_mdma.o
LOAD ./Drivers/STM32H7xx_HAL_Driver/stm32h7xx_hal_mmc.o
LOAD ./Drivers/STM32H7xx_HAL_Driver/stm32h7xx_hal_mmc_ex.o
LOAD ./Drivers/STM32H7xx_HAL_Driver/stm32h7xx_hal_pwr.o
LOAD ./Drivers/STM32H7xx_HAL_Driver/stm32h7xx_hal_pwr_ex.o
LOAD ./Drivers/STM32H7xx_HAL_Driver/stm32h7xx_hal_rcc.o
LOAD ./Drivers/STM32H7xx_HAL_Driver/stm32h7xx_hal_rcc_ex.o
LOAD ./Drivers/STM32H7xx_HAL_Driver/stm32h7xx_hal_sd.o
LOAD ./Drivers/STM32H7xx_HAL_Driver/stm32h7xx_hal_sd_ex.o
LOAD ./Drivers/STM32H7xx_HAL_Driver/stm32h7xx_ll_delayblock.o
LOAD ./Drivers/STM32H7xx_HAL_Driver/stm32h7xx_ll_sdmmc.o
LOAD ./Middlewares/FatFs/diskio.o
LOAD ./Middlewares/FatFs/ff.o
LOAD ./Middlewares/FatFs/ff_gen_drv.o
LOAD ./Middlewares/FatFs/syscall.o
START GROUP
LOAD C:/ST/STM32CubeIDE_1.17.0/STM32CubeIDE/plugins/com.st.stm32cube.ide.mcu.externaltools.gnu-tools-for-stm32.12.3.rel1.win32_1.1.0.202410251130/tools/bin/../lib/gcc/arm-none-eabi/12.3.1/../../../../arm-none-eabi/lib/thumb/v7e-m+dp/hard\libc_nano.a
LOAD C:/ST/STM32CubeIDE_1.17.0/STM32CubeIDE/plugins/com.st.stm32cube.ide.mcu.externaltools.gnu-tools-for-stm32.12.3.rel1.win32_1.1.0.202410251130/tools/bin/../lib/gcc/arm-none-eabi/12.3.1/../../../../arm-none-eabi/lib/thumb/v7e-m+dp/hard\libm.a
END GROUP
START GROUP
LOAD C:/ST/STM32CubeIDE_1.17.0/STM32CubeIDE/plugins/com.st.stm32cube.ide.mcu.externaltools.gnu-tools-for-stm32.12.3.rel1.win32_1.1.0.202410251130/tools/bin/../lib/gcc/arm-none-eabi/12.3.1/thumb/v7e-m+dp/hard\libgcc.a
LOAD C:/ST/STM32CubeIDE_1.17.0/STM32CubeIDE/plugins/com.st.stm32cube.ide.mcu.externaltools.gnu-tools-for-stm32.12.3.rel1.win32_1.1.0.202410251130/tools/bin/../lib/gcc/arm-none-eabi/12.3.1/../../../../arm-none-eabi/lib/thumb/v7e-m+dp/hard\libc_nano.a
END GROUP
START GROUP
LOAD C:/ST/STM32CubeIDE_1.17.0/STM32CubeIDE/plugins/com.st.stm32cube.ide.mcu.externaltools.gnu-tools-for-stm32.12.3.rel1.win32_1.1.0.202410251130/tools/bin/../lib/gcc/arm-none-eabi/12.3.1/thumb/v7e-m+dp/hard\libgcc.a
LOAD C:/ST/STM32CubeIDE_1.17.0/STM32CubeIDE/plugins/com.st.stm32cube.ide.mcu.externaltools.gnu-tools-for-stm32.12.3.rel1.win32_1.1.0.202410251130/tools/bin/../lib/gcc/arm-none-eabi/12.3.1/../../../../arm-none-eabi/lib/thumb/v7e-m+dp/hard\libc_nano.a
LOAD C:/ST/STM32CubeIDE_1.17.0/STM32CubeIDE/plugins/com.st.stm32cube.ide.mcu.externaltools.gnu-tools-for-stm32.12.3.rel1.win32_1.1.0.202410251130/tools/bin/../lib/gcc/arm-none-eabi/12.3.1/../../../../arm-none-eabi/lib/thumb/v7e-m+dp/hard\libnosys.a
END GROUP
START GROUP
LOAD C:/ST/STM32CubeIDE_1.17.0/STM32CubeIDE/plugins/com.st.stm32cube.ide.mcu.externaltools.gnu-tools-for-stm32.12.3.rel1.win32_1.1.0.202410251130/tools/bin/../lib/gcc/arm-none-eabi/12.3.1/thumb/v7e-m+dp/hard\libgcc.a
LOAD C:/ST/STM32CubeIDE_1.17.0/STM32CubeIDE/plugins/com.st.stm32cube.ide.mcu.externaltools.gnu-tools-for-stm32.12.3.rel1.win32_1.1.0.202410251130/tools/bin/../lib/gcc/arm-none-eabi/12.3.1/../../../../arm-none-eabi/lib/thumb/v7e-m+dp/hard\libc_nano.a
LOAD C:/ST/STM32CubeIDE_1.17.0/STM32CubeIDE/plugins/com.st.stm32cube.ide.mcu.externaltools.gnu-tools-for-stm32.12.3.rel1.win32_1.1.0.202410251130/tools/bin/../lib/gcc/arm-none-eabi/12.3.1/../../../../arm-none-eabi/lib/thumb/v7e-m+dp/hard\libnosys.a
END GROUP
LOAD C:/ST/STM32CubeIDE_1.17.0/STM32CubeIDE/plugins/com.st.stm32cube.ide.mcu.externaltools.gnu-tools-for-stm32.12.3.rel1.win32_1.1.0.202410251130/tools/bin/../lib/gcc/arm-none-eabi/12.3.1/thumb/v7e-m+dp/hard/crtend.o
LOAD C:/ST/STM32CubeIDE_1.17.0/STM32CubeIDE/plugins/com.st.stm32cube.ide.mcu.externaltools.gnu-tools-for-stm32.12.3.rel1.win32_1.1.0.202410251130/tools/bin/../lib/gcc/arm-none-eabi/12.3.1/thumb/v7e-m+dp/hard/crtn.o
                0x24080000                        _estack = (ORIGIN (RAM_D1) + LENGTH (RAM_D1))
                0x00000400                        _Min_Heap_Size = 0x400
                0x00000800                        _Min_Stack_Size = 0x800

.isr_vector     0x08000000      0x298
                0x08000000                        . = ALIGN (0x4)
 *(.isr_vector)
 .isr_vector    0x08000000      0x298 ./Application/User/Startup/startup_stm32h743vitx.o
                0x08000000                g_pfnVectors
                0x08000298                        . = ALIGN (0x4)

.text           0x08000298     0x96f8
                0x08000298                        . = ALIGN (0x4)
 *(.text)
 .text          0x08000298       0x40 C:/ST/STM32CubeIDE_1.17.0/STM32CubeIDE/plugins/com.st.stm32cube.ide.mcu.externaltools.gnu-tools-for-stm32.12.3.rel1.win32_1.1.0.202410251130/tools/bin/../lib/gcc/arm-none-eabi/12.3.1/thumb/v7e-m+dp/hard/crtbegin.o
 .text          0x080002d8       0x10 C:/ST/STM32CubeIDE_1.17.0/STM32CubeIDE/plugins/com.st.stm32cube.ide.mcu.externaltools.gnu-tools-for-stm32.12.3.rel1.win32_1.1.0.202410251130/tools/bin/../lib/gcc/arm-none-eabi/12.3.1/../../../../arm-none-eabi/lib/thumb/v7e-m+dp/hard\libc_nano.a(libc_a-strlen.o)
                0x080002d8                strlen
 *(.text*)
 .text.main     0x080002e8      0x15c ./Application/User/Core/main.o
                0x080002e8                main
 .text.SystemClock_Config
                0x08000444       0xf8 ./Application/User/Core/main.o
                0x08000444                SystemClock_Config
 .text.MX_SDMMC1_SD_Init
                0x0800053c       0x48 ./Application/User/Core/main.o
 .text.MX_GPIO_Init
                0x08000584       0xd8 ./Application/User/Core/main.o
 .text.MPU_Config
                0x0800065c       0x58 ./Application/User/Core/main.o
 .text.Error_Handler
                0x080006b4        0xc ./Application/User/Core/main.o
                0x080006b4                Error_Handler
 .text.HAL_MspInit
                0x080006c0       0x34 ./Application/User/Core/stm32h7xx_hal_msp.o
                0x080006c0                HAL_MspInit
 .text.HAL_SD_MspInit
                0x080006f4      0x15c ./Application/User/Core/stm32h7xx_hal_msp.o
                0x080006f4                HAL_SD_MspInit
 .text.NMI_Handler
                0x08000850        0x8 ./Application/User/Core/stm32h7xx_it.o
                0x08000850                NMI_Handler
 .text.HardFault_Handler
                0x08000858        0x8 ./Application/User/Core/stm32h7xx_it.o
                0x08000858                HardFault_Handler
 .text.MemManage_Handler
                0x08000860        0x8 ./Application/User/Core/stm32h7xx_it.o
                0x08000860                MemManage_Handler
 .text.BusFault_Handler
                0x08000868        0x8 ./Application/User/Core/stm32h7xx_it.o
                0x08000868                BusFault_Handler
 .text.UsageFault_Handler
                0x08000870        0x8 ./Application/User/Core/stm32h7xx_it.o
                0x08000870                UsageFault_Handler
 .text.SVC_Handler
                0x08000878        0xe ./Application/User/Core/stm32h7xx_it.o
                0x08000878                SVC_Handler
 .text.DebugMon_Handler
                0x08000886        0xe ./Application/User/Core/stm32h7xx_it.o
                0x08000886                DebugMon_Handler
 .text.PendSV_Handler
                0x08000894        0xe ./Application/User/Core/stm32h7xx_it.o
                0x08000894                PendSV_Handler
 .text.SysTick_Handler
                0x080008a2        0xc ./Application/User/Core/stm32h7xx_it.o
                0x080008a2                SysTick_Handler
 *fill*         0x080008ae        0x2 
 .text.SDMMC1_IRQHandler
                0x080008b0       0x14 ./Application/User/Core/stm32h7xx_it.o
                0x080008b0                SDMMC1_IRQHandler
 .text.MX_FATFS_Init
                0x080008c4       0x24 ./Application/User/FATFS/App/fatfs.o
                0x080008c4                MX_FATFS_Init
 .text.get_fattime
                0x080008e8       0x10 ./Application/User/FATFS/App/fatfs.o
                0x080008e8                get_fattime
 .text.BSP_SD_Init
                0x080008f8       0x4c ./Application/User/FATFS/Target/bsp_driver_sd.o
                0x080008f8                BSP_SD_Init
 .text.BSP_SD_ReadBlocks_DMA
                0x08000944       0x34 ./Application/User/FATFS/Target/bsp_driver_sd.o
                0x08000944                BSP_SD_ReadBlocks_DMA
 .text.BSP_SD_WriteBlocks_DMA
                0x08000978       0x34 ./Application/User/FATFS/Target/bsp_driver_sd.o
                0x08000978                BSP_SD_WriteBlocks_DMA
 .text.BSP_SD_GetCardState
                0x080009ac       0x20 ./Application/User/FATFS/Target/bsp_driver_sd.o
                0x080009ac                BSP_SD_GetCardState
 .text.BSP_SD_GetCardInfo
                0x080009cc       0x1c ./Application/User/FATFS/Target/bsp_driver_sd.o
                0x080009cc                BSP_SD_GetCardInfo
 .text.HAL_SD_TxCpltCallback
                0x080009e8       0x14 ./Application/User/FATFS/Target/bsp_driver_sd.o
                0x080009e8                HAL_SD_TxCpltCallback
 .text.HAL_SD_RxCpltCallback
                0x080009fc       0x14 ./Application/User/FATFS/Target/bsp_driver_sd.o
                0x080009fc                HAL_SD_RxCpltCallback
 .text.BSP_SD_IsDetected
                0x08000a10       0x1a ./Application/User/FATFS/Target/bsp_driver_sd.o
                0x08000a10                BSP_SD_IsDetected
 .text.SD_CheckStatusWithTimeout
                0x08000a2a       0x3a ./Application/User/FATFS/Target/sd_diskio.o
 .text.SD_CheckStatus
                0x08000a64       0x3c ./Application/User/FATFS/Target/sd_diskio.o
 .text.SD_initialize
                0x08000aa0       0x38 ./Application/User/FATFS/Target/sd_diskio.o
                0x08000aa0                SD_initialize
 .text.SD_status
                0x08000ad8       0x1c ./Application/User/FATFS/Target/sd_diskio.o
                0x08000ad8                SD_status
 .text.SD_read  0x08000af4       0xac ./Application/User/FATFS/Target/sd_diskio.o
                0x08000af4                SD_read
 .text.SD_write
                0x08000ba0       0xac ./Application/User/FATFS/Target/sd_diskio.o
                0x08000ba0                SD_write
 .text.SD_ioctl
                0x08000c4c       0xb0 ./Application/User/FATFS/Target/sd_diskio.o
                0x08000c4c                SD_ioctl
 .text.BSP_SD_WriteCpltCallback
                0x08000cfc       0x18 ./Application/User/FATFS/Target/sd_diskio.o
                0x08000cfc                BSP_SD_WriteCpltCallback
 .text.BSP_SD_ReadCpltCallback
                0x08000d14       0x18 ./Application/User/FATFS/Target/sd_diskio.o
                0x08000d14                BSP_SD_ReadCpltCallback
 .text.Reset_Handler
                0x08000d2c       0x54 ./Application/User/Startup/startup_stm32h743vitx.o
                0x08000d2c                Reset_Handler
 .text.Default_Handler
                0x08000d80        0x2 ./Application/User/Startup/startup_stm32h743vitx.o
                0x08000d80                RTC_Alarm_IRQHandler
                0x08000d80                EXTI2_IRQHandler
                0x08000d80                TIM8_CC_IRQHandler
                0x08000d80                HRTIM1_Master_IRQHandler
                0x08000d80                UART8_IRQHandler
                0x08000d80                SPI4_IRQHandler
                0x08000d80                TIM1_CC_IRQHandler
                0x08000d80                BDMA_Channel6_IRQHandler
                0x08000d80                DMA2_Stream5_IRQHandler
                0x08000d80                HRTIM1_FLT_IRQHandler
                0x08000d80                JPEG_IRQHandler
                0x08000d80                DMA1_Stream5_IRQHandler
                0x08000d80                BDMA_Channel1_IRQHandler
                0x08000d80                HRTIM1_TIMD_IRQHandler
                0x08000d80                TAMP_STAMP_IRQHandler
                0x08000d80                EXTI3_IRQHandler
                0x08000d80                LPTIM4_IRQHandler
                0x08000d80                TIM8_TRG_COM_TIM14_IRQHandler
                0x08000d80                LPTIM2_IRQHandler
                0x08000d80                DFSDM1_FLT1_IRQHandler
                0x08000d80                DMAMUX2_OVR_IRQHandler
                0x08000d80                TIM8_UP_TIM13_IRQHandler
                0x08000d80                I2C3_ER_IRQHandler
                0x08000d80                DFSDM1_FLT2_IRQHandler
                0x08000d80                MDMA_IRQHandler
                0x08000d80                LPTIM3_IRQHandler
                0x08000d80                HSEM1_IRQHandler
                0x08000d80                EXTI0_IRQHandler
                0x08000d80                I2C2_EV_IRQHandler
                0x08000d80                DMA1_Stream2_IRQHandler
                0x08000d80                FPU_IRQHandler
                0x08000d80                OTG_HS_WKUP_IRQHandler
                0x08000d80                FDCAN1_IT1_IRQHandler
                0x08000d80                LTDC_ER_IRQHandler
                0x08000d80                DMA2_Stream2_IRQHandler
                0x08000d80                HRTIM1_TIME_IRQHandler
                0x08000d80                SPI1_IRQHandler
                0x08000d80                TIM6_DAC_IRQHandler
                0x08000d80                DCMI_IRQHandler
                0x08000d80                HRTIM1_TIMC_IRQHandler
                0x08000d80                DMA2_Stream3_IRQHandler
                0x08000d80                SAI2_IRQHandler
                0x08000d80                DFSDM1_FLT3_IRQHandler
                0x08000d80                USART6_IRQHandler
                0x08000d80                TIM17_IRQHandler
                0x08000d80                USART3_IRQHandler
                0x08000d80                BDMA_Channel7_IRQHandler
                0x08000d80                LPTIM5_IRQHandler
                0x08000d80                UART5_IRQHandler
                0x08000d80                ADC3_IRQHandler
                0x08000d80                DMA2_Stream0_IRQHandler
                0x08000d80                TIM4_IRQHandler
                0x08000d80                BDMA_Channel2_IRQHandler
                0x08000d80                QUADSPI_IRQHandler
                0x08000d80                I2C1_EV_IRQHandler
                0x08000d80                DMA1_Stream6_IRQHandler
                0x08000d80                DMAMUX1_OVR_IRQHandler
                0x08000d80                DMA1_Stream1_IRQHandler
                0x08000d80                TIM16_IRQHandler
                0x08000d80                UART4_IRQHandler
                0x08000d80                BDMA_Channel5_IRQHandler
                0x08000d80                TIM3_IRQHandler
                0x08000d80                RCC_IRQHandler
                0x08000d80                TIM8_BRK_TIM12_IRQHandler
                0x08000d80                TIM1_TRG_COM_IRQHandler
                0x08000d80                Default_Handler
                0x08000d80                ECC_IRQHandler
                0x08000d80                CEC_IRQHandler
                0x08000d80                EXTI15_10_IRQHandler
                0x08000d80                BDMA_Channel0_IRQHandler
                0x08000d80                ADC_IRQHandler
                0x08000d80                DMA1_Stream7_IRQHandler
                0x08000d80                HRTIM1_TIMA_IRQHandler
                0x08000d80                SPI5_IRQHandler
                0x08000d80                TIM7_IRQHandler
                0x08000d80                TIM5_IRQHandler
                0x08000d80                DMA2_Stream7_IRQHandler
                0x08000d80                TIM15_IRQHandler
                0x08000d80                PVD_AVD_IRQHandler
                0x08000d80                I2C3_EV_IRQHandler
                0x08000d80                EXTI9_5_IRQHandler
                0x08000d80                RTC_WKUP_IRQHandler
                0x08000d80                LTDC_IRQHandler
                0x08000d80                SAI3_IRQHandler
                0x08000d80                ETH_WKUP_IRQHandler
                0x08000d80                SPDIF_RX_IRQHandler
                0x08000d80                SPI2_IRQHandler
                0x08000d80                OTG_HS_EP1_IN_IRQHandler
                0x08000d80                DMA1_Stream0_IRQHandler
                0x08000d80                CRS_IRQHandler
                0x08000d80                EXTI4_IRQHandler
                0x08000d80                RNG_IRQHandler
                0x08000d80                HRTIM1_TIMB_IRQHandler
                0x08000d80                FDCAN2_IT1_IRQHandler
                0x08000d80                ETH_IRQHandler
                0x08000d80                TIM1_UP_IRQHandler
                0x08000d80                BDMA_Channel4_IRQHandler
                0x08000d80                OTG_HS_EP1_OUT_IRQHandler
                0x08000d80                WWDG_IRQHandler
                0x08000d80                SPI6_IRQHandler
                0x08000d80                MDIOS_IRQHandler
                0x08000d80                I2C4_EV_IRQHandler
                0x08000d80                FDCAN2_IT0_IRQHandler
                0x08000d80                LPUART1_IRQHandler
                0x08000d80                FDCAN1_IT0_IRQHandler
                0x08000d80                TIM2_IRQHandler
                0x08000d80                OTG_FS_WKUP_IRQHandler
                0x08000d80                OTG_HS_IRQHandler
                0x08000d80                DMA2D_IRQHandler
                0x08000d80                TIM1_BRK_IRQHandler
                0x08000d80                EXTI1_IRQHandler
                0x08000d80                SDMMC2_IRQHandler
                0x08000d80                OTG_FS_EP1_OUT_IRQHandler
                0x08000d80                BDMA_Channel3_IRQHandler
                0x08000d80                UART7_IRQHandler
                0x08000d80                MDIOS_WKUP_IRQHandler
                0x08000d80                USART2_IRQHandler
                0x08000d80                DFSDM1_FLT0_IRQHandler
                0x08000d80                SAI4_IRQHandler
                0x08000d80                I2C2_ER_IRQHandler
                0x08000d80                DMA2_Stream1_IRQHandler
                0x08000d80                FLASH_IRQHandler
                0x08000d80                DMA2_Stream4_IRQHandler
                0x08000d80                USART1_IRQHandler
                0x08000d80                OTG_FS_IRQHandler
                0x08000d80                SPI3_IRQHandler
                0x08000d80                WAKEUP_PIN_IRQHandler
                0x08000d80                DMA1_Stream4_IRQHandler
                0x08000d80                OTG_FS_EP1_IN_IRQHandler
                0x08000d80                I2C1_ER_IRQHandler
                0x08000d80                FMC_IRQHandler
                0x08000d80                FDCAN_CAL_IRQHandler
                0x08000d80                SWPMI1_IRQHandler
                0x08000d80                COMP1_IRQHandler
                0x08000d80                LPTIM1_IRQHandler
                0x08000d80                I2C4_ER_IRQHandler
                0x08000d80                DMA2_Stream6_IRQHandler
                0x08000d80                SAI1_IRQHandler
                0x08000d80                DMA1_Stream3_IRQHandler
 *fill*         0x08000d82        0x2 
 .text.SystemInit
                0x08000d84      0x140 ./Drivers/CMSIS/system_stm32h7xx.o
                0x08000d84                SystemInit
 .text.ExitRun0Mode
                0x08000ec4       0x30 ./Drivers/CMSIS/system_stm32h7xx.o
                0x08000ec4                ExitRun0Mode
 .text.HAL_Init
                0x08000ef4       0x78 ./Drivers/STM32H7xx_HAL_Driver/stm32h7xx_hal.o
                0x08000ef4                HAL_Init
 .text.HAL_InitTick
                0x08000f6c       0x6c ./Drivers/STM32H7xx_HAL_Driver/stm32h7xx_hal.o
                0x08000f6c                HAL_InitTick
 .text.HAL_IncTick
                0x08000fd8       0x28 ./Drivers/STM32H7xx_HAL_Driver/stm32h7xx_hal.o
                0x08000fd8                HAL_IncTick
 .text.HAL_GetTick
                0x08001000       0x18 ./Drivers/STM32H7xx_HAL_Driver/stm32h7xx_hal.o
                0x08001000                HAL_GetTick
 .text.HAL_Delay
                0x08001018       0x48 ./Drivers/STM32H7xx_HAL_Driver/stm32h7xx_hal.o
                0x08001018                HAL_Delay
 .text.HAL_GetREVID
                0x08001060       0x18 ./Drivers/STM32H7xx_HAL_Driver/stm32h7xx_hal.o
                0x08001060                HAL_GetREVID
 .text.HAL_SYSCFG_AnalogSwitchConfig
                0x08001078       0x2c ./Drivers/STM32H7xx_HAL_Driver/stm32h7xx_hal.o
                0x08001078                HAL_SYSCFG_AnalogSwitchConfig
 .text.__NVIC_SetPriorityGrouping
                0x080010a4       0x48 ./Drivers/STM32H7xx_HAL_Driver/stm32h7xx_hal_cortex.o
 .text.__NVIC_GetPriorityGrouping
                0x080010ec       0x1c ./Drivers/STM32H7xx_HAL_Driver/stm32h7xx_hal_cortex.o
 .text.__NVIC_EnableIRQ
                0x08001108       0x3c ./Drivers/STM32H7xx_HAL_Driver/stm32h7xx_hal_cortex.o
 .text.__NVIC_SetPriority
                0x08001144       0x54 ./Drivers/STM32H7xx_HAL_Driver/stm32h7xx_hal_cortex.o
 .text.NVIC_EncodePriority
                0x08001198       0x66 ./Drivers/STM32H7xx_HAL_Driver/stm32h7xx_hal_cortex.o
 *fill*         0x080011fe        0x2 
 .text.SysTick_Config
                0x08001200       0x44 ./Drivers/STM32H7xx_HAL_Driver/stm32h7xx_hal_cortex.o
 .text.HAL_NVIC_SetPriorityGrouping
                0x08001244       0x16 ./Drivers/STM32H7xx_HAL_Driver/stm32h7xx_hal_cortex.o
                0x08001244                HAL_NVIC_SetPriorityGrouping
 .text.HAL_NVIC_SetPriority
                0x0800125a       0x34 ./Drivers/STM32H7xx_HAL_Driver/stm32h7xx_hal_cortex.o
                0x0800125a                HAL_NVIC_SetPriority
 .text.HAL_NVIC_EnableIRQ
                0x0800128e       0x1c ./Drivers/STM32H7xx_HAL_Driver/stm32h7xx_hal_cortex.o
                0x0800128e                HAL_NVIC_EnableIRQ
 .text.HAL_SYSTICK_Config
                0x080012aa       0x18 ./Drivers/STM32H7xx_HAL_Driver/stm32h7xx_hal_cortex.o
                0x080012aa                HAL_SYSTICK_Config
 *fill*         0x080012c2        0x2 
 .text.HAL_MPU_Disable
                0x080012c4       0x30 ./Drivers/STM32H7xx_HAL_Driver/stm32h7xx_hal_cortex.o
                0x080012c4                HAL_MPU_Disable
 .text.HAL_MPU_Enable
                0x080012f4       0x40 ./Drivers/STM32H7xx_HAL_Driver/stm32h7xx_hal_cortex.o
                0x080012f4                HAL_MPU_Enable
 .text.HAL_MPU_ConfigRegion
                0x08001334       0x80 ./Drivers/STM32H7xx_HAL_Driver/stm32h7xx_hal_cortex.o
                0x08001334                HAL_MPU_ConfigRegion
 .text.HAL_GPIO_Init
                0x080013b4      0x360 ./Drivers/STM32H7xx_HAL_Driver/stm32h7xx_hal_gpio.o
                0x080013b4                HAL_GPIO_Init
 .text.HAL_GPIO_WritePin
                0x08001714       0x32 ./Drivers/STM32H7xx_HAL_Driver/stm32h7xx_hal_gpio.o
                0x08001714                HAL_GPIO_WritePin
 *fill*         0x08001746        0x2 
 .text.HAL_PWREx_ConfigSupply
                0x08001748       0x74 ./Drivers/STM32H7xx_HAL_Driver/stm32h7xx_hal_pwr_ex.o
                0x08001748                HAL_PWREx_ConfigSupply
 .text.HAL_RCC_OscConfig
                0x080017bc      0x8b4 ./Drivers/STM32H7xx_HAL_Driver/stm32h7xx_hal_rcc.o
                0x080017bc                HAL_RCC_OscConfig
 .text.HAL_RCC_ClockConfig
                0x08002070      0x36c ./Drivers/STM32H7xx_HAL_Driver/stm32h7xx_hal_rcc.o
                0x08002070                HAL_RCC_ClockConfig
 .text.HAL_RCC_GetSysClockFreq
                0x080023dc      0x2f4 ./Drivers/STM32H7xx_HAL_Driver/stm32h7xx_hal_rcc.o
                0x080023dc                HAL_RCC_GetSysClockFreq
 .text.HAL_RCC_GetHCLKFreq
                0x080026d0       0x60 ./Drivers/STM32H7xx_HAL_Driver/stm32h7xx_hal_rcc.o
                0x080026d0                HAL_RCC_GetHCLKFreq
 .text.HAL_RCC_GetPCLK1Freq
                0x08002730       0x2c ./Drivers/STM32H7xx_HAL_Driver/stm32h7xx_hal_rcc.o
                0x08002730                HAL_RCC_GetPCLK1Freq
 .text.HAL_RCCEx_PeriphCLKConfig
                0x0800275c     0x1414 ./Drivers/STM32H7xx_HAL_Driver/stm32h7xx_hal_rcc_ex.o
                0x0800275c                HAL_RCCEx_PeriphCLKConfig
 .text.HAL_RCCEx_GetPeriphCLKFreq
                0x08003b70      0xb00 ./Drivers/STM32H7xx_HAL_Driver/stm32h7xx_hal_rcc_ex.o
                0x08003b70                HAL_RCCEx_GetPeriphCLKFreq
 .text.HAL_RCCEx_GetD3PCLK1Freq
                0x08004670       0x2c ./Drivers/STM32H7xx_HAL_Driver/stm32h7xx_hal_rcc_ex.o
                0x08004670                HAL_RCCEx_GetD3PCLK1Freq
 .text.HAL_RCCEx_GetPLL2ClockFreq
                0x0800469c      0x2a8 ./Drivers/STM32H7xx_HAL_Driver/stm32h7xx_hal_rcc_ex.o
                0x0800469c                HAL_RCCEx_GetPLL2ClockFreq
 .text.HAL_RCCEx_GetPLL3ClockFreq
                0x08004944      0x2a8 ./Drivers/STM32H7xx_HAL_Driver/stm32h7xx_hal_rcc_ex.o
                0x08004944                HAL_RCCEx_GetPLL3ClockFreq
 .text.HAL_RCCEx_GetPLL1ClockFreq
                0x08004bec      0x2a4 ./Drivers/STM32H7xx_HAL_Driver/stm32h7xx_hal_rcc_ex.o
                0x08004bec                HAL_RCCEx_GetPLL1ClockFreq
 .text.RCCEx_PLL2_Config
                0x08004e90      0x164 ./Drivers/STM32H7xx_HAL_Driver/stm32h7xx_hal_rcc_ex.o
 .text.RCCEx_PLL3_Config
                0x08004ff4      0x164 ./Drivers/STM32H7xx_HAL_Driver/stm32h7xx_hal_rcc_ex.o
 .text.HAL_SD_Init
                0x08005158      0x106 ./Drivers/STM32H7xx_HAL_Driver/stm32h7xx_hal_sd.o
                0x08005158                HAL_SD_Init
 *fill*         0x0800525e        0x2 
 .text.HAL_SD_InitCard
                0x08005260      0x138 ./Drivers/STM32H7xx_HAL_Driver/stm32h7xx_hal_sd.o
                0x08005260                HAL_SD_InitCard
 .text.HAL_SD_ReadBlocks_DMA
                0x08005398      0x150 ./Drivers/STM32H7xx_HAL_Driver/stm32h7xx_hal_sd.o
                0x08005398                HAL_SD_ReadBlocks_DMA
 .text.HAL_SD_WriteBlocks_DMA
                0x080054e8      0x150 ./Drivers/STM32H7xx_HAL_Driver/stm32h7xx_hal_sd.o
                0x080054e8                HAL_SD_WriteBlocks_DMA
 .text.HAL_SD_IRQHandler
                0x08005638      0x370 ./Drivers/STM32H7xx_HAL_Driver/stm32h7xx_hal_sd.o
                0x08005638                HAL_SD_IRQHandler
 .text.HAL_SD_ErrorCallback
                0x080059a8       0x14 ./Drivers/STM32H7xx_HAL_Driver/stm32h7xx_hal_sd.o
                0x080059a8                HAL_SD_ErrorCallback
 .text.HAL_SD_GetCardCSD
                0x080059bc      0x348 ./Drivers/STM32H7xx_HAL_Driver/stm32h7xx_hal_sd.o
                0x080059bc                HAL_SD_GetCardCSD
 .text.HAL_SD_GetCardStatus
                0x08005d04      0x17c ./Drivers/STM32H7xx_HAL_Driver/stm32h7xx_hal_sd.o
                0x08005d04                HAL_SD_GetCardStatus
 .text.HAL_SD_GetCardInfo
                0x08005e80       0x58 ./Drivers/STM32H7xx_HAL_Driver/stm32h7xx_hal_sd.o
                0x08005e80                HAL_SD_GetCardInfo
 .text.HAL_SD_ConfigWideBusOperation
                0x08005ed8      0x224 ./Drivers/STM32H7xx_HAL_Driver/stm32h7xx_hal_sd.o
                0x08005ed8                HAL_SD_ConfigWideBusOperation
 .text.HAL_SD_GetCardState
                0x080060fc       0x40 ./Drivers/STM32H7xx_HAL_Driver/stm32h7xx_hal_sd.o
                0x080060fc                HAL_SD_GetCardState
 .text.SD_InitCard
                0x0800613c      0x19c ./Drivers/STM32H7xx_HAL_Driver/stm32h7xx_hal_sd.o
 .text.SD_PowerON
                0x080062d8      0x11c ./Drivers/STM32H7xx_HAL_Driver/stm32h7xx_hal_sd.o
 .text.SD_SendSDStatus
                0x080063f4      0x1a0 ./Drivers/STM32H7xx_HAL_Driver/stm32h7xx_hal_sd.o
 .text.SD_SendStatus
                0x08006594       0x50 ./Drivers/STM32H7xx_HAL_Driver/stm32h7xx_hal_sd.o
 .text.SD_WideBus_Enable
                0x080065e4       0x96 ./Drivers/STM32H7xx_HAL_Driver/stm32h7xx_hal_sd.o
 .text.SD_WideBus_Disable
                0x0800667a       0x96 ./Drivers/STM32H7xx_HAL_Driver/stm32h7xx_hal_sd.o
 .text.SD_FindSCR
                0x08006710      0x1a0 ./Drivers/STM32H7xx_HAL_Driver/stm32h7xx_hal_sd.o
 .text.SD_Read_IT
                0x080068b0       0x8c ./Drivers/STM32H7xx_HAL_Driver/stm32h7xx_hal_sd.o
 .text.SD_Write_IT
                0x0800693c       0x94 ./Drivers/STM32H7xx_HAL_Driver/stm32h7xx_hal_sd.o
 .text.HAL_SDEx_Read_DMADoubleBuf0CpltCallback
                0x080069d0       0x14 ./Drivers/STM32H7xx_HAL_Driver/stm32h7xx_hal_sd.o
                0x080069d0                HAL_SDEx_Read_DMADoubleBuf0CpltCallback
 .text.HAL_SDEx_Read_DMADoubleBuf1CpltCallback
                0x080069e4       0x14 ./Drivers/STM32H7xx_HAL_Driver/stm32h7xx_hal_sd.o
                0x080069e4                HAL_SDEx_Read_DMADoubleBuf1CpltCallback
 .text.HAL_SDEx_Write_DMADoubleBuf0CpltCallback
                0x080069f8       0x14 ./Drivers/STM32H7xx_HAL_Driver/stm32h7xx_hal_sd.o
                0x080069f8                HAL_SDEx_Write_DMADoubleBuf0CpltCallback
 .text.HAL_SDEx_Write_DMADoubleBuf1CpltCallback
                0x08006a0c       0x14 ./Drivers/STM32H7xx_HAL_Driver/stm32h7xx_hal_sd.o
                0x08006a0c                HAL_SDEx_Write_DMADoubleBuf1CpltCallback
 .text.SDMMC_Init
                0x08006a20       0x54 ./Drivers/STM32H7xx_HAL_Driver/stm32h7xx_ll_sdmmc.o
                0x08006a20                SDMMC_Init
 .text.SDMMC_ReadFIFO
                0x08006a74       0x1a ./Drivers/STM32H7xx_HAL_Driver/stm32h7xx_ll_sdmmc.o
                0x08006a74                SDMMC_ReadFIFO
 .text.SDMMC_WriteFIFO
                0x08006a8e       0x22 ./Drivers/STM32H7xx_HAL_Driver/stm32h7xx_ll_sdmmc.o
                0x08006a8e                SDMMC_WriteFIFO
 .text.SDMMC_PowerState_ON
                0x08006ab0       0x22 ./Drivers/STM32H7xx_HAL_Driver/stm32h7xx_ll_sdmmc.o
                0x08006ab0                SDMMC_PowerState_ON
 .text.SDMMC_GetPowerState
                0x08006ad2       0x1c ./Drivers/STM32H7xx_HAL_Driver/stm32h7xx_ll_sdmmc.o
                0x08006ad2                SDMMC_GetPowerState
 *fill*         0x08006aee        0x2 
 .text.SDMMC_SendCommand
                0x08006af0       0x54 ./Drivers/STM32H7xx_HAL_Driver/stm32h7xx_ll_sdmmc.o
                0x08006af0                SDMMC_SendCommand
 .text.SDMMC_GetCommandResponse
                0x08006b44       0x1a ./Drivers/STM32H7xx_HAL_Driver/stm32h7xx_ll_sdmmc.o
                0x08006b44                SDMMC_GetCommandResponse
 .text.SDMMC_GetResponse
                0x08006b5e       0x26 ./Drivers/STM32H7xx_HAL_Driver/stm32h7xx_ll_sdmmc.o
                0x08006b5e                SDMMC_GetResponse
 .text.SDMMC_ConfigData
                0x08006b84       0x58 ./Drivers/STM32H7xx_HAL_Driver/stm32h7xx_ll_sdmmc.o
                0x08006b84                SDMMC_ConfigData
 .text.SDMMC_CmdBlockLength
                0x08006bdc       0x46 ./Drivers/STM32H7xx_HAL_Driver/stm32h7xx_ll_sdmmc.o
                0x08006bdc                SDMMC_CmdBlockLength
 .text.SDMMC_CmdReadSingleBlock
                0x08006c22       0x46 ./Drivers/STM32H7xx_HAL_Driver/stm32h7xx_ll_sdmmc.o
                0x08006c22                SDMMC_CmdReadSingleBlock
 .text.SDMMC_CmdReadMultiBlock
                0x08006c68       0x46 ./Drivers/STM32H7xx_HAL_Driver/stm32h7xx_ll_sdmmc.o
                0x08006c68                SDMMC_CmdReadMultiBlock
 .text.SDMMC_CmdWriteSingleBlock
                0x08006cae       0x46 ./Drivers/STM32H7xx_HAL_Driver/stm32h7xx_ll_sdmmc.o
                0x08006cae                SDMMC_CmdWriteSingleBlock
 .text.SDMMC_CmdWriteMultiBlock
                0x08006cf4       0x46 ./Drivers/STM32H7xx_HAL_Driver/stm32h7xx_ll_sdmmc.o
                0x08006cf4                SDMMC_CmdWriteMultiBlock
 *fill*         0x08006d3a        0x2 
 .text.SDMMC_CmdStopTransfer
                0x08006d3c       0x78 ./Drivers/STM32H7xx_HAL_Driver/stm32h7xx_ll_sdmmc.o
                0x08006d3c                SDMMC_CmdStopTransfer
 .text.SDMMC_CmdSelDesel
                0x08006db4       0x46 ./Drivers/STM32H7xx_HAL_Driver/stm32h7xx_ll_sdmmc.o
                0x08006db4                SDMMC_CmdSelDesel
 .text.SDMMC_CmdGoIdleState
                0x08006dfa       0x3c ./Drivers/STM32H7xx_HAL_Driver/stm32h7xx_ll_sdmmc.o
                0x08006dfa                SDMMC_CmdGoIdleState
 .text.SDMMC_CmdOperCond
                0x08006e36       0x40 ./Drivers/STM32H7xx_HAL_Driver/stm32h7xx_ll_sdmmc.o
                0x08006e36                SDMMC_CmdOperCond
 .text.SDMMC_CmdAppCommand
                0x08006e76       0x46 ./Drivers/STM32H7xx_HAL_Driver/stm32h7xx_ll_sdmmc.o
                0x08006e76                SDMMC_CmdAppCommand
 .text.SDMMC_CmdAppOperCommand
                0x08006ebc       0x40 ./Drivers/STM32H7xx_HAL_Driver/stm32h7xx_ll_sdmmc.o
                0x08006ebc                SDMMC_CmdAppOperCommand
 .text.SDMMC_CmdBusWidth
                0x08006efc       0x46 ./Drivers/STM32H7xx_HAL_Driver/stm32h7xx_ll_sdmmc.o
                0x08006efc                SDMMC_CmdBusWidth
 .text.SDMMC_CmdSendSCR
                0x08006f42       0x44 ./Drivers/STM32H7xx_HAL_Driver/stm32h7xx_ll_sdmmc.o
                0x08006f42                SDMMC_CmdSendSCR
 .text.SDMMC_CmdSendCID
                0x08006f86       0x3e ./Drivers/STM32H7xx_HAL_Driver/stm32h7xx_ll_sdmmc.o
                0x08006f86                SDMMC_CmdSendCID
 .text.SDMMC_CmdSendCSD
                0x08006fc4       0x40 ./Drivers/STM32H7xx_HAL_Driver/stm32h7xx_ll_sdmmc.o
                0x08006fc4                SDMMC_CmdSendCSD
 .text.SDMMC_CmdSetRelAdd
                0x08007004       0x44 ./Drivers/STM32H7xx_HAL_Driver/stm32h7xx_ll_sdmmc.o
                0x08007004                SDMMC_CmdSetRelAdd
 .text.SDMMC_CmdSendStatus
                0x08007048       0x46 ./Drivers/STM32H7xx_HAL_Driver/stm32h7xx_ll_sdmmc.o
                0x08007048                SDMMC_CmdSendStatus
 .text.SDMMC_CmdStatusRegister
                0x0800708e       0x44 ./Drivers/STM32H7xx_HAL_Driver/stm32h7xx_ll_sdmmc.o
                0x0800708e                SDMMC_CmdStatusRegister
 *fill*         0x080070d2        0x2 
 .text.SDMMC_GetCmdResp1
                0x080070d4      0x1e4 ./Drivers/STM32H7xx_HAL_Driver/stm32h7xx_ll_sdmmc.o
                0x080070d4                SDMMC_GetCmdResp1
 .text.SDMMC_GetCmdResp2
                0x080072b8       0x94 ./Drivers/STM32H7xx_HAL_Driver/stm32h7xx_ll_sdmmc.o
                0x080072b8                SDMMC_GetCmdResp2
 .text.SDMMC_GetCmdResp3
                0x0800734c       0x80 ./Drivers/STM32H7xx_HAL_Driver/stm32h7xx_ll_sdmmc.o
                0x0800734c                SDMMC_GetCmdResp3
 .text.SDMMC_GetCmdResp6
                0x080073cc       0xf0 ./Drivers/STM32H7xx_HAL_Driver/stm32h7xx_ll_sdmmc.o
                0x080073cc                SDMMC_GetCmdResp6
 .text.SDMMC_GetCmdResp7
                0x080074bc       0x9c ./Drivers/STM32H7xx_HAL_Driver/stm32h7xx_ll_sdmmc.o
                0x080074bc                SDMMC_GetCmdResp7
 .text.SDMMC_GetCmdError
                0x08007558       0x5c ./Drivers/STM32H7xx_HAL_Driver/stm32h7xx_ll_sdmmc.o
 .text.disk_status
                0x080075b4       0x34 ./Middlewares/FatFs/diskio.o
                0x080075b4                disk_status
 .text.disk_initialize
                0x080075e8       0x50 ./Middlewares/FatFs/diskio.o
                0x080075e8                disk_initialize
 .text.disk_read
                0x08007638       0x40 ./Middlewares/FatFs/diskio.o
                0x08007638                disk_read
 .text.disk_write
                0x08007678       0x40 ./Middlewares/FatFs/diskio.o
                0x08007678                disk_write
 .text.disk_ioctl
                0x080076b8       0x3c ./Middlewares/FatFs/diskio.o
                0x080076b8                disk_ioctl
 .text.ld_word  0x080076f4       0x30 ./Middlewares/FatFs/ff.o
 .text.ld_dword
                0x08007724       0x46 ./Middlewares/FatFs/ff.o
 .text.st_word  0x0800776a       0x36 ./Middlewares/FatFs/ff.o
 .text.st_dword
                0x080077a0       0x58 ./Middlewares/FatFs/ff.o
 .text.mem_cpy  0x080077f8       0x42 ./Middlewares/FatFs/ff.o
 .text.mem_set  0x0800783a       0x36 ./Middlewares/FatFs/ff.o
 .text.mem_cmp  0x08007870       0x4e ./Middlewares/FatFs/ff.o
 .text.chk_chr  0x080078be       0x36 ./Middlewares/FatFs/ff.o
 .text.chk_lock
                0x080078f4       0xb8 ./Middlewares/FatFs/ff.o
 .text.enq_lock
                0x080079ac       0x44 ./Middlewares/FatFs/ff.o
 .text.inc_lock
                0x080079f0      0x11c ./Middlewares/FatFs/ff.o
 .text.dec_lock
                0x08007b0c       0x78 ./Middlewares/FatFs/ff.o
 .text.clear_lock
                0x08007b84       0x48 ./Middlewares/FatFs/ff.o
 .text.sync_window
                0x08007bcc       0x88 ./Middlewares/FatFs/ff.o
 .text.move_window
                0x08007c54       0x5a ./Middlewares/FatFs/ff.o
 *fill*         0x08007cae        0x2 
 .text.sync_fs  0x08007cb0       0xdc ./Middlewares/FatFs/ff.o
 .text.clust2sect
                0x08007d8c       0x3e ./Middlewares/FatFs/ff.o
 .text.get_fat  0x08007dca      0x14e ./Middlewares/FatFs/ff.o
 .text.put_fat  0x08007f18      0x1d4 ./Middlewares/FatFs/ff.o
 .text.remove_chain
                0x080080ec       0xca ./Middlewares/FatFs/ff.o
 .text.create_chain
                0x080081b6      0x130 ./Middlewares/FatFs/ff.o
 .text.clmt_clust
                0x080082e6       0x68 ./Middlewares/FatFs/ff.o
 .text.dir_sdi  0x0800834e       0xf6 ./Middlewares/FatFs/ff.o
 .text.dir_next
                0x08008444      0x18a ./Middlewares/FatFs/ff.o
 .text.dir_alloc
                0x080085ce       0x8e ./Middlewares/FatFs/ff.o
 .text.ld_clust
                0x0800865c       0x3e ./Middlewares/FatFs/ff.o
 .text.st_clust
                0x0800869a       0x40 ./Middlewares/FatFs/ff.o
 .text.dir_find
                0x080086da       0xaa ./Middlewares/FatFs/ff.o
 .text.dir_register
                0x08008784       0x64 ./Middlewares/FatFs/ff.o
 .text.create_name
                0x080087e8      0x128 ./Middlewares/FatFs/ff.o
 .text.follow_path
                0x08008910       0xe2 ./Middlewares/FatFs/ff.o
 .text.get_ldnumber
                0x080089f2       0x88 ./Middlewares/FatFs/ff.o
 *fill*         0x08008a7a        0x2 
 .text.check_fs
                0x08008a7c       0xac ./Middlewares/FatFs/ff.o
 .text.find_volume
                0x08008b28      0x498 ./Middlewares/FatFs/ff.o
 .text.validate
                0x08008fc0       0x6a ./Middlewares/FatFs/ff.o
 *fill*         0x0800902a        0x2 
 .text.f_mount  0x0800902c       0x8c ./Middlewares/FatFs/ff.o
                0x0800902c                f_mount
 .text.f_open   0x080090b8      0x374 ./Middlewares/FatFs/ff.o
                0x080090b8                f_open
 .text.f_write  0x0800942c      0x2ea ./Middlewares/FatFs/ff.o
                0x0800942c                f_write
 .text.f_sync   0x08009716       0xfc ./Middlewares/FatFs/ff.o
                0x08009716                f_sync
 .text.f_close  0x08009812       0x54 ./Middlewares/FatFs/ff.o
                0x08009812                f_close
 *fill*         0x08009866        0x2 
 .text.FATFS_LinkDriverEx
                0x08009868       0x98 ./Middlewares/FatFs/ff_gen_drv.o
                0x08009868                FATFS_LinkDriverEx
 .text.FATFS_LinkDriver
                0x08009900       0x1e ./Middlewares/FatFs/ff_gen_drv.o
                0x08009900                FATFS_LinkDriver
 .text.memset   0x0800991e       0x10 C:/ST/STM32CubeIDE_1.17.0/STM32CubeIDE/plugins/com.st.stm32cube.ide.mcu.externaltools.gnu-tools-for-stm32.12.3.rel1.win32_1.1.0.202410251130/tools/bin/../lib/gcc/arm-none-eabi/12.3.1/../../../../arm-none-eabi/lib/thumb/v7e-m+dp/hard\libc_nano.a(libc_a-memset.o)
                0x0800991e                memset
 *fill*         0x0800992e        0x2 
 .text.__libc_init_array
                0x08009930       0x48 C:/ST/STM32CubeIDE_1.17.0/STM32CubeIDE/plugins/com.st.stm32cube.ide.mcu.externaltools.gnu-tools-for-stm32.12.3.rel1.win32_1.1.0.202410251130/tools/bin/../lib/gcc/arm-none-eabi/12.3.1/../../../../arm-none-eabi/lib/thumb/v7e-m+dp/hard\libc_nano.a(libc_a-init.o)
                0x08009930                __libc_init_array
 *(.glue_7)
 .glue_7        0x08009978        0x0 linker stubs
 *(.glue_7t)
 .glue_7t       0x08009978        0x0 linker stubs
 *(.eh_frame)
 .eh_frame      0x08009978        0x0 C:/ST/STM32CubeIDE_1.17.0/STM32CubeIDE/plugins/com.st.stm32cube.ide.mcu.externaltools.gnu-tools-for-stm32.12.3.rel1.win32_1.1.0.202410251130/tools/bin/../lib/gcc/arm-none-eabi/12.3.1/thumb/v7e-m+dp/hard/crtbegin.o
 *(.init)
 .init          0x08009978        0x4 C:/ST/STM32CubeIDE_1.17.0/STM32CubeIDE/plugins/com.st.stm32cube.ide.mcu.externaltools.gnu-tools-for-stm32.12.3.rel1.win32_1.1.0.202410251130/tools/bin/../lib/gcc/arm-none-eabi/12.3.1/thumb/v7e-m+dp/hard/crti.o
                0x08009978                _init
 .init          0x0800997c        0x8 C:/ST/STM32CubeIDE_1.17.0/STM32CubeIDE/plugins/com.st.stm32cube.ide.mcu.externaltools.gnu-tools-for-stm32.12.3.rel1.win32_1.1.0.202410251130/tools/bin/../lib/gcc/arm-none-eabi/12.3.1/thumb/v7e-m+dp/hard/crtn.o
 *(.fini)
 .fini          0x08009984        0x4 C:/ST/STM32CubeIDE_1.17.0/STM32CubeIDE/plugins/com.st.stm32cube.ide.mcu.externaltools.gnu-tools-for-stm32.12.3.rel1.win32_1.1.0.202410251130/tools/bin/../lib/gcc/arm-none-eabi/12.3.1/thumb/v7e-m+dp/hard/crti.o
                0x08009984                _fini
 .fini          0x08009988        0x8 C:/ST/STM32CubeIDE_1.17.0/STM32CubeIDE/plugins/com.st.stm32cube.ide.mcu.externaltools.gnu-tools-for-stm32.12.3.rel1.win32_1.1.0.202410251130/tools/bin/../lib/gcc/arm-none-eabi/12.3.1/thumb/v7e-m+dp/hard/crtn.o
                0x08009990                        . = ALIGN (0x4)
                0x08009990                        _etext = .

.vfp11_veneer   0x08009990        0x0
 .vfp11_veneer  0x08009990        0x0 linker stubs

.v4_bx          0x08009990        0x0
 .v4_bx         0x08009990        0x0 linker stubs

.iplt           0x08009990        0x0
 .iplt          0x08009990        0x0 C:/ST/STM32CubeIDE_1.17.0/STM32CubeIDE/plugins/com.st.stm32cube.ide.mcu.externaltools.gnu-tools-for-stm32.12.3.rel1.win32_1.1.0.202410251130/tools/bin/../lib/gcc/arm-none-eabi/12.3.1/thumb/v7e-m+dp/hard/crtbegin.o

.rodata         0x08009990      0x110
                0x08009990                        . = ALIGN (0x4)
 *(.rodata)
 .rodata        0x08009990       0x25 ./Application/User/Core/main.o
 *fill*         0x080099b5        0x3 
 .rodata        0x080099b8       0x44 ./Middlewares/FatFs/ff.o
 *(.rodata*)
 .rodata.SD_Driver
                0x080099fc       0x14 ./Application/User/FATFS/Target/sd_diskio.o
                0x080099fc                SD_Driver
 .rodata.D1CorePrescTable
                0x08009a10       0x10 ./Drivers/CMSIS/system_stm32h7xx.o
                0x08009a10                D1CorePrescTable
 .rodata.ExCvt  0x08009a20       0x80 ./Middlewares/FatFs/ff.o
                0x08009aa0                        . = ALIGN (0x4)

.ARM.extab
 *(.ARM.extab* .gnu.linkonce.armextab.*)

.ARM            0x08009aa0        0x8
                0x08009aa0                        __exidx_start = .
 *(.ARM.exidx*)
 .ARM.exidx     0x08009aa0        0x8 C:/ST/STM32CubeIDE_1.17.0/STM32CubeIDE/plugins/com.st.stm32cube.ide.mcu.externaltools.gnu-tools-for-stm32.12.3.rel1.win32_1.1.0.202410251130/tools/bin/../lib/gcc/arm-none-eabi/12.3.1/../../../../arm-none-eabi/lib/thumb/v7e-m+dp/hard\libc_nano.a(libc_a-strlen.o)
                0x08009aa8                        __exidx_end = .

.preinit_array  0x08009aa8        0x0
                0x08009aa8                        PROVIDE (__preinit_array_start = .)
 *(.preinit_array*)
                0x08009aa8                        PROVIDE (__preinit_array_end = .)

.init_array     0x08009aa8        0x4
                0x08009aa8                        PROVIDE (__init_array_start = .)
 *(SORT_BY_NAME(.init_array.*))
 *(.init_array*)
 .init_array    0x08009aa8        0x4 C:/ST/STM32CubeIDE_1.17.0/STM32CubeIDE/plugins/com.st.stm32cube.ide.mcu.externaltools.gnu-tools-for-stm32.12.3.rel1.win32_1.1.0.202410251130/tools/bin/../lib/gcc/arm-none-eabi/12.3.1/thumb/v7e-m+dp/hard/crtbegin.o
                0x08009aac                        PROVIDE (__init_array_end = .)

.fini_array     0x08009aac        0x4
                [!provide]                        PROVIDE (__fini_array_start = .)
 *(SORT_BY_NAME(.fini_array.*))
 *(.fini_array*)
 .fini_array    0x08009aac        0x4 C:/ST/STM32CubeIDE_1.17.0/STM32CubeIDE/plugins/com.st.stm32cube.ide.mcu.externaltools.gnu-tools-for-stm32.12.3.rel1.win32_1.1.0.202410251130/tools/bin/../lib/gcc/arm-none-eabi/12.3.1/thumb/v7e-m+dp/hard/crtbegin.o
                [!provide]                        PROVIDE (__fini_array_end = .)
                0x08009ab0                        _sidata = LOADADDR (.data)

.rel.dyn        0x08009ab0        0x0
 .rel.iplt      0x08009ab0        0x0 C:/ST/STM32CubeIDE_1.17.0/STM32CubeIDE/plugins/com.st.stm32cube.ide.mcu.externaltools.gnu-tools-for-stm32.12.3.rel1.win32_1.1.0.202410251130/tools/bin/../lib/gcc/arm-none-eabi/12.3.1/thumb/v7e-m+dp/hard/crtbegin.o

.data           0x24000000       0x14 load address 0x08009ab0
                0x24000000                        . = ALIGN (0x4)
                0x24000000                        _sdata = .
 *(.data)
 *(.data*)
 .data.Stat     0x24000000        0x1 ./Application/User/FATFS/Target/sd_diskio.o
 *fill*         0x24000001        0x3 
 .data.SystemCoreClock
                0x24000004        0x4 ./Drivers/CMSIS/system_stm32h7xx.o
                0x24000004                SystemCoreClock
 .data.SystemD2Clock
                0x24000008        0x4 ./Drivers/CMSIS/system_stm32h7xx.o
                0x24000008                SystemD2Clock
 .data.uwTickPrio
                0x2400000c        0x4 ./Drivers/STM32H7xx_HAL_Driver/stm32h7xx_hal.o
                0x2400000c                uwTickPrio
 .data.uwTickFreq
                0x24000010        0x1 ./Drivers/STM32H7xx_HAL_Driver/stm32h7xx_hal.o
                0x24000010                uwTickFreq
 *(.RamFunc)
 *(.RamFunc*)
                0x24000014                        . = ALIGN (0x4)
 *fill*         0x24000011        0x3 
                0x24000014                        _edata = .

.igot.plt       0x24000014        0x0 load address 0x08009ac4
 .igot.plt      0x24000014        0x0 C:/ST/STM32CubeIDE_1.17.0/STM32CubeIDE/plugins/com.st.stm32cube.ide.mcu.externaltools.gnu-tools-for-stm32.12.3.rel1.win32_1.1.0.202410251130/tools/bin/../lib/gcc/arm-none-eabi/12.3.1/thumb/v7e-m+dp/hard/crtbegin.o
                0x24000014                        . = ALIGN (0x4)

.bss            0x24000014      0x540 load address 0x08009ac4
                0x24000014                        _sbss = .
                0x24000014                        __bss_start__ = _sbss
 *(.bss)
 .bss           0x24000014       0x1c C:/ST/STM32CubeIDE_1.17.0/STM32CubeIDE/plugins/com.st.stm32cube.ide.mcu.externaltools.gnu-tools-for-stm32.12.3.rel1.win32_1.1.0.202410251130/tools/bin/../lib/gcc/arm-none-eabi/12.3.1/thumb/v7e-m+dp/hard/crtbegin.o
 *(.bss*)
 .bss.hsd1      0x24000030       0x7c ./Application/User/Core/main.o
                0x24000030                hsd1
 .bss.retSD     0x240000ac        0x1 ./Application/User/FATFS/App/fatfs.o
                0x240000ac                retSD
 *fill*         0x240000ad        0x3 
 .bss.SDPath    0x240000b0        0x4 ./Application/User/FATFS/App/fatfs.o
                0x240000b0                SDPath
 .bss.SDFatFS   0x240000b4      0x230 ./Application/User/FATFS/App/fatfs.o
                0x240000b4                SDFatFS
 .bss.SDFile    0x240002e4      0x230 ./Application/User/FATFS/App/fatfs.o
                0x240002e4                SDFile
 .bss.WriteStatus
                0x24000514        0x4 ./Application/User/FATFS/Target/sd_diskio.o
 .bss.ReadStatus
                0x24000518        0x4 ./Application/User/FATFS/Target/sd_diskio.o
 .bss.uwTick    0x2400051c        0x4 ./Drivers/STM32H7xx_HAL_Driver/stm32h7xx_hal.o
                0x2400051c                uwTick
 .bss.FatFs     0x24000520        0x4 ./Middlewares/FatFs/ff.o
 .bss.Fsid      0x24000524        0x2 ./Middlewares/FatFs/ff.o
 *fill*         0x24000526        0x2 
 .bss.Files     0x24000528       0x20 ./Middlewares/FatFs/ff.o
 .bss.disk      0x24000548        0xc ./Middlewares/FatFs/ff_gen_drv.o
                0x24000548                disk
 *(COMMON)
                0x24000554                        . = ALIGN (0x4)
                0x24000554                        _ebss = .
                0x24000554                        __bss_end__ = _ebss

._user_heap_stack
                0x24000554      0xc04 load address 0x08009ac4
                0x24000558                        . = ALIGN (0x8)
 *fill*         0x24000554        0x4 
                [!provide]                        PROVIDE (end = .)
                0x24000558                        PROVIDE (_end = .)
                0x24000958                        . = (. + _Min_Heap_Size)
 *fill*         0x24000558      0x400 
                0x24001158                        . = (. + _Min_Stack_Size)
 *fill*         0x24000958      0x800 
                0x24001158                        . = ALIGN (0x8)

/DISCARD/
 libc.a(*)
 libm.a(*)
 libgcc.a(*)

.ARM.attributes
                0x00000000       0x2e
 *(.ARM.attributes)
 .ARM.attributes
                0x00000000       0x20 C:/ST/STM32CubeIDE_1.17.0/STM32CubeIDE/plugins/com.st.stm32cube.ide.mcu.externaltools.gnu-tools-for-stm32.12.3.rel1.win32_1.1.0.202410251130/tools/bin/../lib/gcc/arm-none-eabi/12.3.1/thumb/v7e-m+dp/hard/crti.o
 .ARM.attributes
                0x00000020       0x32 C:/ST/STM32CubeIDE_1.17.0/STM32CubeIDE/plugins/com.st.stm32cube.ide.mcu.externaltools.gnu-tools-for-stm32.12.3.rel1.win32_1.1.0.202410251130/tools/bin/../lib/gcc/arm-none-eabi/12.3.1/thumb/v7e-m+dp/hard/crtbegin.o
 .ARM.attributes
                0x00000052       0x32 ./Application/User/Core/main.o
 .ARM.attributes
                0x00000084       0x32 ./Application/User/Core/stm32h7xx_hal_msp.o
 .ARM.attributes
                0x000000b6       0x32 ./Application/User/Core/stm32h7xx_it.o
 .ARM.attributes
                0x000000e8       0x32 ./Application/User/FATFS/App/fatfs.o
 .ARM.attributes
                0x0000011a       0x32 ./Application/User/FATFS/Target/bsp_driver_sd.o
 .ARM.attributes
                0x0000014c       0x32 ./Application/User/FATFS/Target/sd_diskio.o
 .ARM.attributes
                0x0000017e       0x21 ./Application/User/Startup/startup_stm32h743vitx.o
 .ARM.attributes
                0x0000019f       0x32 ./Drivers/CMSIS/system_stm32h7xx.o
 .ARM.attributes
                0x000001d1       0x32 ./Drivers/STM32H7xx_HAL_Driver/stm32h7xx_hal.o
 .ARM.attributes
                0x00000203       0x32 ./Drivers/STM32H7xx_HAL_Driver/stm32h7xx_hal_cortex.o
 .ARM.attributes
                0x00000235       0x32 ./Drivers/STM32H7xx_HAL_Driver/stm32h7xx_hal_gpio.o
 .ARM.attributes
                0x00000267       0x32 ./Drivers/STM32H7xx_HAL_Driver/stm32h7xx_hal_pwr_ex.o
 .ARM.attributes
                0x00000299       0x32 ./Drivers/STM32H7xx_HAL_Driver/stm32h7xx_hal_rcc.o
 .ARM.attributes
                0x000002cb       0x32 ./Drivers/STM32H7xx_HAL_Driver/stm32h7xx_hal_rcc_ex.o
 .ARM.attributes
                0x000002fd       0x32 ./Drivers/STM32H7xx_HAL_Driver/stm32h7xx_hal_sd.o
 .ARM.attributes
                0x0000032f       0x32 ./Drivers/STM32H7xx_HAL_Driver/stm32h7xx_ll_sdmmc.o
 .ARM.attributes
                0x00000361       0x32 ./Middlewares/FatFs/diskio.o
 .ARM.attributes
                0x00000393       0x32 ./Middlewares/FatFs/ff.o
 .ARM.attributes
                0x000003c5       0x32 ./Middlewares/FatFs/ff_gen_drv.o
 .ARM.attributes
                0x000003f7       0x32 C:/ST/STM32CubeIDE_1.17.0/STM32CubeIDE/plugins/com.st.stm32cube.ide.mcu.externaltools.gnu-tools-for-stm32.12.3.rel1.win32_1.1.0.202410251130/tools/bin/../lib/gcc/arm-none-eabi/12.3.1/../../../../arm-none-eabi/lib/thumb/v7e-m+dp/hard\libc_nano.a(libc_a-memset.o)
 .ARM.attributes
                0x00000429       0x32 C:/ST/STM32CubeIDE_1.17.0/STM32CubeIDE/plugins/com.st.stm32cube.ide.mcu.externaltools.gnu-tools-for-stm32.12.3.rel1.win32_1.1.0.202410251130/tools/bin/../lib/gcc/arm-none-eabi/12.3.1/../../../../arm-none-eabi/lib/thumb/v7e-m+dp/hard\libc_nano.a(libc_a-init.o)
 .ARM.attributes
                0x0000045b       0x17 C:/ST/STM32CubeIDE_1.17.0/STM32CubeIDE/plugins/com.st.stm32cube.ide.mcu.externaltools.gnu-tools-for-stm32.12.3.rel1.win32_1.1.0.202410251130/tools/bin/../lib/gcc/arm-none-eabi/12.3.1/../../../../arm-none-eabi/lib/thumb/v7e-m+dp/hard\libc_nano.a(libc_a-strlen.o)
 .ARM.attributes
                0x00000472       0x20 C:/ST/STM32CubeIDE_1.17.0/STM32CubeIDE/plugins/com.st.stm32cube.ide.mcu.externaltools.gnu-tools-for-stm32.12.3.rel1.win32_1.1.0.202410251130/tools/bin/../lib/gcc/arm-none-eabi/12.3.1/thumb/v7e-m+dp/hard/crtn.o
OUTPUT(SDCard.elf elf32-littlearm)
LOAD linker stubs
LOAD C:/ST/STM32CubeIDE_1.17.0/STM32CubeIDE/plugins/com.st.stm32cube.ide.mcu.externaltools.gnu-tools-for-stm32.12.3.rel1.win32_1.1.0.202410251130/tools/bin/../lib/gcc/arm-none-eabi/12.3.1/../../../../arm-none-eabi/lib/thumb/v7e-m+dp/hard\libc.a
LOAD C:/ST/STM32CubeIDE_1.17.0/STM32CubeIDE/plugins/com.st.stm32cube.ide.mcu.externaltools.gnu-tools-for-stm32.12.3.rel1.win32_1.1.0.202410251130/tools/bin/../lib/gcc/arm-none-eabi/12.3.1/../../../../arm-none-eabi/lib/thumb/v7e-m+dp/hard\libm.a
LOAD C:/ST/STM32CubeIDE_1.17.0/STM32CubeIDE/plugins/com.st.stm32cube.ide.mcu.externaltools.gnu-tools-for-stm32.12.3.rel1.win32_1.1.0.202410251130/tools/bin/../lib/gcc/arm-none-eabi/12.3.1/thumb/v7e-m+dp/hard\libgcc.a

.debug_info     0x00000000    0x109f2
 .debug_info    0x00000000     0x1696 ./Application/User/Core/main.o
 .debug_info    0x00001696     0x119b ./Application/User/Core/stm32h7xx_hal_msp.o
 .debug_info    0x00002831      0x547 ./Application/User/Core/stm32h7xx_it.o
 .debug_info    0x00002d78      0x4ff ./Application/User/FATFS/App/fatfs.o
 .debug_info    0x00003277      0x8dd ./Application/User/FATFS/Target/bsp_driver_sd.o
 .debug_info    0x00003b54      0x581 ./Application/User/FATFS/Target/sd_diskio.o
 .debug_info    0x000040d5       0x30 ./Application/User/Startup/startup_stm32h743vitx.o
 .debug_info    0x00004105      0xdb2 ./Drivers/CMSIS/system_stm32h7xx.o
 .debug_info    0x00004eb7     0x153b ./Drivers/STM32H7xx_HAL_Driver/stm32h7xx_hal.o
 .debug_info    0x000063f2     0x10b1 ./Drivers/STM32H7xx_HAL_Driver/stm32h7xx_hal_cortex.o
 .debug_info    0x000074a3      0xc5a ./Drivers/STM32H7xx_HAL_Driver/stm32h7xx_hal_gpio.o
 .debug_info    0x000080fd     0x1012 ./Drivers/STM32H7xx_HAL_Driver/stm32h7xx_hal_pwr_ex.o
 .debug_info    0x0000910f      0xe6a ./Drivers/STM32H7xx_HAL_Driver/stm32h7xx_hal_rcc.o
 .debug_info    0x00009f79     0x1225 ./Drivers/STM32H7xx_HAL_Driver/stm32h7xx_hal_rcc_ex.o
 .debug_info    0x0000b19e     0x1a93 ./Drivers/STM32H7xx_HAL_Driver/stm32h7xx_hal_sd.o
 .debug_info    0x0000cc31     0x142c ./Drivers/STM32H7xx_HAL_Driver/stm32h7xx_ll_sdmmc.o
 .debug_info    0x0000e05d      0x3ed ./Middlewares/FatFs/diskio.o
 .debug_info    0x0000e44a     0x2203 ./Middlewares/FatFs/ff.o
 .debug_info    0x0001064d      0x3a5 ./Middlewares/FatFs/ff_gen_drv.o

.debug_abbrev   0x00000000     0x27d1
 .debug_abbrev  0x00000000      0x32d ./Application/User/Core/main.o
 .debug_abbrev  0x0000032d      0x1eb ./Application/User/Core/stm32h7xx_hal_msp.o
 .debug_abbrev  0x00000518      0x185 ./Application/User/Core/stm32h7xx_it.o
 .debug_abbrev  0x0000069d      0x160 ./Application/User/FATFS/App/fatfs.o
 .debug_abbrev  0x000007fd      0x24b ./Application/User/FATFS/Target/bsp_driver_sd.o
 .debug_abbrev  0x00000a48      0x242 ./Application/User/FATFS/Target/sd_diskio.o
 .debug_abbrev  0x00000c8a       0x24 ./Application/User/Startup/startup_stm32h743vitx.o
 .debug_abbrev  0x00000cae      0x165 ./Drivers/CMSIS/system_stm32h7xx.o
 .debug_abbrev  0x00000e13      0x295 ./Drivers/STM32H7xx_HAL_Driver/stm32h7xx_hal.o
 .debug_abbrev  0x000010a8      0x339 ./Drivers/STM32H7xx_HAL_Driver/stm32h7xx_hal_cortex.o
 .debug_abbrev  0x000013e1      0x205 ./Drivers/STM32H7xx_HAL_Driver/stm32h7xx_hal_gpio.o
 .debug_abbrev  0x000015e6      0x2a7 ./Drivers/STM32H7xx_HAL_Driver/stm32h7xx_hal_pwr_ex.o
 .debug_abbrev  0x0000188d      0x2c8 ./Drivers/STM32H7xx_HAL_Driver/stm32h7xx_hal_rcc.o
 .debug_abbrev  0x00001b55      0x269 ./Drivers/STM32H7xx_HAL_Driver/stm32h7xx_hal_rcc_ex.o
 .debug_abbrev  0x00001dbe      0x26b ./Drivers/STM32H7xx_HAL_Driver/stm32h7xx_hal_sd.o
 .debug_abbrev  0x00002029      0x206 ./Drivers/STM32H7xx_HAL_Driver/stm32h7xx_ll_sdmmc.o
 .debug_abbrev  0x0000222f      0x181 ./Middlewares/FatFs/diskio.o
 .debug_abbrev  0x000023b0      0x282 ./Middlewares/FatFs/ff.o
 .debug_abbrev  0x00002632      0x19f ./Middlewares/FatFs/ff_gen_drv.o

.debug_aranges  0x00000000      0xe20
 .debug_aranges
                0x00000000       0x48 ./Application/User/Core/main.o
 .debug_aranges
                0x00000048       0x30 ./Application/User/Core/stm32h7xx_hal_msp.o
 .debug_aranges
                0x00000078       0x68 ./Application/User/Core/stm32h7xx_it.o
 .debug_aranges
                0x000000e0       0x28 ./Application/User/FATFS/App/fatfs.o
 .debug_aranges
                0x00000108       0x98 ./Application/User/FATFS/Target/bsp_driver_sd.o
 .debug_aranges
                0x000001a0       0x60 ./Application/User/FATFS/Target/sd_diskio.o
 .debug_aranges
                0x00000200       0x28 ./Application/User/Startup/startup_stm32h743vitx.o
 .debug_aranges
                0x00000228       0x30 ./Drivers/CMSIS/system_stm32h7xx.o
 .debug_aranges
                0x00000258      0x198 ./Drivers/STM32H7xx_HAL_Driver/stm32h7xx_hal.o
 .debug_aranges
                0x000003f0      0x130 ./Drivers/STM32H7xx_HAL_Driver/stm32h7xx_hal_cortex.o
 .debug_aranges
                0x00000520       0x58 ./Drivers/STM32H7xx_HAL_Driver/stm32h7xx_hal_gpio.o
 .debug_aranges
                0x00000578      0x158 ./Drivers/STM32H7xx_HAL_Driver/stm32h7xx_hal_pwr_ex.o
 .debug_aranges
                0x000006d0       0x88 ./Drivers/STM32H7xx_HAL_Driver/stm32h7xx_hal_rcc.o
 .debug_aranges
                0x00000758       0xf8 ./Drivers/STM32H7xx_HAL_Driver/stm32h7xx_hal_rcc_ex.o
 .debug_aranges
                0x00000850      0x170 ./Drivers/STM32H7xx_HAL_Driver/stm32h7xx_hal_sd.o
 .debug_aranges
                0x000009c0      0x1d0 ./Drivers/STM32H7xx_HAL_Driver/stm32h7xx_ll_sdmmc.o
 .debug_aranges
                0x00000b90       0x48 ./Middlewares/FatFs/diskio.o
 .debug_aranges
                0x00000bd8      0x208 ./Middlewares/FatFs/ff.o
 .debug_aranges
                0x00000de0       0x40 ./Middlewares/FatFs/ff_gen_drv.o

.debug_rnglists
                0x00000000      0xaa3
 .debug_rnglists
                0x00000000       0x34 ./Application/User/Core/main.o
 .debug_rnglists
                0x00000034       0x20 ./Application/User/Core/stm32h7xx_hal_msp.o
 .debug_rnglists
                0x00000054       0x49 ./Application/User/Core/stm32h7xx_it.o
 .debug_rnglists
                0x0000009d       0x19 ./Application/User/FATFS/App/fatfs.o
 .debug_rnglists
                0x000000b6       0x6d ./Application/User/FATFS/Target/bsp_driver_sd.o
 .debug_rnglists
                0x00000123       0x46 ./Application/User/FATFS/Target/sd_diskio.o
 .debug_rnglists
                0x00000169       0x19 ./Application/User/Startup/startup_stm32h743vitx.o
 .debug_rnglists
                0x00000182       0x21 ./Drivers/CMSIS/system_stm32h7xx.o
 .debug_rnglists
                0x000001a3      0x131 ./Drivers/STM32H7xx_HAL_Driver/stm32h7xx_hal.o
 .debug_rnglists
                0x000002d4       0xe0 ./Drivers/STM32H7xx_HAL_Driver/stm32h7xx_hal_cortex.o
 .debug_rnglists
                0x000003b4       0x3f ./Drivers/STM32H7xx_HAL_Driver/stm32h7xx_hal_gpio.o
 .debug_rnglists
                0x000003f3      0x103 ./Drivers/STM32H7xx_HAL_Driver/stm32h7xx_hal_pwr_ex.o
 .debug_rnglists
                0x000004f6       0x68 ./Drivers/STM32H7xx_HAL_Driver/stm32h7xx_hal_rcc.o
 .debug_rnglists
                0x0000055e       0xc0 ./Drivers/STM32H7xx_HAL_Driver/stm32h7xx_hal_rcc_ex.o
 .debug_rnglists
                0x0000061e      0x128 ./Drivers/STM32H7xx_HAL_Driver/stm32h7xx_hal_sd.o
 .debug_rnglists
                0x00000746      0x15e ./Drivers/STM32H7xx_HAL_Driver/stm32h7xx_ll_sdmmc.o
 .debug_rnglists
                0x000008a4       0x31 ./Middlewares/FatFs/diskio.o
 .debug_rnglists
                0x000008d5      0x1a2 ./Middlewares/FatFs/ff.o
 .debug_rnglists
                0x00000a77       0x2c ./Middlewares/FatFs/ff_gen_drv.o

.debug_macro    0x00000000    0x3793a
 .debug_macro   0x00000000      0x37c ./Application/User/Core/main.o
 .debug_macro   0x0000037c      0xad2 ./Application/User/Core/main.o
 .debug_macro   0x00000e4e      0x232 ./Application/User/Core/main.o
 .debug_macro   0x00001080       0x2e ./Application/User/Core/main.o
 .debug_macro   0x000010ae       0x3b ./Application/User/Core/main.o
 .debug_macro   0x000010e9       0x22 ./Application/User/Core/main.o
 .debug_macro   0x0000110b       0x8e ./Application/User/Core/main.o
 .debug_macro   0x00001199       0x51 ./Application/User/Core/main.o
 .debug_macro   0x000011ea      0x103 ./Application/User/Core/main.o
 .debug_macro   0x000012ed       0x6a ./Application/User/Core/main.o
 .debug_macro   0x00001357      0x1df ./Application/User/Core/main.o
 .debug_macro   0x00001536       0x1c ./Application/User/Core/main.o
 .debug_macro   0x00001552       0x22 ./Application/User/Core/main.o
 .debug_macro   0x00001574       0xfb ./Application/User/Core/main.o
 .debug_macro   0x0000166f     0x1305 ./Application/User/Core/main.o
 .debug_macro   0x00002974      0x11f ./Application/User/Core/main.o
 .debug_macro   0x00002a93       0x27 ./Application/User/Core/main.o
 .debug_macro   0x00002aba    0x25b9b ./Application/User/Core/main.o
 .debug_macro   0x00028655       0x6d ./Application/User/Core/main.o
 .debug_macro   0x000286c2     0x3d79 ./Application/User/Core/main.o
 .debug_macro   0x0002c43b      0x189 ./Application/User/Core/main.o
 .debug_macro   0x0002c5c4       0x61 ./Application/User/Core/main.o
 .debug_macro   0x0002c625       0x29 ./Application/User/Core/main.o
 .debug_macro   0x0002c64e       0x43 ./Application/User/Core/main.o
 .debug_macro   0x0002c691       0x34 ./Application/User/Core/main.o
 .debug_macro   0x0002c6c5       0x16 ./Application/User/Core/main.o
 .debug_macro   0x0002c6db       0x43 ./Application/User/Core/main.o
 .debug_macro   0x0002c71e       0x34 ./Application/User/Core/main.o
 .debug_macro   0x0002c752       0x10 ./Application/User/Core/main.o
 .debug_macro   0x0002c762       0x58 ./Application/User/Core/main.o
 .debug_macro   0x0002c7ba       0x8e ./Application/User/Core/main.o
 .debug_macro   0x0002c848       0x1c ./Application/User/Core/main.o
 .debug_macro   0x0002c864      0x177 ./Application/User/Core/main.o
 .debug_macro   0x0002c9db      0x369 ./Application/User/Core/main.o
 .debug_macro   0x0002cd44      0x19b ./Application/User/Core/main.o
 .debug_macro   0x0002cedf       0x5d ./Application/User/Core/main.o
 .debug_macro   0x0002cf3c     0x2382 ./Application/User/Core/main.o
 .debug_macro   0x0002f2be     0x102c ./Application/User/Core/main.o
 .debug_macro   0x000302ea      0x154 ./Application/User/Core/main.o
 .debug_macro   0x0003043e      0x114 ./Application/User/Core/main.o
 .debug_macro   0x00030552      0x3b6 ./Application/User/Core/main.o
 .debug_macro   0x00030908       0xac ./Application/User/Core/main.o
 .debug_macro   0x000309b4      0x72d ./Application/User/Core/main.o
 .debug_macro   0x000310e1      0x228 ./Application/User/Core/main.o
 .debug_macro   0x00031309       0x66 ./Application/User/Core/main.o
 .debug_macro   0x0003136f      0x3bb ./Application/User/Core/main.o
 .debug_macro   0x0003172a      0x3e4 ./Application/User/Core/main.o
 .debug_macro   0x00031b0e      0x275 ./Application/User/Core/main.o
 .debug_macro   0x00031d83      0x3ca ./Application/User/Core/main.o
 .debug_macro   0x0003214d      0x408 ./Application/User/Core/main.o
 .debug_macro   0x00032555       0x51 ./Application/User/Core/main.o
 .debug_macro   0x000325a6       0x4a ./Application/User/Core/main.o
 .debug_macro   0x000325f0      0x22c ./Application/User/Core/main.o
 .debug_macro   0x0003281c       0x67 ./Application/User/Core/main.o
 .debug_macro   0x00032883       0xa5 ./Application/User/Core/main.o
 .debug_macro   0x00032928      0x1c4 ./Application/User/Core/main.o
 .debug_macro   0x00032aec      0x25e ./Application/User/Core/main.o
 .debug_macro   0x00032d4a       0x35 ./Application/User/Core/main.o
 .debug_macro   0x00032d7f      0xa0c ./Application/User/Core/main.o
 .debug_macro   0x0003378b       0x16 ./Application/User/Core/main.o
 .debug_macro   0x000337a1      0x1ce ./Application/User/Core/main.o
 .debug_macro   0x0003396f      0x5ac ./Application/User/Core/main.o
 .debug_macro   0x00033f1b       0x46 ./Application/User/Core/main.o
 .debug_macro   0x00033f61       0xe5 ./Application/User/Core/main.o
 .debug_macro   0x00034046       0x16 ./Application/User/Core/main.o
 .debug_macro   0x0003405c       0x35 ./Application/User/Core/main.o
 .debug_macro   0x00034091       0x16 ./Application/User/Core/main.o
 .debug_macro   0x000340a7       0x29 ./Application/User/Core/main.o
 .debug_macro   0x000340d0       0x12 ./Application/User/Core/main.o
 .debug_macro   0x000340e2       0xe2 ./Application/User/Core/main.o
 .debug_macro   0x000341c4       0x8e ./Application/User/Core/main.o
 .debug_macro   0x00034252       0x16 ./Application/User/Core/main.o
 .debug_macro   0x00034268       0x20 ./Application/User/Core/main.o
 .debug_macro   0x00034288      0x2b6 ./Application/User/Core/stm32h7xx_hal_msp.o
 .debug_macro   0x0003453e      0x2c0 ./Application/User/Core/stm32h7xx_it.o
 .debug_macro   0x000347fe      0x34c ./Application/User/FATFS/App/fatfs.o
 .debug_macro   0x00034b4a      0x2bb ./Application/User/FATFS/Target/bsp_driver_sd.o
 .debug_macro   0x00034e05       0x40 ./Application/User/FATFS/Target/bsp_driver_sd.o
 .debug_macro   0x00034e45      0x383 ./Application/User/FATFS/Target/sd_diskio.o
 .debug_macro   0x000351c8       0x16 ./Application/User/FATFS/Target/sd_diskio.o
 .debug_macro   0x000351de       0x7c ./Application/User/FATFS/Target/sd_diskio.o
 .debug_macro   0x0003525a      0x2ac ./Drivers/CMSIS/system_stm32h7xx.o
 .debug_macro   0x00035506      0x2d6 ./Drivers/STM32H7xx_HAL_Driver/stm32h7xx_hal.o
 .debug_macro   0x000357dc      0x2ac ./Drivers/STM32H7xx_HAL_Driver/stm32h7xx_hal_cortex.o
 .debug_macro   0x00035a88      0x2b3 ./Drivers/STM32H7xx_HAL_Driver/stm32h7xx_hal_gpio.o
 .debug_macro   0x00035d3b      0x2e5 ./Drivers/STM32H7xx_HAL_Driver/stm32h7xx_hal_pwr_ex.o
 .debug_macro   0x00036020      0x2d0 ./Drivers/STM32H7xx_HAL_Driver/stm32h7xx_hal_rcc.o
 .debug_macro   0x000362f0      0x2ca ./Drivers/STM32H7xx_HAL_Driver/stm32h7xx_hal_rcc_ex.o
 .debug_macro   0x000365ba      0x2c9 ./Drivers/STM32H7xx_HAL_Driver/stm32h7xx_hal_sd.o
 .debug_macro   0x00036883      0x2ad ./Drivers/STM32H7xx_HAL_Driver/stm32h7xx_ll_sdmmc.o
 .debug_macro   0x00036b30      0x339 ./Middlewares/FatFs/diskio.o
 .debug_macro   0x00036e69      0x740 ./Middlewares/FatFs/ff.o
 .debug_macro   0x000375a9       0x58 ./Middlewares/FatFs/ff.o
 .debug_macro   0x00037601      0x339 ./Middlewares/FatFs/ff_gen_drv.o

.debug_line     0x00000000    0x139af
 .debug_line    0x00000000      0xb8e ./Application/User/Core/main.o
 .debug_line    0x00000b8e      0x99a ./Application/User/Core/stm32h7xx_hal_msp.o
 .debug_line    0x00001528      0x9ec ./Application/User/Core/stm32h7xx_it.o
 .debug_line    0x00001f14      0x9e8 ./Application/User/FATFS/App/fatfs.o
 .debug_line    0x000028fc      0xacf ./Application/User/FATFS/Target/bsp_driver_sd.o
 .debug_line    0x000033cb      0xc1c ./Application/User/FATFS/Target/sd_diskio.o
 .debug_line    0x00003fe7       0x7b ./Application/User/Startup/startup_stm32h743vitx.o
 .debug_line    0x00004062      0xb0e ./Drivers/CMSIS/system_stm32h7xx.o
 .debug_line    0x00004b70      0xec2 ./Drivers/STM32H7xx_HAL_Driver/stm32h7xx_hal.o
 .debug_line    0x00005a32      0xef1 ./Drivers/STM32H7xx_HAL_Driver/stm32h7xx_hal_cortex.o
 .debug_line    0x00006923      0xd9a ./Drivers/STM32H7xx_HAL_Driver/stm32h7xx_hal_gpio.o
 .debug_line    0x000076bd      0xfe5 ./Drivers/STM32H7xx_HAL_Driver/stm32h7xx_hal_pwr_ex.o
 .debug_line    0x000086a2     0x1492 ./Drivers/STM32H7xx_HAL_Driver/stm32h7xx_hal_rcc.o
 .debug_line    0x00009b34     0x1e2e ./Drivers/STM32H7xx_HAL_Driver/stm32h7xx_hal_rcc_ex.o
 .debug_line    0x0000b962     0x2282 ./Drivers/STM32H7xx_HAL_Driver/stm32h7xx_hal_sd.o
 .debug_line    0x0000dbe4     0x137e ./Drivers/STM32H7xx_HAL_Driver/stm32h7xx_ll_sdmmc.o
 .debug_line    0x0000ef62      0xa59 ./Middlewares/FatFs/diskio.o
 .debug_line    0x0000f9bb     0x3580 ./Middlewares/FatFs/ff.o
 .debug_line    0x00012f3b      0xa74 ./Middlewares/FatFs/ff_gen_drv.o

.debug_str      0x00000000   0x157ae4
 .debug_str     0x00000000   0x152d3e ./Application/User/Core/main.o
                             0x153274 (size before relaxing)
 .debug_str     0x00152d3e      0xb9c ./Application/User/Core/stm32h7xx_hal_msp.o
                             0x152e59 (size before relaxing)
 .debug_str     0x001538da      0x115 ./Application/User/Core/stm32h7xx_it.o
                             0x15202e (size before relaxing)
 .debug_str     0x001539ef       0x4f ./Application/User/FATFS/App/fatfs.o
                             0x1526cf (size before relaxing)
 .debug_str     0x00153a3e      0x253 ./Application/User/FATFS/Target/bsp_driver_sd.o
                             0x152355 (size before relaxing)
 .debug_str     0x00153c91      0x111 ./Application/User/FATFS/Target/sd_diskio.o
                             0x152802 (size before relaxing)
 .debug_str     0x00153da2       0x50 ./Application/User/Startup/startup_stm32h743vitx.o
                                 0x8e (size before relaxing)
 .debug_str     0x00153df2      0x379 ./Drivers/CMSIS/system_stm32h7xx.o
                             0x15222f (size before relaxing)
 .debug_str     0x0015416b      0x7e8 ./Drivers/STM32H7xx_HAL_Driver/stm32h7xx_hal.o
                             0x153106 (size before relaxing)
 .debug_str     0x00154953      0x2e1 ./Drivers/STM32H7xx_HAL_Driver/stm32h7xx_hal_cortex.o
                             0x152b41 (size before relaxing)
 .debug_str     0x00154c34      0x119 ./Drivers/STM32H7xx_HAL_Driver/stm32h7xx_hal_gpio.o
                             0x1521a7 (size before relaxing)
 .debug_str     0x00154d4d      0x66a ./Drivers/STM32H7xx_HAL_Driver/stm32h7xx_hal_pwr_ex.o
                             0x152668 (size before relaxing)
 .debug_str     0x001553b7      0x256 ./Drivers/STM32H7xx_HAL_Driver/stm32h7xx_hal_rcc.o
                             0x15258b (size before relaxing)
 .debug_str     0x0015560d      0x67d ./Drivers/STM32H7xx_HAL_Driver/stm32h7xx_hal_rcc_ex.o
                             0x152a6c (size before relaxing)
 .debug_str     0x00155c8a      0x950 ./Drivers/STM32H7xx_HAL_Driver/stm32h7xx_hal_sd.o
                             0x152b86 (size before relaxing)
 .debug_str     0x001565da      0x34c ./Drivers/STM32H7xx_HAL_Driver/stm32h7xx_ll_sdmmc.o
                             0x15240c (size before relaxing)
 .debug_str     0x00156926       0x7f ./Middlewares/FatFs/diskio.o
                             0x1525d6 (size before relaxing)
 .debug_str     0x001569a5     0x1086 ./Middlewares/FatFs/ff.o
                             0x15384d (size before relaxing)
 .debug_str     0x00157a2b       0xb9 ./Middlewares/FatFs/ff_gen_drv.o
                             0x15263b (size before relaxing)

.comment        0x00000000       0x43
 .comment       0x00000000       0x43 ./Application/User/Core/main.o
                                 0x44 (size before relaxing)
 .comment       0x00000043       0x44 ./Application/User/Core/stm32h7xx_hal_msp.o
 .comment       0x00000043       0x44 ./Application/User/Core/stm32h7xx_it.o
 .comment       0x00000043       0x44 ./Application/User/FATFS/App/fatfs.o
 .comment       0x00000043       0x44 ./Application/User/FATFS/Target/bsp_driver_sd.o
 .comment       0x00000043       0x44 ./Application/User/FATFS/Target/sd_diskio.o
 .comment       0x00000043       0x44 ./Drivers/CMSIS/system_stm32h7xx.o
 .comment       0x00000043       0x44 ./Drivers/STM32H7xx_HAL_Driver/stm32h7xx_hal.o
 .comment       0x00000043       0x44 ./Drivers/STM32H7xx_HAL_Driver/stm32h7xx_hal_cortex.o
 .comment       0x00000043       0x44 ./Drivers/STM32H7xx_HAL_Driver/stm32h7xx_hal_gpio.o
 .comment       0x00000043       0x44 ./Drivers/STM32H7xx_HAL_Driver/stm32h7xx_hal_pwr_ex.o
 .comment       0x00000043       0x44 ./Drivers/STM32H7xx_HAL_Driver/stm32h7xx_hal_rcc.o
 .comment       0x00000043       0x44 ./Drivers/STM32H7xx_HAL_Driver/stm32h7xx_hal_rcc_ex.o
 .comment       0x00000043       0x44 ./Drivers/STM32H7xx_HAL_Driver/stm32h7xx_hal_sd.o
 .comment       0x00000043       0x44 ./Drivers/STM32H7xx_HAL_Driver/stm32h7xx_ll_sdmmc.o
 .comment       0x00000043       0x44 ./Middlewares/FatFs/diskio.o
 .comment       0x00000043       0x44 ./Middlewares/FatFs/ff.o
 .comment       0x00000043       0x44 ./Middlewares/FatFs/ff_gen_drv.o

.debug_frame    0x00000000     0x3908
 .debug_frame   0x00000000       0xd4 ./Application/User/Core/main.o
 .debug_frame   0x000000d4       0x84 ./Application/User/Core/stm32h7xx_hal_msp.o
 .debug_frame   0x00000158      0x120 ./Application/User/Core/stm32h7xx_it.o
 .debug_frame   0x00000278       0x4c ./Application/User/FATFS/App/fatfs.o
 .debug_frame   0x000002c4      0x23c ./Application/User/FATFS/Target/bsp_driver_sd.o
 .debug_frame   0x00000500      0x14c ./Application/User/FATFS/Target/sd_diskio.o
 .debug_frame   0x0000064c       0x78 ./Drivers/CMSIS/system_stm32h7xx.o
 .debug_frame   0x000006c4      0x690 ./Drivers/STM32H7xx_HAL_Driver/stm32h7xx_hal.o
 .debug_frame   0x00000d54      0x508 ./Drivers/STM32H7xx_HAL_Driver/stm32h7xx_hal_cortex.o
 .debug_frame   0x0000125c      0x14c ./Drivers/STM32H7xx_HAL_Driver/stm32h7xx_hal_gpio.o
 .debug_frame   0x000013a8      0x580 ./Drivers/STM32H7xx_HAL_Driver/stm32h7xx_hal_pwr_ex.o
 .debug_frame   0x00001928      0x1f8 ./Drivers/STM32H7xx_HAL_Driver/stm32h7xx_hal_rcc.o
 .debug_frame   0x00001b20      0x414 ./Drivers/STM32H7xx_HAL_Driver/stm32h7xx_hal_rcc_ex.o
 .debug_frame   0x00001f34      0x670 ./Drivers/STM32H7xx_HAL_Driver/stm32h7xx_hal_sd.o
 .debug_frame   0x000025a4      0x818 ./Drivers/STM32H7xx_HAL_Driver/stm32h7xx_ll_sdmmc.o
 .debug_frame   0x00002dbc       0xec ./Middlewares/FatFs/diskio.o
 .debug_frame   0x00002ea8      0x94c ./Middlewares/FatFs/ff.o
 .debug_frame   0x000037f4       0xc8 ./Middlewares/FatFs/ff_gen_drv.o
 .debug_frame   0x000038bc       0x20 C:/ST/STM32CubeIDE_1.17.0/STM32CubeIDE/plugins/com.st.stm32cube.ide.mcu.externaltools.gnu-tools-for-stm32.12.3.rel1.win32_1.1.0.202410251130/tools/bin/../lib/gcc/arm-none-eabi/12.3.1/../../../../arm-none-eabi/lib/thumb/v7e-m+dp/hard\libc_nano.a(libc_a-memset.o)
 .debug_frame   0x000038dc       0x2c C:/ST/STM32CubeIDE_1.17.0/STM32CubeIDE/plugins/com.st.stm32cube.ide.mcu.externaltools.gnu-tools-for-stm32.12.3.rel1.win32_1.1.0.202410251130/tools/bin/../lib/gcc/arm-none-eabi/12.3.1/../../../../arm-none-eabi/lib/thumb/v7e-m+dp/hard\libc_nano.a(libc_a-init.o)

.debug_line_str
                0x00000000       0x72
 .debug_line_str
                0x00000000       0x72 ./Application/User/Startup/startup_stm32h743vitx.o
