23:31:31 **** Build of configuration Debug for project [Ver1]GraduationThesis ****
make -j4 all 
arm-none-eabi-gcc "../X-CUBE-AI/App/app_x-cube-ai.c" -mcpu=cortex-m7 -std=gnu11 -g3 -DDEBUG -DUSE_PWR_LDO_SUPPLY -DUSE_HAL_DRIVER -DSTM32H743xx -DARM_MATH_CM7 -D__FPU_PRESENT=1U -c -I"D:/Code/AI/EdgeAI/GT/[Ver1]GraduationThesis/Drivers/CMSIS/DSP/Include" -I"D:/Code/AI/EdgeAI/GT/[Ver1]GraduationThesis/Drivers/CMSIS/DSP/Lib" -I../FATFS/Target -I"D:/Code/AI/EdgeAI/GT/[Ver1]GraduationThesis/Drivers/CMSIS/STM32_AI_AudioPreprocessing_Library/Inc" -I../FATFS/App -I../X-CUBE-AI/App -I../X-CUBE-AI -I../Core/Inc -I../Middlewares/ST/AI/Inc -I../Drivers/STM32H7xx_HAL_Driver/Inc -I../Drivers/STM32H7xx_HAL_Driver/Inc/Legacy -I../Middlewares/Third_Party/FatFs/src -I../Drivers/CMSIS/Device/ST/STM32H7xx/Include -I../Drivers/CMSIS/Include -include"D:/Code/AI/EdgeAI/GT/[Ver1]GraduationThesis/Drivers/CMSIS/STM32_AI_AudioPreprocessing_Library/Inc/feature_extraction.h" -include"D:/Code/AI/EdgeAI/GT/[Ver1]GraduationThesis/Drivers/CMSIS/DSP/Include/arm_math.h" -O0 -ffunction-sections -fdata-sections -Wall -mcpu=cortex-m7 -mfpu=fpv5-d16 -mfloat-abi=hard -fstack-usage -fcyclomatic-complexity -MMD -MP -MF"X-CUBE-AI/App/app_x-cube-ai.d" -MT"X-CUBE-AI/App/app_x-cube-ai.o" --specs=nano.specs -mfpu=fpv5-d16 -mfloat-abi=hard -mthumb -o "X-CUBE-AI/App/app_x-cube-ai.o"
arm-none-eabi-gcc "../X-CUBE-AI/App/network.c" -mcpu=cortex-m7 -std=gnu11 -g3 -DDEBUG -DUSE_PWR_LDO_SUPPLY -DUSE_HAL_DRIVER -DSTM32H743xx -DARM_MATH_CM7 -D__FPU_PRESENT=1U -c -I"D:/Code/AI/EdgeAI/GT/[Ver1]GraduationThesis/Drivers/CMSIS/DSP/Include" -I"D:/Code/AI/EdgeAI/GT/[Ver1]GraduationThesis/Drivers/CMSIS/DSP/Lib" -I../FATFS/Target -I"D:/Code/AI/EdgeAI/GT/[Ver1]GraduationThesis/Drivers/CMSIS/STM32_AI_AudioPreprocessing_Library/Inc" -I../FATFS/App -I../X-CUBE-AI/App -I../X-CUBE-AI -I../Core/Inc -I../Middlewares/ST/AI/Inc -I../Drivers/STM32H7xx_HAL_Driver/Inc -I../Drivers/STM32H7xx_HAL_Driver/Inc/Legacy -I../Middlewares/Third_Party/FatFs/src -I../Drivers/CMSIS/Device/ST/STM32H7xx/Include -I../Drivers/CMSIS/Include -include"D:/Code/AI/EdgeAI/GT/[Ver1]GraduationThesis/Drivers/CMSIS/STM32_AI_AudioPreprocessing_Library/Inc/feature_extraction.h" -include"D:/Code/AI/EdgeAI/GT/[Ver1]GraduationThesis/Drivers/CMSIS/DSP/Include/arm_math.h" -O0 -ffunction-sections -fdata-sections -Wall -mcpu=cortex-m7 -mfpu=fpv5-d16 -mfloat-abi=hard -fstack-usage -fcyclomatic-complexity -MMD -MP -MF"X-CUBE-AI/App/network.d" -MT"X-CUBE-AI/App/network.o" --specs=nano.specs -mfpu=fpv5-d16 -mfloat-abi=hard -mthumb -o "X-CUBE-AI/App/network.o"
arm-none-eabi-gcc "../X-CUBE-AI/App/network_data.c" -mcpu=cortex-m7 -std=gnu11 -g3 -DDEBUG -DUSE_PWR_LDO_SUPPLY -DUSE_HAL_DRIVER -DSTM32H743xx -DARM_MATH_CM7 -D__FPU_PRESENT=1U -c -I"D:/Code/AI/EdgeAI/GT/[Ver1]GraduationThesis/Drivers/CMSIS/DSP/Include" -I"D:/Code/AI/EdgeAI/GT/[Ver1]GraduationThesis/Drivers/CMSIS/DSP/Lib" -I../FATFS/Target -I"D:/Code/AI/EdgeAI/GT/[Ver1]GraduationThesis/Drivers/CMSIS/STM32_AI_AudioPreprocessing_Library/Inc" -I../FATFS/App -I../X-CUBE-AI/App -I../X-CUBE-AI -I../Core/Inc -I../Middlewares/ST/AI/Inc -I../Drivers/STM32H7xx_HAL_Driver/Inc -I../Drivers/STM32H7xx_HAL_Driver/Inc/Legacy -I../Middlewares/Third_Party/FatFs/src -I../Drivers/CMSIS/Device/ST/STM32H7xx/Include -I../Drivers/CMSIS/Include -include"D:/Code/AI/EdgeAI/GT/[Ver1]GraduationThesis/Drivers/CMSIS/STM32_AI_AudioPreprocessing_Library/Inc/feature_extraction.h" -include"D:/Code/AI/EdgeAI/GT/[Ver1]GraduationThesis/Drivers/CMSIS/DSP/Include/arm_math.h" -O0 -ffunction-sections -fdata-sections -Wall -mcpu=cortex-m7 -mfpu=fpv5-d16 -mfloat-abi=hard -fstack-usage -fcyclomatic-complexity -MMD -MP -MF"X-CUBE-AI/App/network_data.d" -MT"X-CUBE-AI/App/network_data.o" --specs=nano.specs -mfpu=fpv5-d16 -mfloat-abi=hard -mthumb -o "X-CUBE-AI/App/network_data.o"
arm-none-eabi-gcc "../X-CUBE-AI/App/network_data_params.c" -mcpu=cortex-m7 -std=gnu11 -g3 -DDEBUG -DUSE_PWR_LDO_SUPPLY -DUSE_HAL_DRIVER -DSTM32H743xx -DARM_MATH_CM7 -D__FPU_PRESENT=1U -c -I"D:/Code/AI/EdgeAI/GT/[Ver1]GraduationThesis/Drivers/CMSIS/DSP/Include" -I"D:/Code/AI/EdgeAI/GT/[Ver1]GraduationThesis/Drivers/CMSIS/DSP/Lib" -I../FATFS/Target -I"D:/Code/AI/EdgeAI/GT/[Ver1]GraduationThesis/Drivers/CMSIS/STM32_AI_AudioPreprocessing_Library/Inc" -I../FATFS/App -I../X-CUBE-AI/App -I../X-CUBE-AI -I../Core/Inc -I../Middlewares/ST/AI/Inc -I../Drivers/STM32H7xx_HAL_Driver/Inc -I../Drivers/STM32H7xx_HAL_Driver/Inc/Legacy -I../Middlewares/Third_Party/FatFs/src -I../Drivers/CMSIS/Device/ST/STM32H7xx/Include -I../Drivers/CMSIS/Include -include"D:/Code/AI/EdgeAI/GT/[Ver1]GraduationThesis/Drivers/CMSIS/STM32_AI_AudioPreprocessing_Library/Inc/feature_extraction.h" -include"D:/Code/AI/EdgeAI/GT/[Ver1]GraduationThesis/Drivers/CMSIS/DSP/Include/arm_math.h" -O0 -ffunction-sections -fdata-sections -Wall -mcpu=cortex-m7 -mfpu=fpv5-d16 -mfloat-abi=hard -fstack-usage -fcyclomatic-complexity -MMD -MP -MF"X-CUBE-AI/App/network_data_params.d" -MT"X-CUBE-AI/App/network_data_params.o" --specs=nano.specs -mfpu=fpv5-d16 -mfloat-abi=hard -mthumb -o "X-CUBE-AI/App/network_data_params.o"
arm-none-eabi-gcc "../Middlewares/Third_Party/FatFs/src/option/syscall.c" -mcpu=cortex-m7 -std=gnu11 -g3 -DDEBUG -DUSE_PWR_LDO_SUPPLY -DUSE_HAL_DRIVER -DSTM32H743xx -DARM_MATH_CM7 -D__FPU_PRESENT=1U -c -I"D:/Code/AI/EdgeAI/GT/[Ver1]GraduationThesis/Drivers/CMSIS/DSP/Include" -I"D:/Code/AI/EdgeAI/GT/[Ver1]GraduationThesis/Drivers/CMSIS/DSP/Lib" -I../FATFS/Target -I"D:/Code/AI/EdgeAI/GT/[Ver1]GraduationThesis/Drivers/CMSIS/STM32_AI_AudioPreprocessing_Library/Inc" -I../FATFS/App -I../X-CUBE-AI/App -I../X-CUBE-AI -I../Core/Inc -I../Middlewares/ST/AI/Inc -I../Drivers/STM32H7xx_HAL_Driver/Inc -I../Drivers/STM32H7xx_HAL_Driver/Inc/Legacy -I../Middlewares/Third_Party/FatFs/src -I../Drivers/CMSIS/Device/ST/STM32H7xx/Include -I../Drivers/CMSIS/Include -include"D:/Code/AI/EdgeAI/GT/[Ver1]GraduationThesis/Drivers/CMSIS/STM32_AI_AudioPreprocessing_Library/Inc/feature_extraction.h" -include"D:/Code/AI/EdgeAI/GT/[Ver1]GraduationThesis/Drivers/CMSIS/DSP/Include/arm_math.h" -O0 -ffunction-sections -fdata-sections -Wall -mcpu=cortex-m7 -mfpu=fpv5-d16 -mfloat-abi=hard -fstack-usage -fcyclomatic-complexity -MMD -MP -MF"Middlewares/Third_Party/FatFs/src/option/syscall.d" -MT"Middlewares/Third_Party/FatFs/src/option/syscall.o" --specs=nano.specs -mfpu=fpv5-d16 -mfloat-abi=hard -mthumb -o "Middlewares/Third_Party/FatFs/src/option/syscall.o"
arm-none-eabi-gcc "../Middlewares/Third_Party/FatFs/src/diskio.c" -mcpu=cortex-m7 -std=gnu11 -g3 -DDEBUG -DUSE_PWR_LDO_SUPPLY -DUSE_HAL_DRIVER -DSTM32H743xx -DARM_MATH_CM7 -D__FPU_PRESENT=1U -c -I"D:/Code/AI/EdgeAI/GT/[Ver1]GraduationThesis/Drivers/CMSIS/DSP/Include" -I"D:/Code/AI/EdgeAI/GT/[Ver1]GraduationThesis/Drivers/CMSIS/DSP/Lib" -I../FATFS/Target -I"D:/Code/AI/EdgeAI/GT/[Ver1]GraduationThesis/Drivers/CMSIS/STM32_AI_AudioPreprocessing_Library/Inc" -I../FATFS/App -I../X-CUBE-AI/App -I../X-CUBE-AI -I../Core/Inc -I../Middlewares/ST/AI/Inc -I../Drivers/STM32H7xx_HAL_Driver/Inc -I../Drivers/STM32H7xx_HAL_Driver/Inc/Legacy -I../Middlewares/Third_Party/FatFs/src -I../Drivers/CMSIS/Device/ST/STM32H7xx/Include -I../Drivers/CMSIS/Include -include"D:/Code/AI/EdgeAI/GT/[Ver1]GraduationThesis/Drivers/CMSIS/STM32_AI_AudioPreprocessing_Library/Inc/feature_extraction.h" -include"D:/Code/AI/EdgeAI/GT/[Ver1]GraduationThesis/Drivers/CMSIS/DSP/Include/arm_math.h" -O0 -ffunction-sections -fdata-sections -Wall -mcpu=cortex-m7 -mfpu=fpv5-d16 -mfloat-abi=hard -fstack-usage -fcyclomatic-complexity -MMD -MP -MF"Middlewares/Third_Party/FatFs/src/diskio.d" -MT"Middlewares/Third_Party/FatFs/src/diskio.o" --specs=nano.specs -mfpu=fpv5-d16 -mfloat-abi=hard -mthumb -o "Middlewares/Third_Party/FatFs/src/diskio.o"
arm-none-eabi-gcc "../Middlewares/Third_Party/FatFs/src/ff.c" -mcpu=cortex-m7 -std=gnu11 -g3 -DDEBUG -DUSE_PWR_LDO_SUPPLY -DUSE_HAL_DRIVER -DSTM32H743xx -DARM_MATH_CM7 -D__FPU_PRESENT=1U -c -I"D:/Code/AI/EdgeAI/GT/[Ver1]GraduationThesis/Drivers/CMSIS/DSP/Include" -I"D:/Code/AI/EdgeAI/GT/[Ver1]GraduationThesis/Drivers/CMSIS/DSP/Lib" -I../FATFS/Target -I"D:/Code/AI/EdgeAI/GT/[Ver1]GraduationThesis/Drivers/CMSIS/STM32_AI_AudioPreprocessing_Library/Inc" -I../FATFS/App -I../X-CUBE-AI/App -I../X-CUBE-AI -I../Core/Inc -I../Middlewares/ST/AI/Inc -I../Drivers/STM32H7xx_HAL_Driver/Inc -I../Drivers/STM32H7xx_HAL_Driver/Inc/Legacy -I../Middlewares/Third_Party/FatFs/src -I../Drivers/CMSIS/Device/ST/STM32H7xx/Include -I../Drivers/CMSIS/Include -include"D:/Code/AI/EdgeAI/GT/[Ver1]GraduationThesis/Drivers/CMSIS/STM32_AI_AudioPreprocessing_Library/Inc/feature_extraction.h" -include"D:/Code/AI/EdgeAI/GT/[Ver1]GraduationThesis/Drivers/CMSIS/DSP/Include/arm_math.h" -O0 -ffunction-sections -fdata-sections -Wall -mcpu=cortex-m7 -mfpu=fpv5-d16 -mfloat-abi=hard -fstack-usage -fcyclomatic-complexity -MMD -MP -MF"Middlewares/Third_Party/FatFs/src/ff.d" -MT"Middlewares/Third_Party/FatFs/src/ff.o" --specs=nano.specs -mfpu=fpv5-d16 -mfloat-abi=hard -mthumb -o "Middlewares/Third_Party/FatFs/src/ff.o"
arm-none-eabi-gcc "../Middlewares/Third_Party/FatFs/src/ff_gen_drv.c" -mcpu=cortex-m7 -std=gnu11 -g3 -DDEBUG -DUSE_PWR_LDO_SUPPLY -DUSE_HAL_DRIVER -DSTM32H743xx -DARM_MATH_CM7 -D__FPU_PRESENT=1U -c -I"D:/Code/AI/EdgeAI/GT/[Ver1]GraduationThesis/Drivers/CMSIS/DSP/Include" -I"D:/Code/AI/EdgeAI/GT/[Ver1]GraduationThesis/Drivers/CMSIS/DSP/Lib" -I../FATFS/Target -I"D:/Code/AI/EdgeAI/GT/[Ver1]GraduationThesis/Drivers/CMSIS/STM32_AI_AudioPreprocessing_Library/Inc" -I../FATFS/App -I../X-CUBE-AI/App -I../X-CUBE-AI -I../Core/Inc -I../Middlewares/ST/AI/Inc -I../Drivers/STM32H7xx_HAL_Driver/Inc -I../Drivers/STM32H7xx_HAL_Driver/Inc/Legacy -I../Middlewares/Third_Party/FatFs/src -I../Drivers/CMSIS/Device/ST/STM32H7xx/Include -I../Drivers/CMSIS/Include -include"D:/Code/AI/EdgeAI/GT/[Ver1]GraduationThesis/Drivers/CMSIS/STM32_AI_AudioPreprocessing_Library/Inc/feature_extraction.h" -include"D:/Code/AI/EdgeAI/GT/[Ver1]GraduationThesis/Drivers/CMSIS/DSP/Include/arm_math.h" -O0 -ffunction-sections -fdata-sections -Wall -mcpu=cortex-m7 -mfpu=fpv5-d16 -mfloat-abi=hard -fstack-usage -fcyclomatic-complexity -MMD -MP -MF"Middlewares/Third_Party/FatFs/src/ff_gen_drv.d" -MT"Middlewares/Third_Party/FatFs/src/ff_gen_drv.o" --specs=nano.specs -mfpu=fpv5-d16 -mfloat-abi=hard -mthumb -o "Middlewares/Third_Party/FatFs/src/ff_gen_drv.o"
arm-none-eabi-gcc "../FATFS/Target/bsp_driver_sd.c" -mcpu=cortex-m7 -std=gnu11 -g3 -DDEBUG -DUSE_PWR_LDO_SUPPLY -DUSE_HAL_DRIVER -DSTM32H743xx -DARM_MATH_CM7 -D__FPU_PRESENT=1U -c -I"D:/Code/AI/EdgeAI/GT/[Ver1]GraduationThesis/Drivers/CMSIS/DSP/Include" -I"D:/Code/AI/EdgeAI/GT/[Ver1]GraduationThesis/Drivers/CMSIS/DSP/Lib" -I../FATFS/Target -I"D:/Code/AI/EdgeAI/GT/[Ver1]GraduationThesis/Drivers/CMSIS/STM32_AI_AudioPreprocessing_Library/Inc" -I../FATFS/App -I../X-CUBE-AI/App -I../X-CUBE-AI -I../Core/Inc -I../Middlewares/ST/AI/Inc -I../Drivers/STM32H7xx_HAL_Driver/Inc -I../Drivers/STM32H7xx_HAL_Driver/Inc/Legacy -I../Middlewares/Third_Party/FatFs/src -I../Drivers/CMSIS/Device/ST/STM32H7xx/Include -I../Drivers/CMSIS/Include -include"D:/Code/AI/EdgeAI/GT/[Ver1]GraduationThesis/Drivers/CMSIS/STM32_AI_AudioPreprocessing_Library/Inc/feature_extraction.h" -include"D:/Code/AI/EdgeAI/GT/[Ver1]GraduationThesis/Drivers/CMSIS/DSP/Include/arm_math.h" -O0 -ffunction-sections -fdata-sections -Wall -mcpu=cortex-m7 -mfpu=fpv5-d16 -mfloat-abi=hard -fstack-usage -fcyclomatic-complexity -MMD -MP -MF"FATFS/Target/bsp_driver_sd.d" -MT"FATFS/Target/bsp_driver_sd.o" --specs=nano.specs -mfpu=fpv5-d16 -mfloat-abi=hard -mthumb -o "FATFS/Target/bsp_driver_sd.o"
arm-none-eabi-gcc "../FATFS/Target/sd_diskio.c" -mcpu=cortex-m7 -std=gnu11 -g3 -DDEBUG -DUSE_PWR_LDO_SUPPLY -DUSE_HAL_DRIVER -DSTM32H743xx -DARM_MATH_CM7 -D__FPU_PRESENT=1U -c -I"D:/Code/AI/EdgeAI/GT/[Ver1]GraduationThesis/Drivers/CMSIS/DSP/Include" -I"D:/Code/AI/EdgeAI/GT/[Ver1]GraduationThesis/Drivers/CMSIS/DSP/Lib" -I../FATFS/Target -I"D:/Code/AI/EdgeAI/GT/[Ver1]GraduationThesis/Drivers/CMSIS/STM32_AI_AudioPreprocessing_Library/Inc" -I../FATFS/App -I../X-CUBE-AI/App -I../X-CUBE-AI -I../Core/Inc -I../Middlewares/ST/AI/Inc -I../Drivers/STM32H7xx_HAL_Driver/Inc -I../Drivers/STM32H7xx_HAL_Driver/Inc/Legacy -I../Middlewares/Third_Party/FatFs/src -I../Drivers/CMSIS/Device/ST/STM32H7xx/Include -I../Drivers/CMSIS/Include -include"D:/Code/AI/EdgeAI/GT/[Ver1]GraduationThesis/Drivers/CMSIS/STM32_AI_AudioPreprocessing_Library/Inc/feature_extraction.h" -include"D:/Code/AI/EdgeAI/GT/[Ver1]GraduationThesis/Drivers/CMSIS/DSP/Include/arm_math.h" -O0 -ffunction-sections -fdata-sections -Wall -mcpu=cortex-m7 -mfpu=fpv5-d16 -mfloat-abi=hard -fstack-usage -fcyclomatic-complexity -MMD -MP -MF"FATFS/Target/sd_diskio.d" -MT"FATFS/Target/sd_diskio.o" --specs=nano.specs -mfpu=fpv5-d16 -mfloat-abi=hard -mthumb -o "FATFS/Target/sd_diskio.o"
arm-none-eabi-gcc "../FATFS/App/fatfs.c" -mcpu=cortex-m7 -std=gnu11 -g3 -DDEBUG -DUSE_PWR_LDO_SUPPLY -DUSE_HAL_DRIVER -DSTM32H743xx -DARM_MATH_CM7 -D__FPU_PRESENT=1U -c -I"D:/Code/AI/EdgeAI/GT/[Ver1]GraduationThesis/Drivers/CMSIS/DSP/Include" -I"D:/Code/AI/EdgeAI/GT/[Ver1]GraduationThesis/Drivers/CMSIS/DSP/Lib" -I../FATFS/Target -I"D:/Code/AI/EdgeAI/GT/[Ver1]GraduationThesis/Drivers/CMSIS/STM32_AI_AudioPreprocessing_Library/Inc" -I../FATFS/App -I../X-CUBE-AI/App -I../X-CUBE-AI -I../Core/Inc -I../Middlewares/ST/AI/Inc -I../Drivers/STM32H7xx_HAL_Driver/Inc -I../Drivers/STM32H7xx_HAL_Driver/Inc/Legacy -I../Middlewares/Third_Party/FatFs/src -I../Drivers/CMSIS/Device/ST/STM32H7xx/Include -I../Drivers/CMSIS/Include -include"D:/Code/AI/EdgeAI/GT/[Ver1]GraduationThesis/Drivers/CMSIS/STM32_AI_AudioPreprocessing_Library/Inc/feature_extraction.h" -include"D:/Code/AI/EdgeAI/GT/[Ver1]GraduationThesis/Drivers/CMSIS/DSP/Include/arm_math.h" -O0 -ffunction-sections -fdata-sections -Wall -mcpu=cortex-m7 -mfpu=fpv5-d16 -mfloat-abi=hard -fstack-usage -fcyclomatic-complexity -MMD -MP -MF"FATFS/App/fatfs.d" -MT"FATFS/App/fatfs.o" --specs=nano.specs -mfpu=fpv5-d16 -mfloat-abi=hard -mthumb -o "FATFS/App/fatfs.o"
arm-none-eabi-gcc "../Drivers/STM32H7xx_HAL_Driver/Src/stm32h7xx_hal.c" -mcpu=cortex-m7 -std=gnu11 -g3 -DDEBUG -DUSE_PWR_LDO_SUPPLY -DUSE_HAL_DRIVER -DSTM32H743xx -DARM_MATH_CM7 -D__FPU_PRESENT=1U -c -I"D:/Code/AI/EdgeAI/GT/[Ver1]GraduationThesis/Drivers/CMSIS/DSP/Include" -I"D:/Code/AI/EdgeAI/GT/[Ver1]GraduationThesis/Drivers/CMSIS/DSP/Lib" -I../FATFS/Target -I"D:/Code/AI/EdgeAI/GT/[Ver1]GraduationThesis/Drivers/CMSIS/STM32_AI_AudioPreprocessing_Library/Inc" -I../FATFS/App -I../X-CUBE-AI/App -I../X-CUBE-AI -I../Core/Inc -I../Middlewares/ST/AI/Inc -I../Drivers/STM32H7xx_HAL_Driver/Inc -I../Drivers/STM32H7xx_HAL_Driver/Inc/Legacy -I../Middlewares/Third_Party/FatFs/src -I../Drivers/CMSIS/Device/ST/STM32H7xx/Include -I../Drivers/CMSIS/Include -include"D:/Code/AI/EdgeAI/GT/[Ver1]GraduationThesis/Drivers/CMSIS/STM32_AI_AudioPreprocessing_Library/Inc/feature_extraction.h" -include"D:/Code/AI/EdgeAI/GT/[Ver1]GraduationThesis/Drivers/CMSIS/DSP/Include/arm_math.h" -O0 -ffunction-sections -fdata-sections -Wall -mcpu=cortex-m7 -mfpu=fpv5-d16 -mfloat-abi=hard -fstack-usage -fcyclomatic-complexity -MMD -MP -MF"Drivers/STM32H7xx_HAL_Driver/Src/stm32h7xx_hal.d" -MT"Drivers/STM32H7xx_HAL_Driver/Src/stm32h7xx_hal.o" --specs=nano.specs -mfpu=fpv5-d16 -mfloat-abi=hard -mthumb -o "Drivers/STM32H7xx_HAL_Driver/Src/stm32h7xx_hal.o"
arm-none-eabi-gcc "../Drivers/STM32H7xx_HAL_Driver/Src/stm32h7xx_hal_cortex.c" -mcpu=cortex-m7 -std=gnu11 -g3 -DDEBUG -DUSE_PWR_LDO_SUPPLY -DUSE_HAL_DRIVER -DSTM32H743xx -DARM_MATH_CM7 -D__FPU_PRESENT=1U -c -I"D:/Code/AI/EdgeAI/GT/[Ver1]GraduationThesis/Drivers/CMSIS/DSP/Include" -I"D:/Code/AI/EdgeAI/GT/[Ver1]GraduationThesis/Drivers/CMSIS/DSP/Lib" -I../FATFS/Target -I"D:/Code/AI/EdgeAI/GT/[Ver1]GraduationThesis/Drivers/CMSIS/STM32_AI_AudioPreprocessing_Library/Inc" -I../FATFS/App -I../X-CUBE-AI/App -I../X-CUBE-AI -I../Core/Inc -I../Middlewares/ST/AI/Inc -I../Drivers/STM32H7xx_HAL_Driver/Inc -I../Drivers/STM32H7xx_HAL_Driver/Inc/Legacy -I../Middlewares/Third_Party/FatFs/src -I../Drivers/CMSIS/Device/ST/STM32H7xx/Include -I../Drivers/CMSIS/Include -include"D:/Code/AI/EdgeAI/GT/[Ver1]GraduationThesis/Drivers/CMSIS/STM32_AI_AudioPreprocessing_Library/Inc/feature_extraction.h" -include"D:/Code/AI/EdgeAI/GT/[Ver1]GraduationThesis/Drivers/CMSIS/DSP/Include/arm_math.h" -O0 -ffunction-sections -fdata-sections -Wall -mcpu=cortex-m7 -mfpu=fpv5-d16 -mfloat-abi=hard -fstack-usage -fcyclomatic-complexity -MMD -MP -MF"Drivers/STM32H7xx_HAL_Driver/Src/stm32h7xx_hal_cortex.d" -MT"Drivers/STM32H7xx_HAL_Driver/Src/stm32h7xx_hal_cortex.o" --specs=nano.specs -mfpu=fpv5-d16 -mfloat-abi=hard -mthumb -o "Drivers/STM32H7xx_HAL_Driver/Src/stm32h7xx_hal_cortex.o"
arm-none-eabi-gcc "../Drivers/STM32H7xx_HAL_Driver/Src/stm32h7xx_hal_dma.c" -mcpu=cortex-m7 -std=gnu11 -g3 -DDEBUG -DUSE_PWR_LDO_SUPPLY -DUSE_HAL_DRIVER -DSTM32H743xx -DARM_MATH_CM7 -D__FPU_PRESENT=1U -c -I"D:/Code/AI/EdgeAI/GT/[Ver1]GraduationThesis/Drivers/CMSIS/DSP/Include" -I"D:/Code/AI/EdgeAI/GT/[Ver1]GraduationThesis/Drivers/CMSIS/DSP/Lib" -I../FATFS/Target -I"D:/Code/AI/EdgeAI/GT/[Ver1]GraduationThesis/Drivers/CMSIS/STM32_AI_AudioPreprocessing_Library/Inc" -I../FATFS/App -I../X-CUBE-AI/App -I../X-CUBE-AI -I../Core/Inc -I../Middlewares/ST/AI/Inc -I../Drivers/STM32H7xx_HAL_Driver/Inc -I../Drivers/STM32H7xx_HAL_Driver/Inc/Legacy -I../Middlewares/Third_Party/FatFs/src -I../Drivers/CMSIS/Device/ST/STM32H7xx/Include -I../Drivers/CMSIS/Include -include"D:/Code/AI/EdgeAI/GT/[Ver1]GraduationThesis/Drivers/CMSIS/STM32_AI_AudioPreprocessing_Library/Inc/feature_extraction.h" -include"D:/Code/AI/EdgeAI/GT/[Ver1]GraduationThesis/Drivers/CMSIS/DSP/Include/arm_math.h" -O0 -ffunction-sections -fdata-sections -Wall -mcpu=cortex-m7 -mfpu=fpv5-d16 -mfloat-abi=hard -fstack-usage -fcyclomatic-complexity -MMD -MP -MF"Drivers/STM32H7xx_HAL_Driver/Src/stm32h7xx_hal_dma.d" -MT"Drivers/STM32H7xx_HAL_Driver/Src/stm32h7xx_hal_dma.o" --specs=nano.specs -mfpu=fpv5-d16 -mfloat-abi=hard -mthumb -o "Drivers/STM32H7xx_HAL_Driver/Src/stm32h7xx_hal_dma.o"
arm-none-eabi-gcc "../Drivers/STM32H7xx_HAL_Driver/Src/stm32h7xx_hal_dma_ex.c" -mcpu=cortex-m7 -std=gnu11 -g3 -DDEBUG -DUSE_PWR_LDO_SUPPLY -DUSE_HAL_DRIVER -DSTM32H743xx -DARM_MATH_CM7 -D__FPU_PRESENT=1U -c -I"D:/Code/AI/EdgeAI/GT/[Ver1]GraduationThesis/Drivers/CMSIS/DSP/Include" -I"D:/Code/AI/EdgeAI/GT/[Ver1]GraduationThesis/Drivers/CMSIS/DSP/Lib" -I../FATFS/Target -I"D:/Code/AI/EdgeAI/GT/[Ver1]GraduationThesis/Drivers/CMSIS/STM32_AI_AudioPreprocessing_Library/Inc" -I../FATFS/App -I../X-CUBE-AI/App -I../X-CUBE-AI -I../Core/Inc -I../Middlewares/ST/AI/Inc -I../Drivers/STM32H7xx_HAL_Driver/Inc -I../Drivers/STM32H7xx_HAL_Driver/Inc/Legacy -I../Middlewares/Third_Party/FatFs/src -I../Drivers/CMSIS/Device/ST/STM32H7xx/Include -I../Drivers/CMSIS/Include -include"D:/Code/AI/EdgeAI/GT/[Ver1]GraduationThesis/Drivers/CMSIS/STM32_AI_AudioPreprocessing_Library/Inc/feature_extraction.h" -include"D:/Code/AI/EdgeAI/GT/[Ver1]GraduationThesis/Drivers/CMSIS/DSP/Include/arm_math.h" -O0 -ffunction-sections -fdata-sections -Wall -mcpu=cortex-m7 -mfpu=fpv5-d16 -mfloat-abi=hard -fstack-usage -fcyclomatic-complexity -MMD -MP -MF"Drivers/STM32H7xx_HAL_Driver/Src/stm32h7xx_hal_dma_ex.d" -MT"Drivers/STM32H7xx_HAL_Driver/Src/stm32h7xx_hal_dma_ex.o" --specs=nano.specs -mfpu=fpv5-d16 -mfloat-abi=hard -mthumb -o "Drivers/STM32H7xx_HAL_Driver/Src/stm32h7xx_hal_dma_ex.o"
arm-none-eabi-gcc "../Drivers/STM32H7xx_HAL_Driver/Src/stm32h7xx_hal_exti.c" -mcpu=cortex-m7 -std=gnu11 -g3 -DDEBUG -DUSE_PWR_LDO_SUPPLY -DUSE_HAL_DRIVER -DSTM32H743xx -DARM_MATH_CM7 -D__FPU_PRESENT=1U -c -I"D:/Code/AI/EdgeAI/GT/[Ver1]GraduationThesis/Drivers/CMSIS/DSP/Include" -I"D:/Code/AI/EdgeAI/GT/[Ver1]GraduationThesis/Drivers/CMSIS/DSP/Lib" -I../FATFS/Target -I"D:/Code/AI/EdgeAI/GT/[Ver1]GraduationThesis/Drivers/CMSIS/STM32_AI_AudioPreprocessing_Library/Inc" -I../FATFS/App -I../X-CUBE-AI/App -I../X-CUBE-AI -I../Core/Inc -I../Middlewares/ST/AI/Inc -I../Drivers/STM32H7xx_HAL_Driver/Inc -I../Drivers/STM32H7xx_HAL_Driver/Inc/Legacy -I../Middlewares/Third_Party/FatFs/src -I../Drivers/CMSIS/Device/ST/STM32H7xx/Include -I../Drivers/CMSIS/Include -include"D:/Code/AI/EdgeAI/GT/[Ver1]GraduationThesis/Drivers/CMSIS/STM32_AI_AudioPreprocessing_Library/Inc/feature_extraction.h" -include"D:/Code/AI/EdgeAI/GT/[Ver1]GraduationThesis/Drivers/CMSIS/DSP/Include/arm_math.h" -O0 -ffunction-sections -fdata-sections -Wall -mcpu=cortex-m7 -mfpu=fpv5-d16 -mfloat-abi=hard -fstack-usage -fcyclomatic-complexity -MMD -MP -MF"Drivers/STM32H7xx_HAL_Driver/Src/stm32h7xx_hal_exti.d" -MT"Drivers/STM32H7xx_HAL_Driver/Src/stm32h7xx_hal_exti.o" --specs=nano.specs -mfpu=fpv5-d16 -mfloat-abi=hard -mthumb -o "Drivers/STM32H7xx_HAL_Driver/Src/stm32h7xx_hal_exti.o"
arm-none-eabi-gcc "../Drivers/STM32H7xx_HAL_Driver/Src/stm32h7xx_hal_flash.c" -mcpu=cortex-m7 -std=gnu11 -g3 -DDEBUG -DUSE_PWR_LDO_SUPPLY -DUSE_HAL_DRIVER -DSTM32H743xx -DARM_MATH_CM7 -D__FPU_PRESENT=1U -c -I"D:/Code/AI/EdgeAI/GT/[Ver1]GraduationThesis/Drivers/CMSIS/DSP/Include" -I"D:/Code/AI/EdgeAI/GT/[Ver1]GraduationThesis/Drivers/CMSIS/DSP/Lib" -I../FATFS/Target -I"D:/Code/AI/EdgeAI/GT/[Ver1]GraduationThesis/Drivers/CMSIS/STM32_AI_AudioPreprocessing_Library/Inc" -I../FATFS/App -I../X-CUBE-AI/App -I../X-CUBE-AI -I../Core/Inc -I../Middlewares/ST/AI/Inc -I../Drivers/STM32H7xx_HAL_Driver/Inc -I../Drivers/STM32H7xx_HAL_Driver/Inc/Legacy -I../Middlewares/Third_Party/FatFs/src -I../Drivers/CMSIS/Device/ST/STM32H7xx/Include -I../Drivers/CMSIS/Include -include"D:/Code/AI/EdgeAI/GT/[Ver1]GraduationThesis/Drivers/CMSIS/STM32_AI_AudioPreprocessing_Library/Inc/feature_extraction.h" -include"D:/Code/AI/EdgeAI/GT/[Ver1]GraduationThesis/Drivers/CMSIS/DSP/Include/arm_math.h" -O0 -ffunction-sections -fdata-sections -Wall -mcpu=cortex-m7 -mfpu=fpv5-d16 -mfloat-abi=hard -fstack-usage -fcyclomatic-complexity -MMD -MP -MF"Drivers/STM32H7xx_HAL_Driver/Src/stm32h7xx_hal_flash.d" -MT"Drivers/STM32H7xx_HAL_Driver/Src/stm32h7xx_hal_flash.o" --specs=nano.specs -mfpu=fpv5-d16 -mfloat-abi=hard -mthumb -o "Drivers/STM32H7xx_HAL_Driver/Src/stm32h7xx_hal_flash.o"
arm-none-eabi-gcc "../Drivers/STM32H7xx_HAL_Driver/Src/stm32h7xx_hal_flash_ex.c" -mcpu=cortex-m7 -std=gnu11 -g3 -DDEBUG -DUSE_PWR_LDO_SUPPLY -DUSE_HAL_DRIVER -DSTM32H743xx -DARM_MATH_CM7 -D__FPU_PRESENT=1U -c -I"D:/Code/AI/EdgeAI/GT/[Ver1]GraduationThesis/Drivers/CMSIS/DSP/Include" -I"D:/Code/AI/EdgeAI/GT/[Ver1]GraduationThesis/Drivers/CMSIS/DSP/Lib" -I../FATFS/Target -I"D:/Code/AI/EdgeAI/GT/[Ver1]GraduationThesis/Drivers/CMSIS/STM32_AI_AudioPreprocessing_Library/Inc" -I../FATFS/App -I../X-CUBE-AI/App -I../X-CUBE-AI -I../Core/Inc -I../Middlewares/ST/AI/Inc -I../Drivers/STM32H7xx_HAL_Driver/Inc -I../Drivers/STM32H7xx_HAL_Driver/Inc/Legacy -I../Middlewares/Third_Party/FatFs/src -I../Drivers/CMSIS/Device/ST/STM32H7xx/Include -I../Drivers/CMSIS/Include -include"D:/Code/AI/EdgeAI/GT/[Ver1]GraduationThesis/Drivers/CMSIS/STM32_AI_AudioPreprocessing_Library/Inc/feature_extraction.h" -include"D:/Code/AI/EdgeAI/GT/[Ver1]GraduationThesis/Drivers/CMSIS/DSP/Include/arm_math.h" -O0 -ffunction-sections -fdata-sections -Wall -mcpu=cortex-m7 -mfpu=fpv5-d16 -mfloat-abi=hard -fstack-usage -fcyclomatic-complexity -MMD -MP -MF"Drivers/STM32H7xx_HAL_Driver/Src/stm32h7xx_hal_flash_ex.d" -MT"Drivers/STM32H7xx_HAL_Driver/Src/stm32h7xx_hal_flash_ex.o" --specs=nano.specs -mfpu=fpv5-d16 -mfloat-abi=hard -mthumb -o "Drivers/STM32H7xx_HAL_Driver/Src/stm32h7xx_hal_flash_ex.o"
arm-none-eabi-gcc "../Drivers/STM32H7xx_HAL_Driver/Src/stm32h7xx_hal_gpio.c" -mcpu=cortex-m7 -std=gnu11 -g3 -DDEBUG -DUSE_PWR_LDO_SUPPLY -DUSE_HAL_DRIVER -DSTM32H743xx -DARM_MATH_CM7 -D__FPU_PRESENT=1U -c -I"D:/Code/AI/EdgeAI/GT/[Ver1]GraduationThesis/Drivers/CMSIS/DSP/Include" -I"D:/Code/AI/EdgeAI/GT/[Ver1]GraduationThesis/Drivers/CMSIS/DSP/Lib" -I../FATFS/Target -I"D:/Code/AI/EdgeAI/GT/[Ver1]GraduationThesis/Drivers/CMSIS/STM32_AI_AudioPreprocessing_Library/Inc" -I../FATFS/App -I../X-CUBE-AI/App -I../X-CUBE-AI -I../Core/Inc -I../Middlewares/ST/AI/Inc -I../Drivers/STM32H7xx_HAL_Driver/Inc -I../Drivers/STM32H7xx_HAL_Driver/Inc/Legacy -I../Middlewares/Third_Party/FatFs/src -I../Drivers/CMSIS/Device/ST/STM32H7xx/Include -I../Drivers/CMSIS/Include -include"D:/Code/AI/EdgeAI/GT/[Ver1]GraduationThesis/Drivers/CMSIS/STM32_AI_AudioPreprocessing_Library/Inc/feature_extraction.h" -include"D:/Code/AI/EdgeAI/GT/[Ver1]GraduationThesis/Drivers/CMSIS/DSP/Include/arm_math.h" -O0 -ffunction-sections -fdata-sections -Wall -mcpu=cortex-m7 -mfpu=fpv5-d16 -mfloat-abi=hard -fstack-usage -fcyclomatic-complexity -MMD -MP -MF"Drivers/STM32H7xx_HAL_Driver/Src/stm32h7xx_hal_gpio.d" -MT"Drivers/STM32H7xx_HAL_Driver/Src/stm32h7xx_hal_gpio.o" --specs=nano.specs -mfpu=fpv5-d16 -mfloat-abi=hard -mthumb -o "Drivers/STM32H7xx_HAL_Driver/Src/stm32h7xx_hal_gpio.o"
arm-none-eabi-gcc "../Drivers/STM32H7xx_HAL_Driver/Src/stm32h7xx_hal_hsem.c" -mcpu=cortex-m7 -std=gnu11 -g3 -DDEBUG -DUSE_PWR_LDO_SUPPLY -DUSE_HAL_DRIVER -DSTM32H743xx -DARM_MATH_CM7 -D__FPU_PRESENT=1U -c -I"D:/Code/AI/EdgeAI/GT/[Ver1]GraduationThesis/Drivers/CMSIS/DSP/Include" -I"D:/Code/AI/EdgeAI/GT/[Ver1]GraduationThesis/Drivers/CMSIS/DSP/Lib" -I../FATFS/Target -I"D:/Code/AI/EdgeAI/GT/[Ver1]GraduationThesis/Drivers/CMSIS/STM32_AI_AudioPreprocessing_Library/Inc" -I../FATFS/App -I../X-CUBE-AI/App -I../X-CUBE-AI -I../Core/Inc -I../Middlewares/ST/AI/Inc -I../Drivers/STM32H7xx_HAL_Driver/Inc -I../Drivers/STM32H7xx_HAL_Driver/Inc/Legacy -I../Middlewares/Third_Party/FatFs/src -I../Drivers/CMSIS/Device/ST/STM32H7xx/Include -I../Drivers/CMSIS/Include -include"D:/Code/AI/EdgeAI/GT/[Ver1]GraduationThesis/Drivers/CMSIS/STM32_AI_AudioPreprocessing_Library/Inc/feature_extraction.h" -include"D:/Code/AI/EdgeAI/GT/[Ver1]GraduationThesis/Drivers/CMSIS/DSP/Include/arm_math.h" -O0 -ffunction-sections -fdata-sections -Wall -mcpu=cortex-m7 -mfpu=fpv5-d16 -mfloat-abi=hard -fstack-usage -fcyclomatic-complexity -MMD -MP -MF"Drivers/STM32H7xx_HAL_Driver/Src/stm32h7xx_hal_hsem.d" -MT"Drivers/STM32H7xx_HAL_Driver/Src/stm32h7xx_hal_hsem.o" --specs=nano.specs -mfpu=fpv5-d16 -mfloat-abi=hard -mthumb -o "Drivers/STM32H7xx_HAL_Driver/Src/stm32h7xx_hal_hsem.o"
arm-none-eabi-gcc "../Drivers/STM32H7xx_HAL_Driver/Src/stm32h7xx_hal_i2c.c" -mcpu=cortex-m7 -std=gnu11 -g3 -DDEBUG -DUSE_PWR_LDO_SUPPLY -DUSE_HAL_DRIVER -DSTM32H743xx -DARM_MATH_CM7 -D__FPU_PRESENT=1U -c -I"D:/Code/AI/EdgeAI/GT/[Ver1]GraduationThesis/Drivers/CMSIS/DSP/Include" -I"D:/Code/AI/EdgeAI/GT/[Ver1]GraduationThesis/Drivers/CMSIS/DSP/Lib" -I../FATFS/Target -I"D:/Code/AI/EdgeAI/GT/[Ver1]GraduationThesis/Drivers/CMSIS/STM32_AI_AudioPreprocessing_Library/Inc" -I../FATFS/App -I../X-CUBE-AI/App -I../X-CUBE-AI -I../Core/Inc -I../Middlewares/ST/AI/Inc -I../Drivers/STM32H7xx_HAL_Driver/Inc -I../Drivers/STM32H7xx_HAL_Driver/Inc/Legacy -I../Middlewares/Third_Party/FatFs/src -I../Drivers/CMSIS/Device/ST/STM32H7xx/Include -I../Drivers/CMSIS/Include -include"D:/Code/AI/EdgeAI/GT/[Ver1]GraduationThesis/Drivers/CMSIS/STM32_AI_AudioPreprocessing_Library/Inc/feature_extraction.h" -include"D:/Code/AI/EdgeAI/GT/[Ver1]GraduationThesis/Drivers/CMSIS/DSP/Include/arm_math.h" -O0 -ffunction-sections -fdata-sections -Wall -mcpu=cortex-m7 -mfpu=fpv5-d16 -mfloat-abi=hard -fstack-usage -fcyclomatic-complexity -MMD -MP -MF"Drivers/STM32H7xx_HAL_Driver/Src/stm32h7xx_hal_i2c.d" -MT"Drivers/STM32H7xx_HAL_Driver/Src/stm32h7xx_hal_i2c.o" --specs=nano.specs -mfpu=fpv5-d16 -mfloat-abi=hard -mthumb -o "Drivers/STM32H7xx_HAL_Driver/Src/stm32h7xx_hal_i2c.o"
arm-none-eabi-gcc "../Drivers/STM32H7xx_HAL_Driver/Src/stm32h7xx_hal_i2c_ex.c" -mcpu=cortex-m7 -std=gnu11 -g3 -DDEBUG -DUSE_PWR_LDO_SUPPLY -DUSE_HAL_DRIVER -DSTM32H743xx -DARM_MATH_CM7 -D__FPU_PRESENT=1U -c -I"D:/Code/AI/EdgeAI/GT/[Ver1]GraduationThesis/Drivers/CMSIS/DSP/Include" -I"D:/Code/AI/EdgeAI/GT/[Ver1]GraduationThesis/Drivers/CMSIS/DSP/Lib" -I../FATFS/Target -I"D:/Code/AI/EdgeAI/GT/[Ver1]GraduationThesis/Drivers/CMSIS/STM32_AI_AudioPreprocessing_Library/Inc" -I../FATFS/App -I../X-CUBE-AI/App -I../X-CUBE-AI -I../Core/Inc -I../Middlewares/ST/AI/Inc -I../Drivers/STM32H7xx_HAL_Driver/Inc -I../Drivers/STM32H7xx_HAL_Driver/Inc/Legacy -I../Middlewares/Third_Party/FatFs/src -I../Drivers/CMSIS/Device/ST/STM32H7xx/Include -I../Drivers/CMSIS/Include -include"D:/Code/AI/EdgeAI/GT/[Ver1]GraduationThesis/Drivers/CMSIS/STM32_AI_AudioPreprocessing_Library/Inc/feature_extraction.h" -include"D:/Code/AI/EdgeAI/GT/[Ver1]GraduationThesis/Drivers/CMSIS/DSP/Include/arm_math.h" -O0 -ffunction-sections -fdata-sections -Wall -mcpu=cortex-m7 -mfpu=fpv5-d16 -mfloat-abi=hard -fstack-usage -fcyclomatic-complexity -MMD -MP -MF"Drivers/STM32H7xx_HAL_Driver/Src/stm32h7xx_hal_i2c_ex.d" -MT"Drivers/STM32H7xx_HAL_Driver/Src/stm32h7xx_hal_i2c_ex.o" --specs=nano.specs -mfpu=fpv5-d16 -mfloat-abi=hard -mthumb -o "Drivers/STM32H7xx_HAL_Driver/Src/stm32h7xx_hal_i2c_ex.o"
arm-none-eabi-gcc "../Drivers/STM32H7xx_HAL_Driver/Src/stm32h7xx_hal_i2s.c" -mcpu=cortex-m7 -std=gnu11 -g3 -DDEBUG -DUSE_PWR_LDO_SUPPLY -DUSE_HAL_DRIVER -DSTM32H743xx -DARM_MATH_CM7 -D__FPU_PRESENT=1U -c -I"D:/Code/AI/EdgeAI/GT/[Ver1]GraduationThesis/Drivers/CMSIS/DSP/Include" -I"D:/Code/AI/EdgeAI/GT/[Ver1]GraduationThesis/Drivers/CMSIS/DSP/Lib" -I../FATFS/Target -I"D:/Code/AI/EdgeAI/GT/[Ver1]GraduationThesis/Drivers/CMSIS/STM32_AI_AudioPreprocessing_Library/Inc" -I../FATFS/App -I../X-CUBE-AI/App -I../X-CUBE-AI -I../Core/Inc -I../Middlewares/ST/AI/Inc -I../Drivers/STM32H7xx_HAL_Driver/Inc -I../Drivers/STM32H7xx_HAL_Driver/Inc/Legacy -I../Middlewares/Third_Party/FatFs/src -I../Drivers/CMSIS/Device/ST/STM32H7xx/Include -I../Drivers/CMSIS/Include -include"D:/Code/AI/EdgeAI/GT/[Ver1]GraduationThesis/Drivers/CMSIS/STM32_AI_AudioPreprocessing_Library/Inc/feature_extraction.h" -include"D:/Code/AI/EdgeAI/GT/[Ver1]GraduationThesis/Drivers/CMSIS/DSP/Include/arm_math.h" -O0 -ffunction-sections -fdata-sections -Wall -mcpu=cortex-m7 -mfpu=fpv5-d16 -mfloat-abi=hard -fstack-usage -fcyclomatic-complexity -MMD -MP -MF"Drivers/STM32H7xx_HAL_Driver/Src/stm32h7xx_hal_i2s.d" -MT"Drivers/STM32H7xx_HAL_Driver/Src/stm32h7xx_hal_i2s.o" --specs=nano.specs -mfpu=fpv5-d16 -mfloat-abi=hard -mthumb -o "Drivers/STM32H7xx_HAL_Driver/Src/stm32h7xx_hal_i2s.o"
arm-none-eabi-gcc "../Drivers/STM32H7xx_HAL_Driver/Src/stm32h7xx_hal_i2s_ex.c" -mcpu=cortex-m7 -std=gnu11 -g3 -DDEBUG -DUSE_PWR_LDO_SUPPLY -DUSE_HAL_DRIVER -DSTM32H743xx -DARM_MATH_CM7 -D__FPU_PRESENT=1U -c -I"D:/Code/AI/EdgeAI/GT/[Ver1]GraduationThesis/Drivers/CMSIS/DSP/Include" -I"D:/Code/AI/EdgeAI/GT/[Ver1]GraduationThesis/Drivers/CMSIS/DSP/Lib" -I../FATFS/Target -I"D:/Code/AI/EdgeAI/GT/[Ver1]GraduationThesis/Drivers/CMSIS/STM32_AI_AudioPreprocessing_Library/Inc" -I../FATFS/App -I../X-CUBE-AI/App -I../X-CUBE-AI -I../Core/Inc -I../Middlewares/ST/AI/Inc -I../Drivers/STM32H7xx_HAL_Driver/Inc -I../Drivers/STM32H7xx_HAL_Driver/Inc/Legacy -I../Middlewares/Third_Party/FatFs/src -I../Drivers/CMSIS/Device/ST/STM32H7xx/Include -I../Drivers/CMSIS/Include -include"D:/Code/AI/EdgeAI/GT/[Ver1]GraduationThesis/Drivers/CMSIS/STM32_AI_AudioPreprocessing_Library/Inc/feature_extraction.h" -include"D:/Code/AI/EdgeAI/GT/[Ver1]GraduationThesis/Drivers/CMSIS/DSP/Include/arm_math.h" -O0 -ffunction-sections -fdata-sections -Wall -mcpu=cortex-m7 -mfpu=fpv5-d16 -mfloat-abi=hard -fstack-usage -fcyclomatic-complexity -MMD -MP -MF"Drivers/STM32H7xx_HAL_Driver/Src/stm32h7xx_hal_i2s_ex.d" -MT"Drivers/STM32H7xx_HAL_Driver/Src/stm32h7xx_hal_i2s_ex.o" --specs=nano.specs -mfpu=fpv5-d16 -mfloat-abi=hard -mthumb -o "Drivers/STM32H7xx_HAL_Driver/Src/stm32h7xx_hal_i2s_ex.o"
arm-none-eabi-gcc "../Drivers/STM32H7xx_HAL_Driver/Src/stm32h7xx_hal_mdma.c" -mcpu=cortex-m7 -std=gnu11 -g3 -DDEBUG -DUSE_PWR_LDO_SUPPLY -DUSE_HAL_DRIVER -DSTM32H743xx -DARM_MATH_CM7 -D__FPU_PRESENT=1U -c -I"D:/Code/AI/EdgeAI/GT/[Ver1]GraduationThesis/Drivers/CMSIS/DSP/Include" -I"D:/Code/AI/EdgeAI/GT/[Ver1]GraduationThesis/Drivers/CMSIS/DSP/Lib" -I../FATFS/Target -I"D:/Code/AI/EdgeAI/GT/[Ver1]GraduationThesis/Drivers/CMSIS/STM32_AI_AudioPreprocessing_Library/Inc" -I../FATFS/App -I../X-CUBE-AI/App -I../X-CUBE-AI -I../Core/Inc -I../Middlewares/ST/AI/Inc -I../Drivers/STM32H7xx_HAL_Driver/Inc -I../Drivers/STM32H7xx_HAL_Driver/Inc/Legacy -I../Middlewares/Third_Party/FatFs/src -I../Drivers/CMSIS/Device/ST/STM32H7xx/Include -I../Drivers/CMSIS/Include -include"D:/Code/AI/EdgeAI/GT/[Ver1]GraduationThesis/Drivers/CMSIS/STM32_AI_AudioPreprocessing_Library/Inc/feature_extraction.h" -include"D:/Code/AI/EdgeAI/GT/[Ver1]GraduationThesis/Drivers/CMSIS/DSP/Include/arm_math.h" -O0 -ffunction-sections -fdata-sections -Wall -mcpu=cortex-m7 -mfpu=fpv5-d16 -mfloat-abi=hard -fstack-usage -fcyclomatic-complexity -MMD -MP -MF"Drivers/STM32H7xx_HAL_Driver/Src/stm32h7xx_hal_mdma.d" -MT"Drivers/STM32H7xx_HAL_Driver/Src/stm32h7xx_hal_mdma.o" --specs=nano.specs -mfpu=fpv5-d16 -mfloat-abi=hard -mthumb -o "Drivers/STM32H7xx_HAL_Driver/Src/stm32h7xx_hal_mdma.o"
arm-none-eabi-gcc "../Drivers/STM32H7xx_HAL_Driver/Src/stm32h7xx_hal_mmc.c" -mcpu=cortex-m7 -std=gnu11 -g3 -DDEBUG -DUSE_PWR_LDO_SUPPLY -DUSE_HAL_DRIVER -DSTM32H743xx -DARM_MATH_CM7 -D__FPU_PRESENT=1U -c -I"D:/Code/AI/EdgeAI/GT/[Ver1]GraduationThesis/Drivers/CMSIS/DSP/Include" -I"D:/Code/AI/EdgeAI/GT/[Ver1]GraduationThesis/Drivers/CMSIS/DSP/Lib" -I../FATFS/Target -I"D:/Code/AI/EdgeAI/GT/[Ver1]GraduationThesis/Drivers/CMSIS/STM32_AI_AudioPreprocessing_Library/Inc" -I../FATFS/App -I../X-CUBE-AI/App -I../X-CUBE-AI -I../Core/Inc -I../Middlewares/ST/AI/Inc -I../Drivers/STM32H7xx_HAL_Driver/Inc -I../Drivers/STM32H7xx_HAL_Driver/Inc/Legacy -I../Middlewares/Third_Party/FatFs/src -I../Drivers/CMSIS/Device/ST/STM32H7xx/Include -I../Drivers/CMSIS/Include -include"D:/Code/AI/EdgeAI/GT/[Ver1]GraduationThesis/Drivers/CMSIS/STM32_AI_AudioPreprocessing_Library/Inc/feature_extraction.h" -include"D:/Code/AI/EdgeAI/GT/[Ver1]GraduationThesis/Drivers/CMSIS/DSP/Include/arm_math.h" -O0 -ffunction-sections -fdata-sections -Wall -mcpu=cortex-m7 -mfpu=fpv5-d16 -mfloat-abi=hard -fstack-usage -fcyclomatic-complexity -MMD -MP -MF"Drivers/STM32H7xx_HAL_Driver/Src/stm32h7xx_hal_mmc.d" -MT"Drivers/STM32H7xx_HAL_Driver/Src/stm32h7xx_hal_mmc.o" --specs=nano.specs -mfpu=fpv5-d16 -mfloat-abi=hard -mthumb -o "Drivers/STM32H7xx_HAL_Driver/Src/stm32h7xx_hal_mmc.o"
arm-none-eabi-gcc "../Drivers/STM32H7xx_HAL_Driver/Src/stm32h7xx_hal_mmc_ex.c" -mcpu=cortex-m7 -std=gnu11 -g3 -DDEBUG -DUSE_PWR_LDO_SUPPLY -DUSE_HAL_DRIVER -DSTM32H743xx -DARM_MATH_CM7 -D__FPU_PRESENT=1U -c -I"D:/Code/AI/EdgeAI/GT/[Ver1]GraduationThesis/Drivers/CMSIS/DSP/Include" -I"D:/Code/AI/EdgeAI/GT/[Ver1]GraduationThesis/Drivers/CMSIS/DSP/Lib" -I../FATFS/Target -I"D:/Code/AI/EdgeAI/GT/[Ver1]GraduationThesis/Drivers/CMSIS/STM32_AI_AudioPreprocessing_Library/Inc" -I../FATFS/App -I../X-CUBE-AI/App -I../X-CUBE-AI -I../Core/Inc -I../Middlewares/ST/AI/Inc -I../Drivers/STM32H7xx_HAL_Driver/Inc -I../Drivers/STM32H7xx_HAL_Driver/Inc/Legacy -I../Middlewares/Third_Party/FatFs/src -I../Drivers/CMSIS/Device/ST/STM32H7xx/Include -I../Drivers/CMSIS/Include -include"D:/Code/AI/EdgeAI/GT/[Ver1]GraduationThesis/Drivers/CMSIS/STM32_AI_AudioPreprocessing_Library/Inc/feature_extraction.h" -include"D:/Code/AI/EdgeAI/GT/[Ver1]GraduationThesis/Drivers/CMSIS/DSP/Include/arm_math.h" -O0 -ffunction-sections -fdata-sections -Wall -mcpu=cortex-m7 -mfpu=fpv5-d16 -mfloat-abi=hard -fstack-usage -fcyclomatic-complexity -MMD -MP -MF"Drivers/STM32H7xx_HAL_Driver/Src/stm32h7xx_hal_mmc_ex.d" -MT"Drivers/STM32H7xx_HAL_Driver/Src/stm32h7xx_hal_mmc_ex.o" --specs=nano.specs -mfpu=fpv5-d16 -mfloat-abi=hard -mthumb -o "Drivers/STM32H7xx_HAL_Driver/Src/stm32h7xx_hal_mmc_ex.o"
arm-none-eabi-gcc "../Drivers/STM32H7xx_HAL_Driver/Src/stm32h7xx_hal_pwr.c" -mcpu=cortex-m7 -std=gnu11 -g3 -DDEBUG -DUSE_PWR_LDO_SUPPLY -DUSE_HAL_DRIVER -DSTM32H743xx -DARM_MATH_CM7 -D__FPU_PRESENT=1U -c -I"D:/Code/AI/EdgeAI/GT/[Ver1]GraduationThesis/Drivers/CMSIS/DSP/Include" -I"D:/Code/AI/EdgeAI/GT/[Ver1]GraduationThesis/Drivers/CMSIS/DSP/Lib" -I../FATFS/Target -I"D:/Code/AI/EdgeAI/GT/[Ver1]GraduationThesis/Drivers/CMSIS/STM32_AI_AudioPreprocessing_Library/Inc" -I../FATFS/App -I../X-CUBE-AI/App -I../X-CUBE-AI -I../Core/Inc -I../Middlewares/ST/AI/Inc -I../Drivers/STM32H7xx_HAL_Driver/Inc -I../Drivers/STM32H7xx_HAL_Driver/Inc/Legacy -I../Middlewares/Third_Party/FatFs/src -I../Drivers/CMSIS/Device/ST/STM32H7xx/Include -I../Drivers/CMSIS/Include -include"D:/Code/AI/EdgeAI/GT/[Ver1]GraduationThesis/Drivers/CMSIS/STM32_AI_AudioPreprocessing_Library/Inc/feature_extraction.h" -include"D:/Code/AI/EdgeAI/GT/[Ver1]GraduationThesis/Drivers/CMSIS/DSP/Include/arm_math.h" -O0 -ffunction-sections -fdata-sections -Wall -mcpu=cortex-m7 -mfpu=fpv5-d16 -mfloat-abi=hard -fstack-usage -fcyclomatic-complexity -MMD -MP -MF"Drivers/STM32H7xx_HAL_Driver/Src/stm32h7xx_hal_pwr.d" -MT"Drivers/STM32H7xx_HAL_Driver/Src/stm32h7xx_hal_pwr.o" --specs=nano.specs -mfpu=fpv5-d16 -mfloat-abi=hard -mthumb -o "Drivers/STM32H7xx_HAL_Driver/Src/stm32h7xx_hal_pwr.o"
arm-none-eabi-gcc "../Drivers/STM32H7xx_HAL_Driver/Src/stm32h7xx_hal_pwr_ex.c" -mcpu=cortex-m7 -std=gnu11 -g3 -DDEBUG -DUSE_PWR_LDO_SUPPLY -DUSE_HAL_DRIVER -DSTM32H743xx -DARM_MATH_CM7 -D__FPU_PRESENT=1U -c -I"D:/Code/AI/EdgeAI/GT/[Ver1]GraduationThesis/Drivers/CMSIS/DSP/Include" -I"D:/Code/AI/EdgeAI/GT/[Ver1]GraduationThesis/Drivers/CMSIS/DSP/Lib" -I../FATFS/Target -I"D:/Code/AI/EdgeAI/GT/[Ver1]GraduationThesis/Drivers/CMSIS/STM32_AI_AudioPreprocessing_Library/Inc" -I../FATFS/App -I../X-CUBE-AI/App -I../X-CUBE-AI -I../Core/Inc -I../Middlewares/ST/AI/Inc -I../Drivers/STM32H7xx_HAL_Driver/Inc -I../Drivers/STM32H7xx_HAL_Driver/Inc/Legacy -I../Middlewares/Third_Party/FatFs/src -I../Drivers/CMSIS/Device/ST/STM32H7xx/Include -I../Drivers/CMSIS/Include -include"D:/Code/AI/EdgeAI/GT/[Ver1]GraduationThesis/Drivers/CMSIS/STM32_AI_AudioPreprocessing_Library/Inc/feature_extraction.h" -include"D:/Code/AI/EdgeAI/GT/[Ver1]GraduationThesis/Drivers/CMSIS/DSP/Include/arm_math.h" -O0 -ffunction-sections -fdata-sections -Wall -mcpu=cortex-m7 -mfpu=fpv5-d16 -mfloat-abi=hard -fstack-usage -fcyclomatic-complexity -MMD -MP -MF"Drivers/STM32H7xx_HAL_Driver/Src/stm32h7xx_hal_pwr_ex.d" -MT"Drivers/STM32H7xx_HAL_Driver/Src/stm32h7xx_hal_pwr_ex.o" --specs=nano.specs -mfpu=fpv5-d16 -mfloat-abi=hard -mthumb -o "Drivers/STM32H7xx_HAL_Driver/Src/stm32h7xx_hal_pwr_ex.o"
arm-none-eabi-gcc "../Drivers/STM32H7xx_HAL_Driver/Src/stm32h7xx_hal_rcc.c" -mcpu=cortex-m7 -std=gnu11 -g3 -DDEBUG -DUSE_PWR_LDO_SUPPLY -DUSE_HAL_DRIVER -DSTM32H743xx -DARM_MATH_CM7 -D__FPU_PRESENT=1U -c -I"D:/Code/AI/EdgeAI/GT/[Ver1]GraduationThesis/Drivers/CMSIS/DSP/Include" -I"D:/Code/AI/EdgeAI/GT/[Ver1]GraduationThesis/Drivers/CMSIS/DSP/Lib" -I../FATFS/Target -I"D:/Code/AI/EdgeAI/GT/[Ver1]GraduationThesis/Drivers/CMSIS/STM32_AI_AudioPreprocessing_Library/Inc" -I../FATFS/App -I../X-CUBE-AI/App -I../X-CUBE-AI -I../Core/Inc -I../Middlewares/ST/AI/Inc -I../Drivers/STM32H7xx_HAL_Driver/Inc -I../Drivers/STM32H7xx_HAL_Driver/Inc/Legacy -I../Middlewares/Third_Party/FatFs/src -I../Drivers/CMSIS/Device/ST/STM32H7xx/Include -I../Drivers/CMSIS/Include -include"D:/Code/AI/EdgeAI/GT/[Ver1]GraduationThesis/Drivers/CMSIS/STM32_AI_AudioPreprocessing_Library/Inc/feature_extraction.h" -include"D:/Code/AI/EdgeAI/GT/[Ver1]GraduationThesis/Drivers/CMSIS/DSP/Include/arm_math.h" -O0 -ffunction-sections -fdata-sections -Wall -mcpu=cortex-m7 -mfpu=fpv5-d16 -mfloat-abi=hard -fstack-usage -fcyclomatic-complexity -MMD -MP -MF"Drivers/STM32H7xx_HAL_Driver/Src/stm32h7xx_hal_rcc.d" -MT"Drivers/STM32H7xx_HAL_Driver/Src/stm32h7xx_hal_rcc.o" --specs=nano.specs -mfpu=fpv5-d16 -mfloat-abi=hard -mthumb -o "Drivers/STM32H7xx_HAL_Driver/Src/stm32h7xx_hal_rcc.o"
arm-none-eabi-gcc "../Drivers/STM32H7xx_HAL_Driver/Src/stm32h7xx_hal_rcc_ex.c" -mcpu=cortex-m7 -std=gnu11 -g3 -DDEBUG -DUSE_PWR_LDO_SUPPLY -DUSE_HAL_DRIVER -DSTM32H743xx -DARM_MATH_CM7 -D__FPU_PRESENT=1U -c -I"D:/Code/AI/EdgeAI/GT/[Ver1]GraduationThesis/Drivers/CMSIS/DSP/Include" -I"D:/Code/AI/EdgeAI/GT/[Ver1]GraduationThesis/Drivers/CMSIS/DSP/Lib" -I../FATFS/Target -I"D:/Code/AI/EdgeAI/GT/[Ver1]GraduationThesis/Drivers/CMSIS/STM32_AI_AudioPreprocessing_Library/Inc" -I../FATFS/App -I../X-CUBE-AI/App -I../X-CUBE-AI -I../Core/Inc -I../Middlewares/ST/AI/Inc -I../Drivers/STM32H7xx_HAL_Driver/Inc -I../Drivers/STM32H7xx_HAL_Driver/Inc/Legacy -I../Middlewares/Third_Party/FatFs/src -I../Drivers/CMSIS/Device/ST/STM32H7xx/Include -I../Drivers/CMSIS/Include -include"D:/Code/AI/EdgeAI/GT/[Ver1]GraduationThesis/Drivers/CMSIS/STM32_AI_AudioPreprocessing_Library/Inc/feature_extraction.h" -include"D:/Code/AI/EdgeAI/GT/[Ver1]GraduationThesis/Drivers/CMSIS/DSP/Include/arm_math.h" -O0 -ffunction-sections -fdata-sections -Wall -mcpu=cortex-m7 -mfpu=fpv5-d16 -mfloat-abi=hard -fstack-usage -fcyclomatic-complexity -MMD -MP -MF"Drivers/STM32H7xx_HAL_Driver/Src/stm32h7xx_hal_rcc_ex.d" -MT"Drivers/STM32H7xx_HAL_Driver/Src/stm32h7xx_hal_rcc_ex.o" --specs=nano.specs -mfpu=fpv5-d16 -mfloat-abi=hard -mthumb -o "Drivers/STM32H7xx_HAL_Driver/Src/stm32h7xx_hal_rcc_ex.o"
arm-none-eabi-gcc "../Drivers/STM32H7xx_HAL_Driver/Src/stm32h7xx_hal_sd.c" -mcpu=cortex-m7 -std=gnu11 -g3 -DDEBUG -DUSE_PWR_LDO_SUPPLY -DUSE_HAL_DRIVER -DSTM32H743xx -DARM_MATH_CM7 -D__FPU_PRESENT=1U -c -I"D:/Code/AI/EdgeAI/GT/[Ver1]GraduationThesis/Drivers/CMSIS/DSP/Include" -I"D:/Code/AI/EdgeAI/GT/[Ver1]GraduationThesis/Drivers/CMSIS/DSP/Lib" -I../FATFS/Target -I"D:/Code/AI/EdgeAI/GT/[Ver1]GraduationThesis/Drivers/CMSIS/STM32_AI_AudioPreprocessing_Library/Inc" -I../FATFS/App -I../X-CUBE-AI/App -I../X-CUBE-AI -I../Core/Inc -I../Middlewares/ST/AI/Inc -I../Drivers/STM32H7xx_HAL_Driver/Inc -I../Drivers/STM32H7xx_HAL_Driver/Inc/Legacy -I../Middlewares/Third_Party/FatFs/src -I../Drivers/CMSIS/Device/ST/STM32H7xx/Include -I../Drivers/CMSIS/Include -include"D:/Code/AI/EdgeAI/GT/[Ver1]GraduationThesis/Drivers/CMSIS/STM32_AI_AudioPreprocessing_Library/Inc/feature_extraction.h" -include"D:/Code/AI/EdgeAI/GT/[Ver1]GraduationThesis/Drivers/CMSIS/DSP/Include/arm_math.h" -O0 -ffunction-sections -fdata-sections -Wall -mcpu=cortex-m7 -mfpu=fpv5-d16 -mfloat-abi=hard -fstack-usage -fcyclomatic-complexity -MMD -MP -MF"Drivers/STM32H7xx_HAL_Driver/Src/stm32h7xx_hal_sd.d" -MT"Drivers/STM32H7xx_HAL_Driver/Src/stm32h7xx_hal_sd.o" --specs=nano.specs -mfpu=fpv5-d16 -mfloat-abi=hard -mthumb -o "Drivers/STM32H7xx_HAL_Driver/Src/stm32h7xx_hal_sd.o"
arm-none-eabi-gcc "../Drivers/STM32H7xx_HAL_Driver/Src/stm32h7xx_hal_sd_ex.c" -mcpu=cortex-m7 -std=gnu11 -g3 -DDEBUG -DUSE_PWR_LDO_SUPPLY -DUSE_HAL_DRIVER -DSTM32H743xx -DARM_MATH_CM7 -D__FPU_PRESENT=1U -c -I"D:/Code/AI/EdgeAI/GT/[Ver1]GraduationThesis/Drivers/CMSIS/DSP/Include" -I"D:/Code/AI/EdgeAI/GT/[Ver1]GraduationThesis/Drivers/CMSIS/DSP/Lib" -I../FATFS/Target -I"D:/Code/AI/EdgeAI/GT/[Ver1]GraduationThesis/Drivers/CMSIS/STM32_AI_AudioPreprocessing_Library/Inc" -I../FATFS/App -I../X-CUBE-AI/App -I../X-CUBE-AI -I../Core/Inc -I../Middlewares/ST/AI/Inc -I../Drivers/STM32H7xx_HAL_Driver/Inc -I../Drivers/STM32H7xx_HAL_Driver/Inc/Legacy -I../Middlewares/Third_Party/FatFs/src -I../Drivers/CMSIS/Device/ST/STM32H7xx/Include -I../Drivers/CMSIS/Include -include"D:/Code/AI/EdgeAI/GT/[Ver1]GraduationThesis/Drivers/CMSIS/STM32_AI_AudioPreprocessing_Library/Inc/feature_extraction.h" -include"D:/Code/AI/EdgeAI/GT/[Ver1]GraduationThesis/Drivers/CMSIS/DSP/Include/arm_math.h" -O0 -ffunction-sections -fdata-sections -Wall -mcpu=cortex-m7 -mfpu=fpv5-d16 -mfloat-abi=hard -fstack-usage -fcyclomatic-complexity -MMD -MP -MF"Drivers/STM32H7xx_HAL_Driver/Src/stm32h7xx_hal_sd_ex.d" -MT"Drivers/STM32H7xx_HAL_Driver/Src/stm32h7xx_hal_sd_ex.o" --specs=nano.specs -mfpu=fpv5-d16 -mfloat-abi=hard -mthumb -o "Drivers/STM32H7xx_HAL_Driver/Src/stm32h7xx_hal_sd_ex.o"
arm-none-eabi-gcc "../Drivers/STM32H7xx_HAL_Driver/Src/stm32h7xx_hal_tim.c" -mcpu=cortex-m7 -std=gnu11 -g3 -DDEBUG -DUSE_PWR_LDO_SUPPLY -DUSE_HAL_DRIVER -DSTM32H743xx -DARM_MATH_CM7 -D__FPU_PRESENT=1U -c -I"D:/Code/AI/EdgeAI/GT/[Ver1]GraduationThesis/Drivers/CMSIS/DSP/Include" -I"D:/Code/AI/EdgeAI/GT/[Ver1]GraduationThesis/Drivers/CMSIS/DSP/Lib" -I../FATFS/Target -I"D:/Code/AI/EdgeAI/GT/[Ver1]GraduationThesis/Drivers/CMSIS/STM32_AI_AudioPreprocessing_Library/Inc" -I../FATFS/App -I../X-CUBE-AI/App -I../X-CUBE-AI -I../Core/Inc -I../Middlewares/ST/AI/Inc -I../Drivers/STM32H7xx_HAL_Driver/Inc -I../Drivers/STM32H7xx_HAL_Driver/Inc/Legacy -I../Middlewares/Third_Party/FatFs/src -I../Drivers/CMSIS/Device/ST/STM32H7xx/Include -I../Drivers/CMSIS/Include -include"D:/Code/AI/EdgeAI/GT/[Ver1]GraduationThesis/Drivers/CMSIS/STM32_AI_AudioPreprocessing_Library/Inc/feature_extraction.h" -include"D:/Code/AI/EdgeAI/GT/[Ver1]GraduationThesis/Drivers/CMSIS/DSP/Include/arm_math.h" -O0 -ffunction-sections -fdata-sections -Wall -mcpu=cortex-m7 -mfpu=fpv5-d16 -mfloat-abi=hard -fstack-usage -fcyclomatic-complexity -MMD -MP -MF"Drivers/STM32H7xx_HAL_Driver/Src/stm32h7xx_hal_tim.d" -MT"Drivers/STM32H7xx_HAL_Driver/Src/stm32h7xx_hal_tim.o" --specs=nano.specs -mfpu=fpv5-d16 -mfloat-abi=hard -mthumb -o "Drivers/STM32H7xx_HAL_Driver/Src/stm32h7xx_hal_tim.o"
arm-none-eabi-gcc "../Drivers/STM32H7xx_HAL_Driver/Src/stm32h7xx_hal_tim_ex.c" -mcpu=cortex-m7 -std=gnu11 -g3 -DDEBUG -DUSE_PWR_LDO_SUPPLY -DUSE_HAL_DRIVER -DSTM32H743xx -DARM_MATH_CM7 -D__FPU_PRESENT=1U -c -I"D:/Code/AI/EdgeAI/GT/[Ver1]GraduationThesis/Drivers/CMSIS/DSP/Include" -I"D:/Code/AI/EdgeAI/GT/[Ver1]GraduationThesis/Drivers/CMSIS/DSP/Lib" -I../FATFS/Target -I"D:/Code/AI/EdgeAI/GT/[Ver1]GraduationThesis/Drivers/CMSIS/STM32_AI_AudioPreprocessing_Library/Inc" -I../FATFS/App -I../X-CUBE-AI/App -I../X-CUBE-AI -I../Core/Inc -I../Middlewares/ST/AI/Inc -I../Drivers/STM32H7xx_HAL_Driver/Inc -I../Drivers/STM32H7xx_HAL_Driver/Inc/Legacy -I../Middlewares/Third_Party/FatFs/src -I../Drivers/CMSIS/Device/ST/STM32H7xx/Include -I../Drivers/CMSIS/Include -include"D:/Code/AI/EdgeAI/GT/[Ver1]GraduationThesis/Drivers/CMSIS/STM32_AI_AudioPreprocessing_Library/Inc/feature_extraction.h" -include"D:/Code/AI/EdgeAI/GT/[Ver1]GraduationThesis/Drivers/CMSIS/DSP/Include/arm_math.h" -O0 -ffunction-sections -fdata-sections -Wall -mcpu=cortex-m7 -mfpu=fpv5-d16 -mfloat-abi=hard -fstack-usage -fcyclomatic-complexity -MMD -MP -MF"Drivers/STM32H7xx_HAL_Driver/Src/stm32h7xx_hal_tim_ex.d" -MT"Drivers/STM32H7xx_HAL_Driver/Src/stm32h7xx_hal_tim_ex.o" --specs=nano.specs -mfpu=fpv5-d16 -mfloat-abi=hard -mthumb -o "Drivers/STM32H7xx_HAL_Driver/Src/stm32h7xx_hal_tim_ex.o"
arm-none-eabi-gcc "../Drivers/STM32H7xx_HAL_Driver/Src/stm32h7xx_ll_delayblock.c" -mcpu=cortex-m7 -std=gnu11 -g3 -DDEBUG -DUSE_PWR_LDO_SUPPLY -DUSE_HAL_DRIVER -DSTM32H743xx -DARM_MATH_CM7 -D__FPU_PRESENT=1U -c -I"D:/Code/AI/EdgeAI/GT/[Ver1]GraduationThesis/Drivers/CMSIS/DSP/Include" -I"D:/Code/AI/EdgeAI/GT/[Ver1]GraduationThesis/Drivers/CMSIS/DSP/Lib" -I../FATFS/Target -I"D:/Code/AI/EdgeAI/GT/[Ver1]GraduationThesis/Drivers/CMSIS/STM32_AI_AudioPreprocessing_Library/Inc" -I../FATFS/App -I../X-CUBE-AI/App -I../X-CUBE-AI -I../Core/Inc -I../Middlewares/ST/AI/Inc -I../Drivers/STM32H7xx_HAL_Driver/Inc -I../Drivers/STM32H7xx_HAL_Driver/Inc/Legacy -I../Middlewares/Third_Party/FatFs/src -I../Drivers/CMSIS/Device/ST/STM32H7xx/Include -I../Drivers/CMSIS/Include -include"D:/Code/AI/EdgeAI/GT/[Ver1]GraduationThesis/Drivers/CMSIS/STM32_AI_AudioPreprocessing_Library/Inc/feature_extraction.h" -include"D:/Code/AI/EdgeAI/GT/[Ver1]GraduationThesis/Drivers/CMSIS/DSP/Include/arm_math.h" -O0 -ffunction-sections -fdata-sections -Wall -mcpu=cortex-m7 -mfpu=fpv5-d16 -mfloat-abi=hard -fstack-usage -fcyclomatic-complexity -MMD -MP -MF"Drivers/STM32H7xx_HAL_Driver/Src/stm32h7xx_ll_delayblock.d" -MT"Drivers/STM32H7xx_HAL_Driver/Src/stm32h7xx_ll_delayblock.o" --specs=nano.specs -mfpu=fpv5-d16 -mfloat-abi=hard -mthumb -o "Drivers/STM32H7xx_HAL_Driver/Src/stm32h7xx_ll_delayblock.o"
arm-none-eabi-gcc "../Drivers/STM32H7xx_HAL_Driver/Src/stm32h7xx_ll_sdmmc.c" -mcpu=cortex-m7 -std=gnu11 -g3 -DDEBUG -DUSE_PWR_LDO_SUPPLY -DUSE_HAL_DRIVER -DSTM32H743xx -DARM_MATH_CM7 -D__FPU_PRESENT=1U -c -I"D:/Code/AI/EdgeAI/GT/[Ver1]GraduationThesis/Drivers/CMSIS/DSP/Include" -I"D:/Code/AI/EdgeAI/GT/[Ver1]GraduationThesis/Drivers/CMSIS/DSP/Lib" -I../FATFS/Target -I"D:/Code/AI/EdgeAI/GT/[Ver1]GraduationThesis/Drivers/CMSIS/STM32_AI_AudioPreprocessing_Library/Inc" -I../FATFS/App -I../X-CUBE-AI/App -I../X-CUBE-AI -I../Core/Inc -I../Middlewares/ST/AI/Inc -I../Drivers/STM32H7xx_HAL_Driver/Inc -I../Drivers/STM32H7xx_HAL_Driver/Inc/Legacy -I../Middlewares/Third_Party/FatFs/src -I../Drivers/CMSIS/Device/ST/STM32H7xx/Include -I../Drivers/CMSIS/Include -include"D:/Code/AI/EdgeAI/GT/[Ver1]GraduationThesis/Drivers/CMSIS/STM32_AI_AudioPreprocessing_Library/Inc/feature_extraction.h" -include"D:/Code/AI/EdgeAI/GT/[Ver1]GraduationThesis/Drivers/CMSIS/DSP/Include/arm_math.h" -O0 -ffunction-sections -fdata-sections -Wall -mcpu=cortex-m7 -mfpu=fpv5-d16 -mfloat-abi=hard -fstack-usage -fcyclomatic-complexity -MMD -MP -MF"Drivers/STM32H7xx_HAL_Driver/Src/stm32h7xx_ll_sdmmc.d" -MT"Drivers/STM32H7xx_HAL_Driver/Src/stm32h7xx_ll_sdmmc.o" --specs=nano.specs -mfpu=fpv5-d16 -mfloat-abi=hard -mthumb -o "Drivers/STM32H7xx_HAL_Driver/Src/stm32h7xx_ll_sdmmc.o"
arm-none-eabi-gcc "../Drivers/CMSIS/STM32_AI_AudioPreprocessing_Library/Src/common_tables.c" -mcpu=cortex-m7 -std=gnu11 -g3 -DDEBUG -DUSE_PWR_LDO_SUPPLY -DUSE_HAL_DRIVER -DSTM32H743xx -DARM_MATH_CM7 -D__FPU_PRESENT=1U -c -I"D:/Code/AI/EdgeAI/GT/[Ver1]GraduationThesis/Drivers/CMSIS/DSP/Include" -I"D:/Code/AI/EdgeAI/GT/[Ver1]GraduationThesis/Drivers/CMSIS/DSP/Lib" -I../FATFS/Target -I"D:/Code/AI/EdgeAI/GT/[Ver1]GraduationThesis/Drivers/CMSIS/STM32_AI_AudioPreprocessing_Library/Inc" -I../FATFS/App -I../X-CUBE-AI/App -I../X-CUBE-AI -I../Core/Inc -I../Middlewares/ST/AI/Inc -I../Drivers/STM32H7xx_HAL_Driver/Inc -I../Drivers/STM32H7xx_HAL_Driver/Inc/Legacy -I../Middlewares/Third_Party/FatFs/src -I../Drivers/CMSIS/Device/ST/STM32H7xx/Include -I../Drivers/CMSIS/Include -include"D:/Code/AI/EdgeAI/GT/[Ver1]GraduationThesis/Drivers/CMSIS/STM32_AI_AudioPreprocessing_Library/Inc/feature_extraction.h" -include"D:/Code/AI/EdgeAI/GT/[Ver1]GraduationThesis/Drivers/CMSIS/DSP/Include/arm_math.h" -O0 -ffunction-sections -fdata-sections -Wall -mcpu=cortex-m7 -mfpu=fpv5-d16 -mfloat-abi=hard -fstack-usage -fcyclomatic-complexity -MMD -MP -MF"Drivers/CMSIS/STM32_AI_AudioPreprocessing_Library/Src/common_tables.d" -MT"Drivers/CMSIS/STM32_AI_AudioPreprocessing_Library/Src/common_tables.o" --specs=nano.specs -mfpu=fpv5-d16 -mfloat-abi=hard -mthumb -o "Drivers/CMSIS/STM32_AI_AudioPreprocessing_Library/Src/common_tables.o"
arm-none-eabi-gcc "../Drivers/CMSIS/STM32_AI_AudioPreprocessing_Library/Src/dct.c" -mcpu=cortex-m7 -std=gnu11 -g3 -DDEBUG -DUSE_PWR_LDO_SUPPLY -DUSE_HAL_DRIVER -DSTM32H743xx -DARM_MATH_CM7 -D__FPU_PRESENT=1U -c -I"D:/Code/AI/EdgeAI/GT/[Ver1]GraduationThesis/Drivers/CMSIS/DSP/Include" -I"D:/Code/AI/EdgeAI/GT/[Ver1]GraduationThesis/Drivers/CMSIS/DSP/Lib" -I../FATFS/Target -I"D:/Code/AI/EdgeAI/GT/[Ver1]GraduationThesis/Drivers/CMSIS/STM32_AI_AudioPreprocessing_Library/Inc" -I../FATFS/App -I../X-CUBE-AI/App -I../X-CUBE-AI -I../Core/Inc -I../Middlewares/ST/AI/Inc -I../Drivers/STM32H7xx_HAL_Driver/Inc -I../Drivers/STM32H7xx_HAL_Driver/Inc/Legacy -I../Middlewares/Third_Party/FatFs/src -I../Drivers/CMSIS/Device/ST/STM32H7xx/Include -I../Drivers/CMSIS/Include -include"D:/Code/AI/EdgeAI/GT/[Ver1]GraduationThesis/Drivers/CMSIS/STM32_AI_AudioPreprocessing_Library/Inc/feature_extraction.h" -include"D:/Code/AI/EdgeAI/GT/[Ver1]GraduationThesis/Drivers/CMSIS/DSP/Include/arm_math.h" -O0 -ffunction-sections -fdata-sections -Wall -mcpu=cortex-m7 -mfpu=fpv5-d16 -mfloat-abi=hard -fstack-usage -fcyclomatic-complexity -MMD -MP -MF"Drivers/CMSIS/STM32_AI_AudioPreprocessing_Library/Src/dct.d" -MT"Drivers/CMSIS/STM32_AI_AudioPreprocessing_Library/Src/dct.o" --specs=nano.specs -mfpu=fpv5-d16 -mfloat-abi=hard -mthumb -o "Drivers/CMSIS/STM32_AI_AudioPreprocessing_Library/Src/dct.o"
arm-none-eabi-gcc "../Drivers/CMSIS/STM32_AI_AudioPreprocessing_Library/Src/feature_extraction.c" -mcpu=cortex-m7 -std=gnu11 -g3 -DDEBUG -DUSE_PWR_LDO_SUPPLY -DUSE_HAL_DRIVER -DSTM32H743xx -DARM_MATH_CM7 -D__FPU_PRESENT=1U -c -I"D:/Code/AI/EdgeAI/GT/[Ver1]GraduationThesis/Drivers/CMSIS/DSP/Include" -I"D:/Code/AI/EdgeAI/GT/[Ver1]GraduationThesis/Drivers/CMSIS/DSP/Lib" -I../FATFS/Target -I"D:/Code/AI/EdgeAI/GT/[Ver1]GraduationThesis/Drivers/CMSIS/STM32_AI_AudioPreprocessing_Library/Inc" -I../FATFS/App -I../X-CUBE-AI/App -I../X-CUBE-AI -I../Core/Inc -I../Middlewares/ST/AI/Inc -I../Drivers/STM32H7xx_HAL_Driver/Inc -I../Drivers/STM32H7xx_HAL_Driver/Inc/Legacy -I../Middlewares/Third_Party/FatFs/src -I../Drivers/CMSIS/Device/ST/STM32H7xx/Include -I../Drivers/CMSIS/Include -include"D:/Code/AI/EdgeAI/GT/[Ver1]GraduationThesis/Drivers/CMSIS/STM32_AI_AudioPreprocessing_Library/Inc/feature_extraction.h" -include"D:/Code/AI/EdgeAI/GT/[Ver1]GraduationThesis/Drivers/CMSIS/DSP/Include/arm_math.h" -O0 -ffunction-sections -fdata-sections -Wall -mcpu=cortex-m7 -mfpu=fpv5-d16 -mfloat-abi=hard -fstack-usage -fcyclomatic-complexity -MMD -MP -MF"Drivers/CMSIS/STM32_AI_AudioPreprocessing_Library/Src/feature_extraction.d" -MT"Drivers/CMSIS/STM32_AI_AudioPreprocessing_Library/Src/feature_extraction.o" --specs=nano.specs -mfpu=fpv5-d16 -mfloat-abi=hard -mthumb -o "Drivers/CMSIS/STM32_AI_AudioPreprocessing_Library/Src/feature_extraction.o"
arm-none-eabi-gcc "../Drivers/CMSIS/STM32_AI_AudioPreprocessing_Library/Src/mel_filterbank.c" -mcpu=cortex-m7 -std=gnu11 -g3 -DDEBUG -DUSE_PWR_LDO_SUPPLY -DUSE_HAL_DRIVER -DSTM32H743xx -DARM_MATH_CM7 -D__FPU_PRESENT=1U -c -I"D:/Code/AI/EdgeAI/GT/[Ver1]GraduationThesis/Drivers/CMSIS/DSP/Include" -I"D:/Code/AI/EdgeAI/GT/[Ver1]GraduationThesis/Drivers/CMSIS/DSP/Lib" -I../FATFS/Target -I"D:/Code/AI/EdgeAI/GT/[Ver1]GraduationThesis/Drivers/CMSIS/STM32_AI_AudioPreprocessing_Library/Inc" -I../FATFS/App -I../X-CUBE-AI/App -I../X-CUBE-AI -I../Core/Inc -I../Middlewares/ST/AI/Inc -I../Drivers/STM32H7xx_HAL_Driver/Inc -I../Drivers/STM32H7xx_HAL_Driver/Inc/Legacy -I../Middlewares/Third_Party/FatFs/src -I../Drivers/CMSIS/Device/ST/STM32H7xx/Include -I../Drivers/CMSIS/Include -include"D:/Code/AI/EdgeAI/GT/[Ver1]GraduationThesis/Drivers/CMSIS/STM32_AI_AudioPreprocessing_Library/Inc/feature_extraction.h" -include"D:/Code/AI/EdgeAI/GT/[Ver1]GraduationThesis/Drivers/CMSIS/DSP/Include/arm_math.h" -O0 -ffunction-sections -fdata-sections -Wall -mcpu=cortex-m7 -mfpu=fpv5-d16 -mfloat-abi=hard -fstack-usage -fcyclomatic-complexity -MMD -MP -MF"Drivers/CMSIS/STM32_AI_AudioPreprocessing_Library/Src/mel_filterbank.d" -MT"Drivers/CMSIS/STM32_AI_AudioPreprocessing_Library/Src/mel_filterbank.o" --specs=nano.specs -mfpu=fpv5-d16 -mfloat-abi=hard -mthumb -o "Drivers/CMSIS/STM32_AI_AudioPreprocessing_Library/Src/mel_filterbank.o"
arm-none-eabi-gcc "../Drivers/CMSIS/STM32_AI_AudioPreprocessing_Library/Src/window.c" -mcpu=cortex-m7 -std=gnu11 -g3 -DDEBUG -DUSE_PWR_LDO_SUPPLY -DUSE_HAL_DRIVER -DSTM32H743xx -DARM_MATH_CM7 -D__FPU_PRESENT=1U -c -I"D:/Code/AI/EdgeAI/GT/[Ver1]GraduationThesis/Drivers/CMSIS/DSP/Include" -I"D:/Code/AI/EdgeAI/GT/[Ver1]GraduationThesis/Drivers/CMSIS/DSP/Lib" -I../FATFS/Target -I"D:/Code/AI/EdgeAI/GT/[Ver1]GraduationThesis/Drivers/CMSIS/STM32_AI_AudioPreprocessing_Library/Inc" -I../FATFS/App -I../X-CUBE-AI/App -I../X-CUBE-AI -I../Core/Inc -I../Middlewares/ST/AI/Inc -I../Drivers/STM32H7xx_HAL_Driver/Inc -I../Drivers/STM32H7xx_HAL_Driver/Inc/Legacy -I../Middlewares/Third_Party/FatFs/src -I../Drivers/CMSIS/Device/ST/STM32H7xx/Include -I../Drivers/CMSIS/Include -include"D:/Code/AI/EdgeAI/GT/[Ver1]GraduationThesis/Drivers/CMSIS/STM32_AI_AudioPreprocessing_Library/Inc/feature_extraction.h" -include"D:/Code/AI/EdgeAI/GT/[Ver1]GraduationThesis/Drivers/CMSIS/DSP/Include/arm_math.h" -O0 -ffunction-sections -fdata-sections -Wall -mcpu=cortex-m7 -mfpu=fpv5-d16 -mfloat-abi=hard -fstack-usage -fcyclomatic-complexity -MMD -MP -MF"Drivers/CMSIS/STM32_AI_AudioPreprocessing_Library/Src/window.d" -MT"Drivers/CMSIS/STM32_AI_AudioPreprocessing_Library/Src/window.o" --specs=nano.specs -mfpu=fpv5-d16 -mfloat-abi=hard -mthumb -o "Drivers/CMSIS/STM32_AI_AudioPreprocessing_Library/Src/window.o"
arm-none-eabi-gcc -mcpu=cortex-m7 -g3 -DDEBUG -c -x assembler-with-cpp -MMD -MP -MF"Core/Startup/startup_stm32h743vitx.d" -MT"Core/Startup/startup_stm32h743vitx.o" --specs=nano.specs -mfpu=fpv5-d16 -mfloat-abi=hard -mthumb -o "Core/Startup/startup_stm32h743vitx.o" "../Core/Startup/startup_stm32h743vitx.s"
arm-none-eabi-gcc "../Core/Src/audio_capture.c" -mcpu=cortex-m7 -std=gnu11 -g3 -DDEBUG -DUSE_PWR_LDO_SUPPLY -DUSE_HAL_DRIVER -DSTM32H743xx -DARM_MATH_CM7 -D__FPU_PRESENT=1U -c -I"D:/Code/AI/EdgeAI/GT/[Ver1]GraduationThesis/Drivers/CMSIS/DSP/Include" -I"D:/Code/AI/EdgeAI/GT/[Ver1]GraduationThesis/Drivers/CMSIS/DSP/Lib" -I../FATFS/Target -I"D:/Code/AI/EdgeAI/GT/[Ver1]GraduationThesis/Drivers/CMSIS/STM32_AI_AudioPreprocessing_Library/Inc" -I../FATFS/App -I../X-CUBE-AI/App -I../X-CUBE-AI -I../Core/Inc -I../Middlewares/ST/AI/Inc -I../Drivers/STM32H7xx_HAL_Driver/Inc -I../Drivers/STM32H7xx_HAL_Driver/Inc/Legacy -I../Middlewares/Third_Party/FatFs/src -I../Drivers/CMSIS/Device/ST/STM32H7xx/Include -I../Drivers/CMSIS/Include -include"D:/Code/AI/EdgeAI/GT/[Ver1]GraduationThesis/Drivers/CMSIS/STM32_AI_AudioPreprocessing_Library/Inc/feature_extraction.h" -include"D:/Code/AI/EdgeAI/GT/[Ver1]GraduationThesis/Drivers/CMSIS/DSP/Include/arm_math.h" -O0 -ffunction-sections -fdata-sections -Wall -mcpu=cortex-m7 -mfpu=fpv5-d16 -mfloat-abi=hard -fstack-usage -fcyclomatic-complexity -MMD -MP -MF"Core/Src/audio_capture.d" -MT"Core/Src/audio_capture.o" --specs=nano.specs -mfpu=fpv5-d16 -mfloat-abi=hard -mthumb -o "Core/Src/audio_capture.o"
arm-none-eabi-gcc "../Core/Src/audio_preprocess.c" -mcpu=cortex-m7 -std=gnu11 -g3 -DDEBUG -DUSE_PWR_LDO_SUPPLY -DUSE_HAL_DRIVER -DSTM32H743xx -DARM_MATH_CM7 -D__FPU_PRESENT=1U -c -I"D:/Code/AI/EdgeAI/GT/[Ver1]GraduationThesis/Drivers/CMSIS/DSP/Include" -I"D:/Code/AI/EdgeAI/GT/[Ver1]GraduationThesis/Drivers/CMSIS/DSP/Lib" -I../FATFS/Target -I"D:/Code/AI/EdgeAI/GT/[Ver1]GraduationThesis/Drivers/CMSIS/STM32_AI_AudioPreprocessing_Library/Inc" -I../FATFS/App -I../X-CUBE-AI/App -I../X-CUBE-AI -I../Core/Inc -I../Middlewares/ST/AI/Inc -I../Drivers/STM32H7xx_HAL_Driver/Inc -I../Drivers/STM32H7xx_HAL_Driver/Inc/Legacy -I../Middlewares/Third_Party/FatFs/src -I../Drivers/CMSIS/Device/ST/STM32H7xx/Include -I../Drivers/CMSIS/Include -include"D:/Code/AI/EdgeAI/GT/[Ver1]GraduationThesis/Drivers/CMSIS/STM32_AI_AudioPreprocessing_Library/Inc/feature_extraction.h" -include"D:/Code/AI/EdgeAI/GT/[Ver1]GraduationThesis/Drivers/CMSIS/DSP/Include/arm_math.h" -O0 -ffunction-sections -fdata-sections -Wall -mcpu=cortex-m7 -mfpu=fpv5-d16 -mfloat-abi=hard -fstack-usage -fcyclomatic-complexity -MMD -MP -MF"Core/Src/audio_preprocess.d" -MT"Core/Src/audio_preprocess.o" --specs=nano.specs -mfpu=fpv5-d16 -mfloat-abi=hard -mthumb -o "Core/Src/audio_preprocess.o"
arm-none-eabi-gcc "../Core/Src/audio_sd.c" -mcpu=cortex-m7 -std=gnu11 -g3 -DDEBUG -DUSE_PWR_LDO_SUPPLY -DUSE_HAL_DRIVER -DSTM32H743xx -DARM_MATH_CM7 -D__FPU_PRESENT=1U -c -I"D:/Code/AI/EdgeAI/GT/[Ver1]GraduationThesis/Drivers/CMSIS/DSP/Include" -I"D:/Code/AI/EdgeAI/GT/[Ver1]GraduationThesis/Drivers/CMSIS/DSP/Lib" -I../FATFS/Target -I"D:/Code/AI/EdgeAI/GT/[Ver1]GraduationThesis/Drivers/CMSIS/STM32_AI_AudioPreprocessing_Library/Inc" -I../FATFS/App -I../X-CUBE-AI/App -I../X-CUBE-AI -I../Core/Inc -I../Middlewares/ST/AI/Inc -I../Drivers/STM32H7xx_HAL_Driver/Inc -I../Drivers/STM32H7xx_HAL_Driver/Inc/Legacy -I../Middlewares/Third_Party/FatFs/src -I../Drivers/CMSIS/Device/ST/STM32H7xx/Include -I../Drivers/CMSIS/Include -include"D:/Code/AI/EdgeAI/GT/[Ver1]GraduationThesis/Drivers/CMSIS/STM32_AI_AudioPreprocessing_Library/Inc/feature_extraction.h" -include"D:/Code/AI/EdgeAI/GT/[Ver1]GraduationThesis/Drivers/CMSIS/DSP/Include/arm_math.h" -O0 -ffunction-sections -fdata-sections -Wall -mcpu=cortex-m7 -mfpu=fpv5-d16 -mfloat-abi=hard -fstack-usage -fcyclomatic-complexity -MMD -MP -MF"Core/Src/audio_sd.d" -MT"Core/Src/audio_sd.o" --specs=nano.specs -mfpu=fpv5-d16 -mfloat-abi=hard -mthumb -o "Core/Src/audio_sd.o"
arm-none-eabi-gcc "../Core/Src/main.c" -mcpu=cortex-m7 -std=gnu11 -g3 -DDEBUG -DUSE_PWR_LDO_SUPPLY -DUSE_HAL_DRIVER -DSTM32H743xx -DARM_MATH_CM7 -D__FPU_PRESENT=1U -c -I"D:/Code/AI/EdgeAI/GT/[Ver1]GraduationThesis/Drivers/CMSIS/DSP/Include" -I"D:/Code/AI/EdgeAI/GT/[Ver1]GraduationThesis/Drivers/CMSIS/DSP/Lib" -I../FATFS/Target -I"D:/Code/AI/EdgeAI/GT/[Ver1]GraduationThesis/Drivers/CMSIS/STM32_AI_AudioPreprocessing_Library/Inc" -I../FATFS/App -I../X-CUBE-AI/App -I../X-CUBE-AI -I../Core/Inc -I../Middlewares/ST/AI/Inc -I../Drivers/STM32H7xx_HAL_Driver/Inc -I../Drivers/STM32H7xx_HAL_Driver/Inc/Legacy -I../Middlewares/Third_Party/FatFs/src -I../Drivers/CMSIS/Device/ST/STM32H7xx/Include -I../Drivers/CMSIS/Include -include"D:/Code/AI/EdgeAI/GT/[Ver1]GraduationThesis/Drivers/CMSIS/STM32_AI_AudioPreprocessing_Library/Inc/feature_extraction.h" -include"D:/Code/AI/EdgeAI/GT/[Ver1]GraduationThesis/Drivers/CMSIS/DSP/Include/arm_math.h" -O0 -ffunction-sections -fdata-sections -Wall -mcpu=cortex-m7 -mfpu=fpv5-d16 -mfloat-abi=hard -fstack-usage -fcyclomatic-complexity -MMD -MP -MF"Core/Src/main.d" -MT"Core/Src/main.o" --specs=nano.specs -mfpu=fpv5-d16 -mfloat-abi=hard -mthumb -o "Core/Src/main.o"
arm-none-eabi-gcc "../Core/Src/math_helper.c" -mcpu=cortex-m7 -std=gnu11 -g3 -DDEBUG -DUSE_PWR_LDO_SUPPLY -DUSE_HAL_DRIVER -DSTM32H743xx -DARM_MATH_CM7 -D__FPU_PRESENT=1U -c -I"D:/Code/AI/EdgeAI/GT/[Ver1]GraduationThesis/Drivers/CMSIS/DSP/Include" -I"D:/Code/AI/EdgeAI/GT/[Ver1]GraduationThesis/Drivers/CMSIS/DSP/Lib" -I../FATFS/Target -I"D:/Code/AI/EdgeAI/GT/[Ver1]GraduationThesis/Drivers/CMSIS/STM32_AI_AudioPreprocessing_Library/Inc" -I../FATFS/App -I../X-CUBE-AI/App -I../X-CUBE-AI -I../Core/Inc -I../Middlewares/ST/AI/Inc -I../Drivers/STM32H7xx_HAL_Driver/Inc -I../Drivers/STM32H7xx_HAL_Driver/Inc/Legacy -I../Middlewares/Third_Party/FatFs/src -I../Drivers/CMSIS/Device/ST/STM32H7xx/Include -I../Drivers/CMSIS/Include -include"D:/Code/AI/EdgeAI/GT/[Ver1]GraduationThesis/Drivers/CMSIS/STM32_AI_AudioPreprocessing_Library/Inc/feature_extraction.h" -include"D:/Code/AI/EdgeAI/GT/[Ver1]GraduationThesis/Drivers/CMSIS/DSP/Include/arm_math.h" -O0 -ffunction-sections -fdata-sections -Wall -mcpu=cortex-m7 -mfpu=fpv5-d16 -mfloat-abi=hard -fstack-usage -fcyclomatic-complexity -MMD -MP -MF"Core/Src/math_helper.d" -MT"Core/Src/math_helper.o" --specs=nano.specs -mfpu=fpv5-d16 -mfloat-abi=hard -mthumb -o "Core/Src/math_helper.o"
arm-none-eabi-gcc "../Core/Src/mfccextract.c" -mcpu=cortex-m7 -std=gnu11 -g3 -DDEBUG -DUSE_PWR_LDO_SUPPLY -DUSE_HAL_DRIVER -DSTM32H743xx -DARM_MATH_CM7 -D__FPU_PRESENT=1U -c -I"D:/Code/AI/EdgeAI/GT/[Ver1]GraduationThesis/Drivers/CMSIS/DSP/Include" -I"D:/Code/AI/EdgeAI/GT/[Ver1]GraduationThesis/Drivers/CMSIS/DSP/Lib" -I../FATFS/Target -I"D:/Code/AI/EdgeAI/GT/[Ver1]GraduationThesis/Drivers/CMSIS/STM32_AI_AudioPreprocessing_Library/Inc" -I../FATFS/App -I../X-CUBE-AI/App -I../X-CUBE-AI -I../Core/Inc -I../Middlewares/ST/AI/Inc -I../Drivers/STM32H7xx_HAL_Driver/Inc -I../Drivers/STM32H7xx_HAL_Driver/Inc/Legacy -I../Middlewares/Third_Party/FatFs/src -I../Drivers/CMSIS/Device/ST/STM32H7xx/Include -I../Drivers/CMSIS/Include -include"D:/Code/AI/EdgeAI/GT/[Ver1]GraduationThesis/Drivers/CMSIS/STM32_AI_AudioPreprocessing_Library/Inc/feature_extraction.h" -include"D:/Code/AI/EdgeAI/GT/[Ver1]GraduationThesis/Drivers/CMSIS/DSP/Include/arm_math.h" -O0 -ffunction-sections -fdata-sections -Wall -mcpu=cortex-m7 -mfpu=fpv5-d16 -mfloat-abi=hard -fstack-usage -fcyclomatic-complexity -MMD -MP -MF"Core/Src/mfccextract.d" -MT"Core/Src/mfccextract.o" --specs=nano.specs -mfpu=fpv5-d16 -mfloat-abi=hard -mthumb -o "Core/Src/mfccextract.o"
arm-none-eabi-gcc "../Core/Src/stm32h7xx_hal_msp.c" -mcpu=cortex-m7 -std=gnu11 -g3 -DDEBUG -DUSE_PWR_LDO_SUPPLY -DUSE_HAL_DRIVER -DSTM32H743xx -DARM_MATH_CM7 -D__FPU_PRESENT=1U -c -I"D:/Code/AI/EdgeAI/GT/[Ver1]GraduationThesis/Drivers/CMSIS/DSP/Include" -I"D:/Code/AI/EdgeAI/GT/[Ver1]GraduationThesis/Drivers/CMSIS/DSP/Lib" -I../FATFS/Target -I"D:/Code/AI/EdgeAI/GT/[Ver1]GraduationThesis/Drivers/CMSIS/STM32_AI_AudioPreprocessing_Library/Inc" -I../FATFS/App -I../X-CUBE-AI/App -I../X-CUBE-AI -I../Core/Inc -I../Middlewares/ST/AI/Inc -I../Drivers/STM32H7xx_HAL_Driver/Inc -I../Drivers/STM32H7xx_HAL_Driver/Inc/Legacy -I../Middlewares/Third_Party/FatFs/src -I../Drivers/CMSIS/Device/ST/STM32H7xx/Include -I../Drivers/CMSIS/Include -include"D:/Code/AI/EdgeAI/GT/[Ver1]GraduationThesis/Drivers/CMSIS/STM32_AI_AudioPreprocessing_Library/Inc/feature_extraction.h" -include"D:/Code/AI/EdgeAI/GT/[Ver1]GraduationThesis/Drivers/CMSIS/DSP/Include/arm_math.h" -O0 -ffunction-sections -fdata-sections -Wall -mcpu=cortex-m7 -mfpu=fpv5-d16 -mfloat-abi=hard -fstack-usage -fcyclomatic-complexity -MMD -MP -MF"Core/Src/stm32h7xx_hal_msp.d" -MT"Core/Src/stm32h7xx_hal_msp.o" --specs=nano.specs -mfpu=fpv5-d16 -mfloat-abi=hard -mthumb -o "Core/Src/stm32h7xx_hal_msp.o"
arm-none-eabi-gcc "../Core/Src/stm32h7xx_it.c" -mcpu=cortex-m7 -std=gnu11 -g3 -DDEBUG -DUSE_PWR_LDO_SUPPLY -DUSE_HAL_DRIVER -DSTM32H743xx -DARM_MATH_CM7 -D__FPU_PRESENT=1U -c -I"D:/Code/AI/EdgeAI/GT/[Ver1]GraduationThesis/Drivers/CMSIS/DSP/Include" -I"D:/Code/AI/EdgeAI/GT/[Ver1]GraduationThesis/Drivers/CMSIS/DSP/Lib" -I../FATFS/Target -I"D:/Code/AI/EdgeAI/GT/[Ver1]GraduationThesis/Drivers/CMSIS/STM32_AI_AudioPreprocessing_Library/Inc" -I../FATFS/App -I../X-CUBE-AI/App -I../X-CUBE-AI -I../Core/Inc -I../Middlewares/ST/AI/Inc -I../Drivers/STM32H7xx_HAL_Driver/Inc -I../Drivers/STM32H7xx_HAL_Driver/Inc/Legacy -I../Middlewares/Third_Party/FatFs/src -I../Drivers/CMSIS/Device/ST/STM32H7xx/Include -I../Drivers/CMSIS/Include -include"D:/Code/AI/EdgeAI/GT/[Ver1]GraduationThesis/Drivers/CMSIS/STM32_AI_AudioPreprocessing_Library/Inc/feature_extraction.h" -include"D:/Code/AI/EdgeAI/GT/[Ver1]GraduationThesis/Drivers/CMSIS/DSP/Include/arm_math.h" -O0 -ffunction-sections -fdata-sections -Wall -mcpu=cortex-m7 -mfpu=fpv5-d16 -mfloat-abi=hard -fstack-usage -fcyclomatic-complexity -MMD -MP -MF"Core/Src/stm32h7xx_it.d" -MT"Core/Src/stm32h7xx_it.o" --specs=nano.specs -mfpu=fpv5-d16 -mfloat-abi=hard -mthumb -o "Core/Src/stm32h7xx_it.o"
arm-none-eabi-gcc "../Core/Src/sysmem.c" -mcpu=cortex-m7 -std=gnu11 -g3 -DDEBUG -DUSE_PWR_LDO_SUPPLY -DUSE_HAL_DRIVER -DSTM32H743xx -DARM_MATH_CM7 -D__FPU_PRESENT=1U -c -I"D:/Code/AI/EdgeAI/GT/[Ver1]GraduationThesis/Drivers/CMSIS/DSP/Include" -I"D:/Code/AI/EdgeAI/GT/[Ver1]GraduationThesis/Drivers/CMSIS/DSP/Lib" -I../FATFS/Target -I"D:/Code/AI/EdgeAI/GT/[Ver1]GraduationThesis/Drivers/CMSIS/STM32_AI_AudioPreprocessing_Library/Inc" -I../FATFS/App -I../X-CUBE-AI/App -I../X-CUBE-AI -I../Core/Inc -I../Middlewares/ST/AI/Inc -I../Drivers/STM32H7xx_HAL_Driver/Inc -I../Drivers/STM32H7xx_HAL_Driver/Inc/Legacy -I../Middlewares/Third_Party/FatFs/src -I../Drivers/CMSIS/Device/ST/STM32H7xx/Include -I../Drivers/CMSIS/Include -include"D:/Code/AI/EdgeAI/GT/[Ver1]GraduationThesis/Drivers/CMSIS/STM32_AI_AudioPreprocessing_Library/Inc/feature_extraction.h" -include"D:/Code/AI/EdgeAI/GT/[Ver1]GraduationThesis/Drivers/CMSIS/DSP/Include/arm_math.h" -O0 -ffunction-sections -fdata-sections -Wall -mcpu=cortex-m7 -mfpu=fpv5-d16 -mfloat-abi=hard -fstack-usage -fcyclomatic-complexity -MMD -MP -MF"Core/Src/sysmem.d" -MT"Core/Src/sysmem.o" --specs=nano.specs -mfpu=fpv5-d16 -mfloat-abi=hard -mthumb -o "Core/Src/sysmem.o"
arm-none-eabi-gcc "../Core/Src/system_stm32h7xx.c" -mcpu=cortex-m7 -std=gnu11 -g3 -DDEBUG -DUSE_PWR_LDO_SUPPLY -DUSE_HAL_DRIVER -DSTM32H743xx -DARM_MATH_CM7 -D__FPU_PRESENT=1U -c -I"D:/Code/AI/EdgeAI/GT/[Ver1]GraduationThesis/Drivers/CMSIS/DSP/Include" -I"D:/Code/AI/EdgeAI/GT/[Ver1]GraduationThesis/Drivers/CMSIS/DSP/Lib" -I../FATFS/Target -I"D:/Code/AI/EdgeAI/GT/[Ver1]GraduationThesis/Drivers/CMSIS/STM32_AI_AudioPreprocessing_Library/Inc" -I../FATFS/App -I../X-CUBE-AI/App -I../X-CUBE-AI -I../Core/Inc -I../Middlewares/ST/AI/Inc -I../Drivers/STM32H7xx_HAL_Driver/Inc -I../Drivers/STM32H7xx_HAL_Driver/Inc/Legacy -I../Middlewares/Third_Party/FatFs/src -I../Drivers/CMSIS/Device/ST/STM32H7xx/Include -I../Drivers/CMSIS/Include -include"D:/Code/AI/EdgeAI/GT/[Ver1]GraduationThesis/Drivers/CMSIS/STM32_AI_AudioPreprocessing_Library/Inc/feature_extraction.h" -include"D:/Code/AI/EdgeAI/GT/[Ver1]GraduationThesis/Drivers/CMSIS/DSP/Include/arm_math.h" -O0 -ffunction-sections -fdata-sections -Wall -mcpu=cortex-m7 -mfpu=fpv5-d16 -mfloat-abi=hard -fstack-usage -fcyclomatic-complexity -MMD -MP -MF"Core/Src/system_stm32h7xx.d" -MT"Core/Src/system_stm32h7xx.o" --specs=nano.specs -mfpu=fpv5-d16 -mfloat-abi=hard -mthumb -o "Core/Src/system_stm32h7xx.o"
arm-none-eabi-gcc -o "[Ver1]GraduationThesis.elf" @"objects.list"  -l:NetworkRuntime1020_CM7_GCC.a -l:libarm_cortexM7lfdp_math.a -mcpu=cortex-m7 -T"D:\Code\AI\EdgeAI\GT\[Ver1]GraduationThesis\STM32H743VITX_FLASH.ld" --specs=nosys.specs -Wl,-Map="[Ver1]GraduationThesis.map" -Wl,--gc-sections -static -L../Middlewares/ST/AI/Lib -L"D:\Code\AI\EdgeAI\GT\[Ver1]GraduationThesis\Drivers\CMSIS\DSP\Lib\GCC" --specs=nano.specs -mfpu=fpv5-d16 -mfloat-abi=hard -mthumb -u _scanf_float -Wl,--start-group -lc -lm -Wl,--end-group
C:/ST/STM32CubeIDE_1.17.0/STM32CubeIDE/plugins/com.st.stm32cube.ide.mcu.externaltools.gnu-tools-for-stm32.12.3.rel1.win32_1.1.0.202410251130/tools/bin/../lib/gcc/arm-none-eabi/12.3.1/../../../../arm-none-eabi/bin/ld.exe: C:/ST/STM32CubeIDE_1.17.0/STM32CubeIDE/plugins/com.st.stm32cube.ide.mcu.externaltools.gnu-tools-for-stm32.12.3.rel1.win32_1.1.0.202410251130/tools/bin/../lib/gcc/arm-none-eabi/12.3.1/../../../../arm-none-eabi/lib/thumb/v7e-m+dp/hard\libc_nano.a(libc_a-closer.o): in function `_close_r':
(.text._close_r+0xc): warning: _close is not implemented and will always fail
C:/ST/STM32CubeIDE_1.17.0/STM32CubeIDE/plugins/com.st.stm32cube.ide.mcu.externaltools.gnu-tools-for-stm32.12.3.rel1.win32_1.1.0.202410251130/tools/bin/../lib/gcc/arm-none-eabi/12.3.1/../../../../arm-none-eabi/bin/ld.exe: C:/ST/STM32CubeIDE_1.17.0/STM32CubeIDE/plugins/com.st.stm32cube.ide.mcu.externaltools.gnu-tools-for-stm32.12.3.rel1.win32_1.1.0.202410251130/tools/bin/../lib/gcc/arm-none-eabi/12.3.1/../../../../arm-none-eabi/lib/thumb/v7e-m+dp/hard\libc_nano.a(libc_a-fstatr.o): in function `_fstat_r':
(.text._fstat_r+0xe): warning: _fstat is not implemented and will always fail
C:/ST/STM32CubeIDE_1.17.0/STM32CubeIDE/plugins/com.st.stm32cube.ide.mcu.externaltools.gnu-tools-for-stm32.12.3.rel1.win32_1.1.0.202410251130/tools/bin/../lib/gcc/arm-none-eabi/12.3.1/../../../../arm-none-eabi/bin/ld.exe: C:/ST/STM32CubeIDE_1.17.0/STM32CubeIDE/plugins/com.st.stm32cube.ide.mcu.externaltools.gnu-tools-for-stm32.12.3.rel1.win32_1.1.0.202410251130/tools/bin/../lib/gcc/arm-none-eabi/12.3.1/../../../../arm-none-eabi/lib/thumb/v7e-m+dp/hard\libc_nano.a(libc_a-signalr.o): in function `_getpid_r':
(.text._getpid_r+0x0): warning: _getpid is not implemented and will always fail
C:/ST/STM32CubeIDE_1.17.0/STM32CubeIDE/plugins/com.st.stm32cube.ide.mcu.externaltools.gnu-tools-for-stm32.12.3.rel1.win32_1.1.0.202410251130/tools/bin/../lib/gcc/arm-none-eabi/12.3.1/../../../../arm-none-eabi/bin/ld.exe: C:/ST/STM32CubeIDE_1.17.0/STM32CubeIDE/plugins/com.st.stm32cube.ide.mcu.externaltools.gnu-tools-for-stm32.12.3.rel1.win32_1.1.0.202410251130/tools/bin/../lib/gcc/arm-none-eabi/12.3.1/../../../../arm-none-eabi/lib/thumb/v7e-m+dp/hard\libc_nano.a(libc_a-isattyr.o): in function `_isatty_r':
(.text._isatty_r+0xc): warning: _isatty is not implemented and will always fail
C:/ST/STM32CubeIDE_1.17.0/STM32CubeIDE/plugins/com.st.stm32cube.ide.mcu.externaltools.gnu-tools-for-stm32.12.3.rel1.win32_1.1.0.202410251130/tools/bin/../lib/gcc/arm-none-eabi/12.3.1/../../../../arm-none-eabi/bin/ld.exe: C:/ST/STM32CubeIDE_1.17.0/STM32CubeIDE/plugins/com.st.stm32cube.ide.mcu.externaltools.gnu-tools-for-stm32.12.3.rel1.win32_1.1.0.202410251130/tools/bin/../lib/gcc/arm-none-eabi/12.3.1/../../../../arm-none-eabi/lib/thumb/v7e-m+dp/hard\libc_nano.a(libc_a-signalr.o): in function `_kill_r':
(.text._kill_r+0xe): warning: _kill is not implemented and will always fail
C:/ST/STM32CubeIDE_1.17.0/STM32CubeIDE/plugins/com.st.stm32cube.ide.mcu.externaltools.gnu-tools-for-stm32.12.3.rel1.win32_1.1.0.202410251130/tools/bin/../lib/gcc/arm-none-eabi/12.3.1/../../../../arm-none-eabi/bin/ld.exe: C:/ST/STM32CubeIDE_1.17.0/STM32CubeIDE/plugins/com.st.stm32cube.ide.mcu.externaltools.gnu-tools-for-stm32.12.3.rel1.win32_1.1.0.202410251130/tools/bin/../lib/gcc/arm-none-eabi/12.3.1/../../../../arm-none-eabi/lib/thumb/v7e-m+dp/hard\libc_nano.a(libc_a-lseekr.o): in function `_lseek_r':
(.text._lseek_r+0x10): warning: _lseek is not implemented and will always fail
C:/ST/STM32CubeIDE_1.17.0/STM32CubeIDE/plugins/com.st.stm32cube.ide.mcu.externaltools.gnu-tools-for-stm32.12.3.rel1.win32_1.1.0.202410251130/tools/bin/../lib/gcc/arm-none-eabi/12.3.1/../../../../arm-none-eabi/bin/ld.exe: C:/ST/STM32CubeIDE_1.17.0/STM32CubeIDE/plugins/com.st.stm32cube.ide.mcu.externaltools.gnu-tools-for-stm32.12.3.rel1.win32_1.1.0.202410251130/tools/bin/../lib/gcc/arm-none-eabi/12.3.1/../../../../arm-none-eabi/lib/thumb/v7e-m+dp/hard\libc_nano.a(libc_a-readr.o): in function `_read_r':
(.text._read_r+0x10): warning: _read is not implemented and will always fail
C:/ST/STM32CubeIDE_1.17.0/STM32CubeIDE/plugins/com.st.stm32cube.ide.mcu.externaltools.gnu-tools-for-stm32.12.3.rel1.win32_1.1.0.202410251130/tools/bin/../lib/gcc/arm-none-eabi/12.3.1/../../../../arm-none-eabi/bin/ld.exe: C:/ST/STM32CubeIDE_1.17.0/STM32CubeIDE/plugins/com.st.stm32cube.ide.mcu.externaltools.gnu-tools-for-stm32.12.3.rel1.win32_1.1.0.202410251130/tools/bin/../lib/gcc/arm-none-eabi/12.3.1/../../../../arm-none-eabi/lib/thumb/v7e-m+dp/hard\libc_nano.a(libc_a-writer.o): in function `_write_r':
(.text._write_r+0x10): warning: _write is not implemented and will always fail
Finished building target: [Ver1]GraduationThesis.elf
 
arm-none-eabi-size  [Ver1]GraduationThesis.elf 
arm-none-eabi-objdump -h -S [Ver1]GraduationThesis.elf  > "[Ver1]GraduationThesis.list"
arm-none-eabi-objcopy  -O binary [Ver1]GraduationThesis.elf  "[Ver1]GraduationThesis.bin"
   text	   data	    bss	    dec	    hex	filename
 125236	   5224	 368764	 499224	  79e18	[Ver1]GraduationThesis.elf
Finished building: default.size.stdout
 
Finished building: [Ver1]GraduationThesis.bin
 
Finished building: [Ver1]GraduationThesis.list
 

23:32:12 Build Finished. 0 errors, 8 warnings. (took 41s.46ms)

