Archive member included to satisfy reference by file (symbol)

C:/ST/STM32CubeIDE_1.17.0/STM32CubeIDE/plugins/com.st.stm32cube.ide.mcu.externaltools.gnu-tools-for-stm32.12.3.rel1.win32_1.1.0.202410251130/tools/bin/../lib/gcc/arm-none-eabi/12.3.1/../../../../arm-none-eabi/lib/thumb/v7e-m+dp/hard\libc_nano.a(libc_a-exit.o)
                              C:/ST/STM32CubeIDE_1.17.0/STM32CubeIDE/plugins/com.st.stm32cube.ide.mcu.externaltools.gnu-tools-for-stm32.12.3.rel1.win32_1.1.0.202410251130/tools/bin/../lib/gcc/arm-none-eabi/12.3.1/../../../../arm-none-eabi/lib/thumb/v7e-m+dp/hard/crt0.o (exit)
C:/ST/STM32CubeIDE_1.17.0/STM32CubeIDE/plugins/com.st.stm32cube.ide.mcu.externaltools.gnu-tools-for-stm32.12.3.rel1.win32_1.1.0.202410251130/tools/bin/../lib/gcc/arm-none-eabi/12.3.1/../../../../arm-none-eabi/lib/thumb/v7e-m+dp/hard\libc_nano.a(libc_a-findfp.o)
                              C:/ST/STM32CubeIDE_1.17.0/STM32CubeIDE/plugins/com.st.stm32cube.ide.mcu.externaltools.gnu-tools-for-stm32.12.3.rel1.win32_1.1.0.202410251130/tools/bin/../lib/gcc/arm-none-eabi/12.3.1/../../../../arm-none-eabi/lib/thumb/v7e-m+dp/hard\libc_nano.a(libc_a-exit.o) (__stdio_exit_handler)
C:/ST/STM32CubeIDE_1.17.0/STM32CubeIDE/plugins/com.st.stm32cube.ide.mcu.externaltools.gnu-tools-for-stm32.12.3.rel1.win32_1.1.0.202410251130/tools/bin/../lib/gcc/arm-none-eabi/12.3.1/../../../../arm-none-eabi/lib/thumb/v7e-m+dp/hard\libc_nano.a(libc_a-fwalk.o)
                              C:/ST/STM32CubeIDE_1.17.0/STM32CubeIDE/plugins/com.st.stm32cube.ide.mcu.externaltools.gnu-tools-for-stm32.12.3.rel1.win32_1.1.0.202410251130/tools/bin/../lib/gcc/arm-none-eabi/12.3.1/../../../../arm-none-eabi/lib/thumb/v7e-m+dp/hard\libc_nano.a(libc_a-findfp.o) (_fwalk_sglue)
C:/ST/STM32CubeIDE_1.17.0/STM32CubeIDE/plugins/com.st.stm32cube.ide.mcu.externaltools.gnu-tools-for-stm32.12.3.rel1.win32_1.1.0.202410251130/tools/bin/../lib/gcc/arm-none-eabi/12.3.1/../../../../arm-none-eabi/lib/thumb/v7e-m+dp/hard\libc_nano.a(libc_a-printf.o)
                              ./Core/Src/audio_sd.o (printf)
C:/ST/STM32CubeIDE_1.17.0/STM32CubeIDE/plugins/com.st.stm32cube.ide.mcu.externaltools.gnu-tools-for-stm32.12.3.rel1.win32_1.1.0.202410251130/tools/bin/../lib/gcc/arm-none-eabi/12.3.1/../../../../arm-none-eabi/lib/thumb/v7e-m+dp/hard\libc_nano.a(libc_a-puts.o)
                              ./Core/Src/audio_sd.o (puts)
C:/ST/STM32CubeIDE_1.17.0/STM32CubeIDE/plugins/com.st.stm32cube.ide.mcu.externaltools.gnu-tools-for-stm32.12.3.rel1.win32_1.1.0.202410251130/tools/bin/../lib/gcc/arm-none-eabi/12.3.1/../../../../arm-none-eabi/lib/thumb/v7e-m+dp/hard\libc_nano.a(libc_a-stdio.o)
                              C:/ST/STM32CubeIDE_1.17.0/STM32CubeIDE/plugins/com.st.stm32cube.ide.mcu.externaltools.gnu-tools-for-stm32.12.3.rel1.win32_1.1.0.202410251130/tools/bin/../lib/gcc/arm-none-eabi/12.3.1/../../../../arm-none-eabi/lib/thumb/v7e-m+dp/hard\libc_nano.a(libc_a-findfp.o) (__sread)
C:/ST/STM32CubeIDE_1.17.0/STM32CubeIDE/plugins/com.st.stm32cube.ide.mcu.externaltools.gnu-tools-for-stm32.12.3.rel1.win32_1.1.0.202410251130/tools/bin/../lib/gcc/arm-none-eabi/12.3.1/../../../../arm-none-eabi/lib/thumb/v7e-m+dp/hard\libc_nano.a(libc_a-wbuf.o)
                              C:/ST/STM32CubeIDE_1.17.0/STM32CubeIDE/plugins/com.st.stm32cube.ide.mcu.externaltools.gnu-tools-for-stm32.12.3.rel1.win32_1.1.0.202410251130/tools/bin/../lib/gcc/arm-none-eabi/12.3.1/../../../../arm-none-eabi/lib/thumb/v7e-m+dp/hard\libc_nano.a(libc_a-puts.o) (__swbuf_r)
C:/ST/STM32CubeIDE_1.17.0/STM32CubeIDE/plugins/com.st.stm32cube.ide.mcu.externaltools.gnu-tools-for-stm32.12.3.rel1.win32_1.1.0.202410251130/tools/bin/../lib/gcc/arm-none-eabi/12.3.1/../../../../arm-none-eabi/lib/thumb/v7e-m+dp/hard\libc_nano.a(libc_a-wsetup.o)
                              C:/ST/STM32CubeIDE_1.17.0/STM32CubeIDE/plugins/com.st.stm32cube.ide.mcu.externaltools.gnu-tools-for-stm32.12.3.rel1.win32_1.1.0.202410251130/tools/bin/../lib/gcc/arm-none-eabi/12.3.1/../../../../arm-none-eabi/lib/thumb/v7e-m+dp/hard\libc_nano.a(libc_a-puts.o) (__swsetup_r)
C:/ST/STM32CubeIDE_1.17.0/STM32CubeIDE/plugins/com.st.stm32cube.ide.mcu.externaltools.gnu-tools-for-stm32.12.3.rel1.win32_1.1.0.202410251130/tools/bin/../lib/gcc/arm-none-eabi/12.3.1/../../../../arm-none-eabi/lib/thumb/v7e-m+dp/hard\libc_nano.a(libc_a-memset.o)
                              C:/ST/STM32CubeIDE_1.17.0/STM32CubeIDE/plugins/com.st.stm32cube.ide.mcu.externaltools.gnu-tools-for-stm32.12.3.rel1.win32_1.1.0.202410251130/tools/bin/../lib/gcc/arm-none-eabi/12.3.1/../../../../arm-none-eabi/lib/thumb/v7e-m+dp/hard/crt0.o (memset)
C:/ST/STM32CubeIDE_1.17.0/STM32CubeIDE/plugins/com.st.stm32cube.ide.mcu.externaltools.gnu-tools-for-stm32.12.3.rel1.win32_1.1.0.202410251130/tools/bin/../lib/gcc/arm-none-eabi/12.3.1/../../../../arm-none-eabi/lib/thumb/v7e-m+dp/hard\libc_nano.a(libc_a-closer.o)
[...]
Memory Configuration

Name             Origin             Length             Attributes
FLASH            0x08000000         0x00200000         xr
DTCMRAM          0x20000000         0x00020000         xrw
RAM_D1           0x24000000         0x00080000         xrw
RAM_D2           0x30000000         0x00048000         xrw
RAM_D3           0x38000000         0x00010000         xrw
ITCMRAM          0x00000000         0x00010000         xrw
*default*        0x00000000         0xffffffff

Linker script and memory map

LOAD C:/ST/STM32CubeIDE_1.17.0/STM32CubeIDE/plugins/com.st.stm32cube.ide.mcu.externaltools.gnu-tools-for-stm32.12.3.rel1.win32_1.1.0.202410251130/tools/bin/../lib/gcc/arm-none-eabi/12.3.1/thumb/v7e-m+dp/hard/crti.o
LOAD C:/ST/STM32CubeIDE_1.17.0/STM32CubeIDE/plugins/com.st.stm32cube.ide.mcu.externaltools.gnu-tools-for-stm32.12.3.rel1.win32_1.1.0.202410251130/tools/bin/../lib/gcc/arm-none-eabi/12.3.1/thumb/v7e-m+dp/hard/crtbegin.o
LOAD C:/ST/STM32CubeIDE_1.17.0/STM32CubeIDE/plugins/com.st.stm32cube.ide.mcu.externaltools.gnu-tools-for-stm32.12.3.rel1.win32_1.1.0.202410251130/tools/bin/../lib/gcc/arm-none-eabi/12.3.1/../../../../arm-none-eabi/lib/thumb/v7e-m+dp/hard/crt0.o
LOAD ./Core/Src/audio_sd.o
LOAD ./Core/Src/main.o
LOAD ./Core/Src/stm32h7xx_hal_msp.o
LOAD ./Core/Src/stm32h7xx_it.o
LOAD ./Core/Src/syscalls.o
LOAD ./Core/Src/sysmem.o
LOAD ./Core/Src/system_stm32h7xx.o
LOAD ./Core/Startup/startup_stm32h743vitx.o
LOAD ./Drivers/STM32H7xx_HAL_Driver/Src/stm32h7xx_hal.o
LOAD ./Drivers/STM32H7xx_HAL_Driver/Src/stm32h7xx_hal_cortex.o
LOAD ./Drivers/STM32H7xx_HAL_Driver/Src/stm32h7xx_hal_dma.o
LOAD ./Drivers/STM32H7xx_HAL_Driver/Src/stm32h7xx_hal_dma_ex.o
LOAD ./Drivers/STM32H7xx_HAL_Driver/Src/stm32h7xx_hal_exti.o
LOAD ./Drivers/STM32H7xx_HAL_Driver/Src/stm32h7xx_hal_flash.o
LOAD ./Drivers/STM32H7xx_HAL_Driver/Src/stm32h7xx_hal_flash_ex.o
LOAD ./Drivers/STM32H7xx_HAL_Driver/Src/stm32h7xx_hal_gpio.o
LOAD ./Drivers/STM32H7xx_HAL_Driver/Src/stm32h7xx_hal_hsem.o
LOAD ./Drivers/STM32H7xx_HAL_Driver/Src/stm32h7xx_hal_i2c.o
LOAD ./Drivers/STM32H7xx_HAL_Driver/Src/stm32h7xx_hal_i2c_ex.o
LOAD ./Drivers/STM32H7xx_HAL_Driver/Src/stm32h7xx_hal_i2s.o
LOAD ./Drivers/STM32H7xx_HAL_Driver/Src/stm32h7xx_hal_i2s_ex.o
LOAD ./Drivers/STM32H7xx_HAL_Driver/Src/stm32h7xx_hal_mdma.o
LOAD ./Drivers/STM32H7xx_HAL_Driver/Src/stm32h7xx_hal_mmc.o
LOAD ./Drivers/STM32H7xx_HAL_Driver/Src/stm32h7xx_hal_mmc_ex.o
LOAD ./Drivers/STM32H7xx_HAL_Driver/Src/stm32h7xx_hal_pwr.o
LOAD ./Drivers/STM32H7xx_HAL_Driver/Src/stm32h7xx_hal_pwr_ex.o
LOAD ./Drivers/STM32H7xx_HAL_Driver/Src/stm32h7xx_hal_rcc.o
LOAD ./Drivers/STM32H7xx_HAL_Driver/Src/stm32h7xx_hal_rcc_ex.o
LOAD ./Drivers/STM32H7xx_HAL_Driver/Src/stm32h7xx_hal_sd.o
LOAD ./Drivers/STM32H7xx_HAL_Driver/Src/stm32h7xx_hal_sd_ex.o
LOAD ./Drivers/STM32H7xx_HAL_Driver/Src/stm32h7xx_hal_tim.o
LOAD ./Drivers/STM32H7xx_HAL_Driver/Src/stm32h7xx_hal_tim_ex.o
LOAD ./Drivers/STM32H7xx_HAL_Driver/Src/stm32h7xx_ll_delayblock.o
LOAD ./Drivers/STM32H7xx_HAL_Driver/Src/stm32h7xx_ll_sdmmc.o
LOAD ./FATFS/App/fatfs.o
LOAD ./FATFS/Target/bsp_driver_sd.o
LOAD ./FATFS/Target/sd_diskio.o
LOAD ./Middlewares/Third_Party/FatFs/src/diskio.o
LOAD ./Middlewares/Third_Party/FatFs/src/ff.o
LOAD ./Middlewares/Third_Party/FatFs/src/ff_gen_drv.o
LOAD ./Middlewares/Third_Party/FatFs/src/option/syscall.o
START GROUP
LOAD C:/ST/STM32CubeIDE_1.17.0/STM32CubeIDE/plugins/com.st.stm32cube.ide.mcu.externaltools.gnu-tools-for-stm32.12.3.rel1.win32_1.1.0.202410251130/tools/bin/../lib/gcc/arm-none-eabi/12.3.1/../../../../arm-none-eabi/lib/thumb/v7e-m+dp/hard\libc_nano.a
LOAD C:/ST/STM32CubeIDE_1.17.0/STM32CubeIDE/plugins/com.st.stm32cube.ide.mcu.externaltools.gnu-tools-for-stm32.12.3.rel1.win32_1.1.0.202410251130/tools/bin/../lib/gcc/arm-none-eabi/12.3.1/../../../../arm-none-eabi/lib/thumb/v7e-m+dp/hard\libm.a
END GROUP
START GROUP
LOAD C:/ST/STM32CubeIDE_1.17.0/STM32CubeIDE/plugins/com.st.stm32cube.ide.mcu.externaltools.gnu-tools-for-stm32.12.3.rel1.win32_1.1.0.202410251130/tools/bin/../lib/gcc/arm-none-eabi/12.3.1/thumb/v7e-m+dp/hard\libgcc.a
LOAD C:/ST/STM32CubeIDE_1.17.0/STM32CubeIDE/plugins/com.st.stm32cube.ide.mcu.externaltools.gnu-tools-for-stm32.12.3.rel1.win32_1.1.0.202410251130/tools/bin/../lib/gcc/arm-none-eabi/12.3.1/../../../../arm-none-eabi/lib/thumb/v7e-m+dp/hard\libc_nano.a
END GROUP
START GROUP
LOAD C:/ST/STM32CubeIDE_1.17.0/STM32CubeIDE/plugins/com.st.stm32cube.ide.mcu.externaltools.gnu-tools-for-stm32.12.3.rel1.win32_1.1.0.202410251130/tools/bin/../lib/gcc/arm-none-eabi/12.3.1/thumb/v7e-m+dp/hard\libgcc.a
LOAD C:/ST/STM32CubeIDE_1.17.0/STM32CubeIDE/plugins/com.st.stm32cube.ide.mcu.externaltools.gnu-tools-for-stm32.12.3.rel1.win32_1.1.0.202410251130/tools/bin/../lib/gcc/arm-none-eabi/12.3.1/../../../../arm-none-eabi/lib/thumb/v7e-m+dp/hard\libc_nano.a
LOAD C:/ST/STM32CubeIDE_1.17.0/STM32CubeIDE/plugins/com.st.stm32cube.ide.mcu.externaltools.gnu-tools-for-stm32.12.3.rel1.win32_1.1.0.202410251130/tools/bin/../lib/gcc/arm-none-eabi/12.3.1/../../../../arm-none-eabi/lib/thumb/v7e-m+dp/hard\libnosys.a
END GROUP
START GROUP
LOAD C:/ST/STM32CubeIDE_1.17.0/STM32CubeIDE/plugins/com.st.stm32cube.ide.mcu.externaltools.gnu-tools-for-stm32.12.3.rel1.win32_1.1.0.202410251130/tools/bin/../lib/gcc/arm-none-eabi/12.3.1/thumb/v7e-m+dp/hard\libgcc.a
LOAD C:/ST/STM32CubeIDE_1.17.0/STM32CubeIDE/plugins/com.st.stm32cube.ide.mcu.externaltools.gnu-tools-for-stm32.12.3.rel1.win32_1.1.0.202410251130/tools/bin/../lib/gcc/arm-none-eabi/12.3.1/../../../../arm-none-eabi/lib/thumb/v7e-m+dp/hard\libc_nano.a
LOAD C:/ST/STM32CubeIDE_1.17.0/STM32CubeIDE/plugins/com.st.stm32cube.ide.mcu.externaltools.gnu-tools-for-stm32.12.3.rel1.win32_1.1.0.202410251130/tools/bin/../lib/gcc/arm-none-eabi/12.3.1/../../../../arm-none-eabi/lib/thumb/v7e-m+dp/hard\libnosys.a
END GROUP
LOAD C:/ST/STM32CubeIDE_1.17.0/STM32CubeIDE/plugins/com.st.stm32cube.ide.mcu.externaltools.gnu-tools-for-stm32.12.3.rel1.win32_1.1.0.202410251130/tools/bin/../lib/gcc/arm-none-eabi/12.3.1/thumb/v7e-m+dp/hard/crtend.o
LOAD C:/ST/STM32CubeIDE_1.17.0/STM32CubeIDE/plugins/com.st.stm32cube.ide.mcu.externaltools.gnu-tools-for-stm32.12.3.rel1.win32_1.1.0.202410251130/tools/bin/../lib/gcc/arm-none-eabi/12.3.1/thumb/v7e-m+dp/hard/crtn.o
                0x24080000                        _estack = (ORIGIN (RAM_D1) + LENGTH (RAM_D1))
                0x00000200                        _Min_Heap_Size = 0x200
                0x00000400                        _Min_Stack_Size = 0x400

.isr_vector     0x08000000      0x298
                0x08000000                        . = ALIGN (0x4)
 *(.isr_vector)
 .isr_vector    0x08000000      0x298 ./Core/Startup/startup_stm32h743vitx.o
                0x08000000                g_pfnVectors
                0x08000298                        . = ALIGN (0x4)

.text           0x080002a0     0xe9a4
                0x080002a0                        . = ALIGN (0x4)
 *(.text)
 .text          0x080002a0       0x40 C:/ST/STM32CubeIDE_1.17.0/STM32CubeIDE/plugins/com.st.stm32cube.ide.mcu.externaltools.gnu-tools-for-stm32.12.3.rel1.win32_1.1.0.202410251130/tools/bin/../lib/gcc/arm-none-eabi/12.3.1/thumb/v7e-m+dp/hard/crtbegin.o
 .text          0x080002e0       0xa0 C:/ST/STM32CubeIDE_1.17.0/STM32CubeIDE/plugins/com.st.stm32cube.ide.mcu.externaltools.gnu-tools-for-stm32.12.3.rel1.win32_1.1.0.202410251130/tools/bin/../lib/gcc/arm-none-eabi/12.3.1/../../../../arm-none-eabi/lib/thumb/v7e-m+dp/hard\libc_nano.a(libc_a-memchr.o)
                0x080002e0                memchr
 *(.text*)
 .text.sd_card_init
                0x08000380       0x4c ./Core/Src/audio_sd.o
                0x08000380                sd_card_init
 .text.start_recording
                0x080003cc      0x160 ./Core/Src/audio_sd.o
                0x080003cc                start_recording
 .text.write2wave_file
                0x0800052c       0x8c ./Core/Src/audio_sd.o
                0x0800052c                write2wave_file
 .text.stop_recording
                0x080005b8       0xe0 ./Core/Src/audio_sd.o
                0x080005b8                stop_recording
 .text.ITM_SendChar
                0x08000698       0x4e ./Core/Src/main.o
 *fill*         0x080006e6        0x2 
 .text.main     0x080006e8      0x1d4 ./Core/Src/main.o
                0x080006e8                main
 .text.SystemClock_Config
                0x080008bc       0xf8 ./Core/Src/main.o
                0x080008bc                SystemClock_Config
 .text.MX_I2S1_Init
                0x080009b4       0x68 ./Core/Src/main.o
 .text.MX_SDMMC1_SD_Init
                0x08000a1c       0x3c ./Core/Src/main.o
 .text.MX_TIM2_Init
                0x08000a58       0xe0 ./Core/Src/main.o
 .text.MX_DMA_Init
                0x08000b38       0x40 ./Core/Src/main.o
 .text.MX_GPIO_Init
                0x08000b78       0x90 ./Core/Src/main.o
 .text._write   0x08000c08       0x38 ./Core/Src/main.o
                0x08000c08                _write
 .text.HAL_I2S_RxCpltCallback
                0x08000c40       0x20 ./Core/Src/main.o
                0x08000c40                HAL_I2S_RxCpltCallback
 .text.HAL_I2S_RxHalfCpltCallback
                0x08000c60       0x20 ./Core/Src/main.o
                0x08000c60                HAL_I2S_RxHalfCpltCallback
 .text.MPU_Config
                0x08000c80       0x58 ./Core/Src/main.o
 .text.Error_Handler
                0x08000cd8        0xc ./Core/Src/main.o
                0x08000cd8                Error_Handler
 .text.HAL_MspInit
                0x08000ce4       0x34 ./Core/Src/stm32h7xx_hal_msp.o
                0x08000ce4                HAL_MspInit
 .text.HAL_I2S_MspInit
                0x08000d18      0x138 ./Core/Src/stm32h7xx_hal_msp.o
                0x08000d18                HAL_I2S_MspInit
 .text.HAL_SD_MspInit
                0x08000e50      0x11c ./Core/Src/stm32h7xx_hal_msp.o
                0x08000e50                HAL_SD_MspInit
 .text.HAL_TIM_PWM_MspInit
                0x08000f6c       0x40 ./Core/Src/stm32h7xx_hal_msp.o
                0x08000f6c                HAL_TIM_PWM_MspInit
 .text.HAL_TIM_MspPostInit
                0x08000fac       0x70 ./Core/Src/stm32h7xx_hal_msp.o
                0x08000fac                HAL_TIM_MspPostInit
 .text.NMI_Handler
                0x0800101c        0x8 ./Core/Src/stm32h7xx_it.o
                0x0800101c                NMI_Handler
 .text.HardFault_Handler
                0x08001024        0x8 ./Core/Src/stm32h7xx_it.o
                0x08001024                HardFault_Handler
 .text.MemManage_Handler
                0x0800102c        0x8 ./Core/Src/stm32h7xx_it.o
                0x0800102c                MemManage_Handler
 .text.BusFault_Handler
                0x08001034        0x8 ./Core/Src/stm32h7xx_it.o
                0x08001034                BusFault_Handler
 .text.UsageFault_Handler
                0x0800103c        0x8 ./Core/Src/stm32h7xx_it.o
                0x0800103c                UsageFault_Handler
 .text.SVC_Handler
                0x08001044        0xe ./Core/Src/stm32h7xx_it.o
                0x08001044                SVC_Handler
 .text.DebugMon_Handler
                0x08001052        0xe ./Core/Src/stm32h7xx_it.o
                0x08001052                DebugMon_Handler
 .text.PendSV_Handler
                0x08001060        0xe ./Core/Src/stm32h7xx_it.o
                0x08001060                PendSV_Handler
 .text.SysTick_Handler
                0x0800106e        0xc ./Core/Src/stm32h7xx_it.o
                0x0800106e                SysTick_Handler
 *fill*         0x0800107a        0x2 
 .text.DMA1_Stream0_IRQHandler
                0x0800107c       0x14 ./Core/Src/stm32h7xx_it.o
                0x0800107c                DMA1_Stream0_IRQHandler
 .text._read    0x08001090       0x3a ./Core/Src/syscalls.o
                0x08001090                _read
 .text._close   0x080010ca       0x18 ./Core/Src/syscalls.o
                0x080010ca                _close
 .text._fstat   0x080010e2       0x20 ./Core/Src/syscalls.o
                0x080010e2                _fstat
 .text._isatty  0x08001102       0x16 ./Core/Src/syscalls.o
                0x08001102                _isatty
 .text._lseek   0x08001118       0x1a ./Core/Src/syscalls.o
                0x08001118                _lseek
 *fill*         0x08001132        0x2 
 .text._sbrk    0x08001134       0x6c ./Core/Src/sysmem.o
                0x08001134                _sbrk
 .text.SystemInit
                0x080011a0      0x140 ./Core/Src/system_stm32h7xx.o
                0x080011a0                SystemInit
 .text.ExitRun0Mode
                0x080012e0       0x30 ./Core/Src/system_stm32h7xx.o
                0x080012e0                ExitRun0Mode
 .text.Reset_Handler
                0x08001310       0x54 ./Core/Startup/startup_stm32h743vitx.o
                0x08001310                Reset_Handler
 .text.Default_Handler
                0x08001364        0x2 ./Core/Startup/startup_stm32h743vitx.o
                0x08001364                RTC_Alarm_IRQHandler
                0x08001364                EXTI2_IRQHandler
                0x08001364                TIM8_CC_IRQHandler
                0x08001364                HRTIM1_Master_IRQHandler
                0x08001364                UART8_IRQHandler
                0x08001364                SPI4_IRQHandler
                0x08001364                TIM1_CC_IRQHandler
                0x08001364                BDMA_Channel6_IRQHandler
                0x08001364                DMA2_Stream5_IRQHandler
                0x08001364                HRTIM1_FLT_IRQHandler
                0x08001364                JPEG_IRQHandler
                0x08001364                DMA1_Stream5_IRQHandler
                0x08001364                BDMA_Channel1_IRQHandler
                0x08001364                HRTIM1_TIMD_IRQHandler
                0x08001364                TAMP_STAMP_IRQHandler
                0x08001364                EXTI3_IRQHandler
                0x08001364                LPTIM4_IRQHandler
                0x08001364                TIM8_TRG_COM_TIM14_IRQHandler
                0x08001364                LPTIM2_IRQHandler
                0x08001364                DFSDM1_FLT1_IRQHandler
                0x08001364                DMAMUX2_OVR_IRQHandler
                0x08001364                TIM8_UP_TIM13_IRQHandler
                0x08001364                I2C3_ER_IRQHandler
                0x08001364                DFSDM1_FLT2_IRQHandler
                0x08001364                MDMA_IRQHandler
                0x08001364                LPTIM3_IRQHandler
                0x08001364                HSEM1_IRQHandler
                0x08001364                EXTI0_IRQHandler
                0x08001364                I2C2_EV_IRQHandler
                0x08001364                DMA1_Stream2_IRQHandler
                0x08001364                FPU_IRQHandler
                0x08001364                OTG_HS_WKUP_IRQHandler
                0x08001364                FDCAN1_IT1_IRQHandler
                0x08001364                LTDC_ER_IRQHandler
                0x08001364                DMA2_Stream2_IRQHandler
                0x08001364                HRTIM1_TIME_IRQHandler
                0x08001364                SPI1_IRQHandler
                0x08001364                TIM6_DAC_IRQHandler
                0x08001364                DCMI_IRQHandler
                0x08001364                HRTIM1_TIMC_IRQHandler
                0x08001364                DMA2_Stream3_IRQHandler
                0x08001364                SAI2_IRQHandler
                0x08001364                DFSDM1_FLT3_IRQHandler
                0x08001364                USART6_IRQHandler
                0x08001364                TIM17_IRQHandler
                0x08001364                USART3_IRQHandler
                0x08001364                BDMA_Channel7_IRQHandler
                0x08001364                LPTIM5_IRQHandler
                0x08001364                UART5_IRQHandler
                0x08001364                ADC3_IRQHandler
                0x08001364                DMA2_Stream0_IRQHandler
                0x08001364                TIM4_IRQHandler
                0x08001364                BDMA_Channel2_IRQHandler
                0x08001364                QUADSPI_IRQHandler
                0x08001364                I2C1_EV_IRQHandler
                0x08001364                DMA1_Stream6_IRQHandler
                0x08001364                DMAMUX1_OVR_IRQHandler
                0x08001364                DMA1_Stream1_IRQHandler
                0x08001364                TIM16_IRQHandler
                0x08001364                UART4_IRQHandler
                0x08001364                BDMA_Channel5_IRQHandler
                0x08001364                TIM3_IRQHandler
                0x08001364                RCC_IRQHandler
                0x08001364                TIM8_BRK_TIM12_IRQHandler
                0x08001364                TIM1_TRG_COM_IRQHandler
                0x08001364                Default_Handler
                0x08001364                ECC_IRQHandler
                0x08001364                CEC_IRQHandler
                0x08001364                EXTI15_10_IRQHandler
                0x08001364                BDMA_Channel0_IRQHandler
                0x08001364                ADC_IRQHandler
                0x08001364                DMA1_Stream7_IRQHandler
                0x08001364                HRTIM1_TIMA_IRQHandler
                0x08001364                SPI5_IRQHandler
                0x08001364                TIM7_IRQHandler
                0x08001364                SDMMC1_IRQHandler
                0x08001364                TIM5_IRQHandler
                0x08001364                DMA2_Stream7_IRQHandler
                0x08001364                TIM15_IRQHandler
                0x08001364                PVD_AVD_IRQHandler
                0x08001364                I2C3_EV_IRQHandler
                0x08001364                EXTI9_5_IRQHandler
                0x08001364                RTC_WKUP_IRQHandler
                0x08001364                LTDC_IRQHandler
                0x08001364                SAI3_IRQHandler
                0x08001364                ETH_WKUP_IRQHandler
                0x08001364                SPDIF_RX_IRQHandler
                0x08001364                SPI2_IRQHandler
                0x08001364                OTG_HS_EP1_IN_IRQHandler
                0x08001364                CRS_IRQHandler
                0x08001364                EXTI4_IRQHandler
                0x08001364                RNG_IRQHandler
                0x08001364                HRTIM1_TIMB_IRQHandler
                0x08001364                FDCAN2_IT1_IRQHandler
                0x08001364                ETH_IRQHandler
                0x08001364                TIM1_UP_IRQHandler
                0x08001364                BDMA_Channel4_IRQHandler
                0x08001364                OTG_HS_EP1_OUT_IRQHandler
                0x08001364                WWDG_IRQHandler
                0x08001364                SPI6_IRQHandler
                0x08001364                MDIOS_IRQHandler
                0x08001364                I2C4_EV_IRQHandler
                0x08001364                FDCAN2_IT0_IRQHandler
                0x08001364                LPUART1_IRQHandler
                0x08001364                FDCAN1_IT0_IRQHandler
                0x08001364                TIM2_IRQHandler
                0x08001364                OTG_FS_WKUP_IRQHandler
                0x08001364                OTG_HS_IRQHandler
                0x08001364                DMA2D_IRQHandler
                0x08001364                TIM1_BRK_IRQHandler
                0x08001364                EXTI1_IRQHandler
                0x08001364                SDMMC2_IRQHandler
                0x08001364                OTG_FS_EP1_OUT_IRQHandler
                0x08001364                BDMA_Channel3_IRQHandler
                0x08001364                UART7_IRQHandler
                0x08001364                MDIOS_WKUP_IRQHandler
                0x08001364                USART2_IRQHandler
                0x08001364                DFSDM1_FLT0_IRQHandler
                0x08001364                SAI4_IRQHandler
                0x08001364                I2C2_ER_IRQHandler
                0x08001364                DMA2_Stream1_IRQHandler
                0x08001364                FLASH_IRQHandler
                0x08001364                DMA2_Stream4_IRQHandler
                0x08001364                USART1_IRQHandler
                0x08001364                OTG_FS_IRQHandler
                0x08001364                SPI3_IRQHandler
                0x08001364                WAKEUP_PIN_IRQHandler
                0x08001364                DMA1_Stream4_IRQHandler
                0x08001364                OTG_FS_EP1_IN_IRQHandler
                0x08001364                I2C1_ER_IRQHandler
                0x08001364                FMC_IRQHandler
                0x08001364                FDCAN_CAL_IRQHandler
                0x08001364                SWPMI1_IRQHandler
                0x08001364                COMP1_IRQHandler
                0x08001364                LPTIM1_IRQHandler
                0x08001364                I2C4_ER_IRQHandler
                0x08001364                DMA2_Stream6_IRQHandler
                0x08001364                SAI1_IRQHandler
                0x08001364                DMA1_Stream3_IRQHandler
 *fill*         0x08001366        0x2 
 .text.HAL_Init
                0x08001368       0x78 ./Drivers/STM32H7xx_HAL_Driver/Src/stm32h7xx_hal.o
                0x08001368                HAL_Init
 .text.HAL_InitTick
                0x080013e0       0x6c ./Drivers/STM32H7xx_HAL_Driver/Src/stm32h7xx_hal.o
                0x080013e0                HAL_InitTick
 .text.HAL_IncTick
                0x0800144c       0x28 ./Drivers/STM32H7xx_HAL_Driver/Src/stm32h7xx_hal.o
                0x0800144c                HAL_IncTick
 .text.HAL_GetTick
                0x08001474       0x18 ./Drivers/STM32H7xx_HAL_Driver/Src/stm32h7xx_hal.o
                0x08001474                HAL_GetTick
 .text.HAL_Delay
                0x0800148c       0x48 ./Drivers/STM32H7xx_HAL_Driver/Src/stm32h7xx_hal.o
                0x0800148c                HAL_Delay
 .text.HAL_GetREVID
                0x080014d4       0x18 ./Drivers/STM32H7xx_HAL_Driver/Src/stm32h7xx_hal.o
                0x080014d4                HAL_GetREVID
 .text.__NVIC_SetPriorityGrouping
                0x080014ec       0x48 ./Drivers/STM32H7xx_HAL_Driver/Src/stm32h7xx_hal_cortex.o
 .text.__NVIC_GetPriorityGrouping
                0x08001534       0x1c ./Drivers/STM32H7xx_HAL_Driver/Src/stm32h7xx_hal_cortex.o
 .text.__NVIC_EnableIRQ
                0x08001550       0x3c ./Drivers/STM32H7xx_HAL_Driver/Src/stm32h7xx_hal_cortex.o
 .text.__NVIC_SetPriority
                0x0800158c       0x54 ./Drivers/STM32H7xx_HAL_Driver/Src/stm32h7xx_hal_cortex.o
 .text.NVIC_EncodePriority
                0x080015e0       0x66 ./Drivers/STM32H7xx_HAL_Driver/Src/stm32h7xx_hal_cortex.o
 *fill*         0x08001646        0x2 
 .text.SysTick_Config
                0x08001648       0x44 ./Drivers/STM32H7xx_HAL_Driver/Src/stm32h7xx_hal_cortex.o
 .text.HAL_NVIC_SetPriorityGrouping
                0x0800168c       0x16 ./Drivers/STM32H7xx_HAL_Driver/Src/stm32h7xx_hal_cortex.o
                0x0800168c                HAL_NVIC_SetPriorityGrouping
 .text.HAL_NVIC_SetPriority
                0x080016a2       0x34 ./Drivers/STM32H7xx_HAL_Driver/Src/stm32h7xx_hal_cortex.o
                0x080016a2                HAL_NVIC_SetPriority
 .text.HAL_NVIC_EnableIRQ
                0x080016d6       0x1c ./Drivers/STM32H7xx_HAL_Driver/Src/stm32h7xx_hal_cortex.o
                0x080016d6                HAL_NVIC_EnableIRQ
 .text.HAL_SYSTICK_Config
                0x080016f2       0x18 ./Drivers/STM32H7xx_HAL_Driver/Src/stm32h7xx_hal_cortex.o
                0x080016f2                HAL_SYSTICK_Config
 *fill*         0x0800170a        0x2 
 .text.HAL_MPU_Disable
                0x0800170c       0x30 ./Drivers/STM32H7xx_HAL_Driver/Src/stm32h7xx_hal_cortex.o
                0x0800170c                HAL_MPU_Disable
 .text.HAL_MPU_Enable
                0x0800173c       0x40 ./Drivers/STM32H7xx_HAL_Driver/Src/stm32h7xx_hal_cortex.o
                0x0800173c                HAL_MPU_Enable
 .text.HAL_MPU_ConfigRegion
                0x0800177c       0x80 ./Drivers/STM32H7xx_HAL_Driver/Src/stm32h7xx_hal_cortex.o
                0x0800177c                HAL_MPU_ConfigRegion
 .text.HAL_DMA_Init
                0x080017fc      0x6b8 ./Drivers/STM32H7xx_HAL_Driver/Src/stm32h7xx_hal_dma.o
                0x080017fc                HAL_DMA_Init
 .text.HAL_DMA_Start_IT
                0x08001eb4      0x4d4 ./Drivers/STM32H7xx_HAL_Driver/Src/stm32h7xx_hal_dma.o
                0x08001eb4                HAL_DMA_Start_IT
 .text.HAL_DMA_Abort
                0x08002388      0x63c ./Drivers/STM32H7xx_HAL_Driver/Src/stm32h7xx_hal_dma.o
                0x08002388                HAL_DMA_Abort
 .text.HAL_DMA_IRQHandler
                0x080029c4      0xe54 ./Drivers/STM32H7xx_HAL_Driver/Src/stm32h7xx_hal_dma.o
                0x080029c4                HAL_DMA_IRQHandler
 .text.DMA_SetConfig
                0x08003818      0x358 ./Drivers/STM32H7xx_HAL_Driver/Src/stm32h7xx_hal_dma.o
 .text.DMA_CalcBaseAndBitshift
                0x08003b70      0x164 ./Drivers/STM32H7xx_HAL_Driver/Src/stm32h7xx_hal_dma.o
 .text.DMA_CheckFifoParam
                0x08003cd4       0xf8 ./Drivers/STM32H7xx_HAL_Driver/Src/stm32h7xx_hal_dma.o
 .text.DMA_CalcDMAMUXChannelBaseAndMask
                0x08003dcc      0x134 ./Drivers/STM32H7xx_HAL_Driver/Src/stm32h7xx_hal_dma.o
 .text.DMA_CalcDMAMUXRequestGenBaseAndMask
                0x08003f00       0xe8 ./Drivers/STM32H7xx_HAL_Driver/Src/stm32h7xx_hal_dma.o
 .text.HAL_GPIO_Init
                0x08003fe8      0x360 ./Drivers/STM32H7xx_HAL_Driver/Src/stm32h7xx_hal_gpio.o
                0x08003fe8                HAL_GPIO_Init
 .text.HAL_I2S_Init
                0x08004348      0x244 ./Drivers/STM32H7xx_HAL_Driver/Src/stm32h7xx_hal_i2s.o
                0x08004348                HAL_I2S_Init
 .text.HAL_I2S_Receive_DMA
                0x0800458c      0x144 ./Drivers/STM32H7xx_HAL_Driver/Src/stm32h7xx_hal_i2s.o
                0x0800458c                HAL_I2S_Receive_DMA
 .text.HAL_I2S_DMAStop
                0x080046d0       0x9e ./Drivers/STM32H7xx_HAL_Driver/Src/stm32h7xx_hal_i2s.o
                0x080046d0                HAL_I2S_DMAStop
 .text.HAL_I2S_ErrorCallback
                0x0800476e       0x14 ./Drivers/STM32H7xx_HAL_Driver/Src/stm32h7xx_hal_i2s.o
                0x0800476e                HAL_I2S_ErrorCallback
 .text.I2S_DMARxCplt
                0x08004782       0x42 ./Drivers/STM32H7xx_HAL_Driver/Src/stm32h7xx_hal_i2s.o
 .text.I2S_DMARxHalfCplt
                0x080047c4       0x1c ./Drivers/STM32H7xx_HAL_Driver/Src/stm32h7xx_hal_i2s.o
 .text.I2S_DMAError
                0x080047e0       0x4c ./Drivers/STM32H7xx_HAL_Driver/Src/stm32h7xx_hal_i2s.o
 .text.HAL_PWREx_ConfigSupply
                0x0800482c       0x74 ./Drivers/STM32H7xx_HAL_Driver/Src/stm32h7xx_hal_pwr_ex.o
                0x0800482c                HAL_PWREx_ConfigSupply
 .text.HAL_RCC_OscConfig
                0x080048a0      0x8b4 ./Drivers/STM32H7xx_HAL_Driver/Src/stm32h7xx_hal_rcc.o
                0x080048a0                HAL_RCC_OscConfig
 .text.HAL_RCC_ClockConfig
                0x08005154      0x36c ./Drivers/STM32H7xx_HAL_Driver/Src/stm32h7xx_hal_rcc.o
                0x08005154                HAL_RCC_ClockConfig
 .text.HAL_RCC_GetSysClockFreq
                0x080054c0      0x2f4 ./Drivers/STM32H7xx_HAL_Driver/Src/stm32h7xx_hal_rcc.o
                0x080054c0                HAL_RCC_GetSysClockFreq
 .text.HAL_RCC_GetHCLKFreq
                0x080057b4       0x60 ./Drivers/STM32H7xx_HAL_Driver/Src/stm32h7xx_hal_rcc.o
                0x080057b4                HAL_RCC_GetHCLKFreq
 .text.HAL_RCC_GetPCLK1Freq
                0x08005814       0x2c ./Drivers/STM32H7xx_HAL_Driver/Src/stm32h7xx_hal_rcc.o
                0x08005814                HAL_RCC_GetPCLK1Freq
 .text.HAL_RCCEx_PeriphCLKConfig
                0x08005840     0x1414 ./Drivers/STM32H7xx_HAL_Driver/Src/stm32h7xx_hal_rcc_ex.o
                0x08005840                HAL_RCCEx_PeriphCLKConfig
 .text.HAL_RCCEx_GetPeriphCLKFreq
                0x08006c54      0xb00 ./Drivers/STM32H7xx_HAL_Driver/Src/stm32h7xx_hal_rcc_ex.o
                0x08006c54                HAL_RCCEx_GetPeriphCLKFreq
 .text.HAL_RCCEx_GetD3PCLK1Freq
                0x08007754       0x2c ./Drivers/STM32H7xx_HAL_Driver/Src/stm32h7xx_hal_rcc_ex.o
                0x08007754                HAL_RCCEx_GetD3PCLK1Freq
 .text.HAL_RCCEx_GetPLL2ClockFreq
                0x08007780      0x2a8 ./Drivers/STM32H7xx_HAL_Driver/Src/stm32h7xx_hal_rcc_ex.o
                0x08007780                HAL_RCCEx_GetPLL2ClockFreq
 .text.HAL_RCCEx_GetPLL3ClockFreq
                0x08007a28      0x2a8 ./Drivers/STM32H7xx_HAL_Driver/Src/stm32h7xx_hal_rcc_ex.o
                0x08007a28                HAL_RCCEx_GetPLL3ClockFreq
 .text.HAL_RCCEx_GetPLL1ClockFreq
                0x08007cd0      0x2a4 ./Drivers/STM32H7xx_HAL_Driver/Src/stm32h7xx_hal_rcc_ex.o
                0x08007cd0                HAL_RCCEx_GetPLL1ClockFreq
 .text.RCCEx_PLL2_Config
                0x08007f74      0x164 ./Drivers/STM32H7xx_HAL_Driver/Src/stm32h7xx_hal_rcc_ex.o
 .text.RCCEx_PLL3_Config
                0x080080d8      0x164 ./Drivers/STM32H7xx_HAL_Driver/Src/stm32h7xx_hal_rcc_ex.o
 .text.HAL_SD_Init
                0x0800823c      0x106 ./Drivers/STM32H7xx_HAL_Driver/Src/stm32h7xx_hal_sd.o
                0x0800823c                HAL_SD_Init
 *fill*         0x08008342        0x2 
 .text.HAL_SD_InitCard
                0x08008344      0x138 ./Drivers/STM32H7xx_HAL_Driver/Src/stm32h7xx_hal_sd.o
                0x08008344                HAL_SD_InitCard
 .text.HAL_SD_ReadBlocks
                0x0800847c      0x314 ./Drivers/STM32H7xx_HAL_Driver/Src/stm32h7xx_hal_sd.o
                0x0800847c                HAL_SD_ReadBlocks
 .text.HAL_SD_WriteBlocks
                0x08008790      0x31c ./Drivers/STM32H7xx_HAL_Driver/Src/stm32h7xx_hal_sd.o
                0x08008790                HAL_SD_WriteBlocks
 .text.HAL_SD_GetCardCSD
                0x08008aac      0x348 ./Drivers/STM32H7xx_HAL_Driver/Src/stm32h7xx_hal_sd.o
                0x08008aac                HAL_SD_GetCardCSD
 .text.HAL_SD_GetCardStatus
                0x08008df4      0x17c ./Drivers/STM32H7xx_HAL_Driver/Src/stm32h7xx_hal_sd.o
                0x08008df4                HAL_SD_GetCardStatus
 .text.HAL_SD_GetCardInfo
                0x08008f70       0x58 ./Drivers/STM32H7xx_HAL_Driver/Src/stm32h7xx_hal_sd.o
                0x08008f70                HAL_SD_GetCardInfo
 .text.HAL_SD_ConfigWideBusOperation
                0x08008fc8      0x224 ./Drivers/STM32H7xx_HAL_Driver/Src/stm32h7xx_hal_sd.o
                0x08008fc8                HAL_SD_ConfigWideBusOperation
 .text.HAL_SD_GetCardState
                0x080091ec       0x40 ./Drivers/STM32H7xx_HAL_Driver/Src/stm32h7xx_hal_sd.o
                0x080091ec                HAL_SD_GetCardState
 .text.SD_InitCard
                0x0800922c      0x19c ./Drivers/STM32H7xx_HAL_Driver/Src/stm32h7xx_hal_sd.o
 .text.SD_PowerON
                0x080093c8      0x11c ./Drivers/STM32H7xx_HAL_Driver/Src/stm32h7xx_hal_sd.o
 .text.SD_SendSDStatus
                0x080094e4      0x1a0 ./Drivers/STM32H7xx_HAL_Driver/Src/stm32h7xx_hal_sd.o
 .text.SD_SendStatus
                0x08009684       0x50 ./Drivers/STM32H7xx_HAL_Driver/Src/stm32h7xx_hal_sd.o
 .text.SD_WideBus_Enable
                0x080096d4       0x96 ./Drivers/STM32H7xx_HAL_Driver/Src/stm32h7xx_hal_sd.o
 .text.SD_WideBus_Disable
                0x0800976a       0x96 ./Drivers/STM32H7xx_HAL_Driver/Src/stm32h7xx_hal_sd.o
 .text.SD_FindSCR
                0x08009800      0x1a0 ./Drivers/STM32H7xx_HAL_Driver/Src/stm32h7xx_hal_sd.o
 .text.HAL_TIM_PWM_Init
                0x080099a0       0xae ./Drivers/STM32H7xx_HAL_Driver/Src/stm32h7xx_hal_tim.o
                0x080099a0                HAL_TIM_PWM_Init
 *fill*         0x08009a4e        0x2 
 .text.HAL_TIM_PWM_Start
                0x08009a50      0x21c ./Drivers/STM32H7xx_HAL_Driver/Src/stm32h7xx_hal_tim.o
                0x08009a50                HAL_TIM_PWM_Start
 .text.HAL_TIM_PWM_ConfigChannel
                0x08009c6c      0x228 ./Drivers/STM32H7xx_HAL_Driver/Src/stm32h7xx_hal_tim.o
                0x08009c6c                HAL_TIM_PWM_ConfigChannel
 .text.TIM_Base_SetConfig
                0x08009e94      0x140 ./Drivers/STM32H7xx_HAL_Driver/Src/stm32h7xx_hal_tim.o
                0x08009e94                TIM_Base_SetConfig
 .text.TIM_OC1_SetConfig
                0x08009fd4      0x120 ./Drivers/STM32H7xx_HAL_Driver/Src/stm32h7xx_hal_tim.o
 .text.TIM_OC2_SetConfig
                0x0800a0f4      0x114 ./Drivers/STM32H7xx_HAL_Driver/Src/stm32h7xx_hal_tim.o
                0x0800a0f4                TIM_OC2_SetConfig
 .text.TIM_OC3_SetConfig
                0x0800a208      0x110 ./Drivers/STM32H7xx_HAL_Driver/Src/stm32h7xx_hal_tim.o
 .text.TIM_OC4_SetConfig
                0x0800a318       0xd4 ./Drivers/STM32H7xx_HAL_Driver/Src/stm32h7xx_hal_tim.o
 .text.TIM_OC5_SetConfig
                0x0800a3ec       0xc8 ./Drivers/STM32H7xx_HAL_Driver/Src/stm32h7xx_hal_tim.o
 .text.TIM_OC6_SetConfig
                0x0800a4b4       0xcc ./Drivers/STM32H7xx_HAL_Driver/Src/stm32h7xx_hal_tim.o
 .text.TIM_CCxChannelCmd
                0x0800a580       0x4a ./Drivers/STM32H7xx_HAL_Driver/Src/stm32h7xx_hal_tim.o
                0x0800a580                TIM_CCxChannelCmd
 *fill*         0x0800a5ca        0x2 
 .text.HAL_TIMEx_MasterConfigSynchronization
                0x0800a5cc      0x11c ./Drivers/STM32H7xx_HAL_Driver/Src/stm32h7xx_hal_tim_ex.o
                0x0800a5cc                HAL_TIMEx_MasterConfigSynchronization
 .text.SDMMC_Init
                0x0800a6e8       0x54 ./Drivers/STM32H7xx_HAL_Driver/Src/stm32h7xx_ll_sdmmc.o
                0x0800a6e8                SDMMC_Init
 .text.SDMMC_ReadFIFO
                0x0800a73c       0x1a ./Drivers/STM32H7xx_HAL_Driver/Src/stm32h7xx_ll_sdmmc.o
                0x0800a73c                SDMMC_ReadFIFO
 .text.SDMMC_WriteFIFO
                0x0800a756       0x22 ./Drivers/STM32H7xx_HAL_Driver/Src/stm32h7xx_ll_sdmmc.o
                0x0800a756                SDMMC_WriteFIFO
 .text.SDMMC_PowerState_ON
                0x0800a778       0x22 ./Drivers/STM32H7xx_HAL_Driver/Src/stm32h7xx_ll_sdmmc.o
                0x0800a778                SDMMC_PowerState_ON
 .text.SDMMC_GetPowerState
                0x0800a79a       0x1c ./Drivers/STM32H7xx_HAL_Driver/Src/stm32h7xx_ll_sdmmc.o
                0x0800a79a                SDMMC_GetPowerState
 *fill*         0x0800a7b6        0x2 
 .text.SDMMC_SendCommand
                0x0800a7b8       0x54 ./Drivers/STM32H7xx_HAL_Driver/Src/stm32h7xx_ll_sdmmc.o
                0x0800a7b8                SDMMC_SendCommand
 .text.SDMMC_GetCommandResponse
                0x0800a80c       0x1a ./Drivers/STM32H7xx_HAL_Driver/Src/stm32h7xx_ll_sdmmc.o
                0x0800a80c                SDMMC_GetCommandResponse
 .text.SDMMC_GetResponse
                0x0800a826       0x26 ./Drivers/STM32H7xx_HAL_Driver/Src/stm32h7xx_ll_sdmmc.o
                0x0800a826                SDMMC_GetResponse
 .text.SDMMC_ConfigData
                0x0800a84c       0x58 ./Drivers/STM32H7xx_HAL_Driver/Src/stm32h7xx_ll_sdmmc.o
                0x0800a84c                SDMMC_ConfigData
 .text.SDMMC_CmdBlockLength
                0x0800a8a4       0x46 ./Drivers/STM32H7xx_HAL_Driver/Src/stm32h7xx_ll_sdmmc.o
                0x0800a8a4                SDMMC_CmdBlockLength
 .text.SDMMC_CmdReadSingleBlock
                0x0800a8ea       0x46 ./Drivers/STM32H7xx_HAL_Driver/Src/stm32h7xx_ll_sdmmc.o
                0x0800a8ea                SDMMC_CmdReadSingleBlock
 .text.SDMMC_CmdReadMultiBlock
                0x0800a930       0x46 ./Drivers/STM32H7xx_HAL_Driver/Src/stm32h7xx_ll_sdmmc.o
                0x0800a930                SDMMC_CmdReadMultiBlock
 .text.SDMMC_CmdWriteSingleBlock
                0x0800a976       0x46 ./Drivers/STM32H7xx_HAL_Driver/Src/stm32h7xx_ll_sdmmc.o
                0x0800a976                SDMMC_CmdWriteSingleBlock
 .text.SDMMC_CmdWriteMultiBlock
                0x0800a9bc       0x46 ./Drivers/STM32H7xx_HAL_Driver/Src/stm32h7xx_ll_sdmmc.o
                0x0800a9bc                SDMMC_CmdWriteMultiBlock
 *fill*         0x0800aa02        0x2 
 .text.SDMMC_CmdStopTransfer
                0x0800aa04       0x78 ./Drivers/STM32H7xx_HAL_Driver/Src/stm32h7xx_ll_sdmmc.o
                0x0800aa04                SDMMC_CmdStopTransfer
 .text.SDMMC_CmdSelDesel
                0x0800aa7c       0x46 ./Drivers/STM32H7xx_HAL_Driver/Src/stm32h7xx_ll_sdmmc.o
                0x0800aa7c                SDMMC_CmdSelDesel
 .text.SDMMC_CmdGoIdleState
                0x0800aac2       0x3c ./Drivers/STM32H7xx_HAL_Driver/Src/stm32h7xx_ll_sdmmc.o
                0x0800aac2                SDMMC_CmdGoIdleState
 .text.SDMMC_CmdOperCond
                0x0800aafe       0x40 ./Drivers/STM32H7xx_HAL_Driver/Src/stm32h7xx_ll_sdmmc.o
                0x0800aafe                SDMMC_CmdOperCond
 .text.SDMMC_CmdAppCommand
                0x0800ab3e       0x46 ./Drivers/STM32H7xx_HAL_Driver/Src/stm32h7xx_ll_sdmmc.o
                0x0800ab3e                SDMMC_CmdAppCommand
 .text.SDMMC_CmdAppOperCommand
                0x0800ab84       0x40 ./Drivers/STM32H7xx_HAL_Driver/Src/stm32h7xx_ll_sdmmc.o
                0x0800ab84                SDMMC_CmdAppOperCommand
 .text.SDMMC_CmdBusWidth
                0x0800abc4       0x46 ./Drivers/STM32H7xx_HAL_Driver/Src/stm32h7xx_ll_sdmmc.o
                0x0800abc4                SDMMC_CmdBusWidth
 .text.SDMMC_CmdSendSCR
                0x0800ac0a       0x44 ./Drivers/STM32H7xx_HAL_Driver/Src/stm32h7xx_ll_sdmmc.o
                0x0800ac0a                SDMMC_CmdSendSCR
 .text.SDMMC_CmdSendCID
                0x0800ac4e       0x3e ./Drivers/STM32H7xx_HAL_Driver/Src/stm32h7xx_ll_sdmmc.o
                0x0800ac4e                SDMMC_CmdSendCID
 .text.SDMMC_CmdSendCSD
                0x0800ac8c       0x40 ./Drivers/STM32H7xx_HAL_Driver/Src/stm32h7xx_ll_sdmmc.o
                0x0800ac8c                SDMMC_CmdSendCSD
 .text.SDMMC_CmdSetRelAdd
                0x0800accc       0x44 ./Drivers/STM32H7xx_HAL_Driver/Src/stm32h7xx_ll_sdmmc.o
                0x0800accc                SDMMC_CmdSetRelAdd
 .text.SDMMC_CmdSendStatus
                0x0800ad10       0x46 ./Drivers/STM32H7xx_HAL_Driver/Src/stm32h7xx_ll_sdmmc.o
                0x0800ad10                SDMMC_CmdSendStatus
 .text.SDMMC_CmdStatusRegister
                0x0800ad56       0x44 ./Drivers/STM32H7xx_HAL_Driver/Src/stm32h7xx_ll_sdmmc.o
                0x0800ad56                SDMMC_CmdStatusRegister
 *fill*         0x0800ad9a        0x2 
 .text.SDMMC_GetCmdResp1
                0x0800ad9c      0x1e4 ./Drivers/STM32H7xx_HAL_Driver/Src/stm32h7xx_ll_sdmmc.o
                0x0800ad9c                SDMMC_GetCmdResp1
 .text.SDMMC_GetCmdResp2
                0x0800af80       0x94 ./Drivers/STM32H7xx_HAL_Driver/Src/stm32h7xx_ll_sdmmc.o
                0x0800af80                SDMMC_GetCmdResp2
 .text.SDMMC_GetCmdResp3
                0x0800b014       0x80 ./Drivers/STM32H7xx_HAL_Driver/Src/stm32h7xx_ll_sdmmc.o
                0x0800b014                SDMMC_GetCmdResp3
 .text.SDMMC_GetCmdResp6
                0x0800b094       0xf0 ./Drivers/STM32H7xx_HAL_Driver/Src/stm32h7xx_ll_sdmmc.o
                0x0800b094                SDMMC_GetCmdResp6
 .text.SDMMC_GetCmdResp7
                0x0800b184       0x9c ./Drivers/STM32H7xx_HAL_Driver/Src/stm32h7xx_ll_sdmmc.o
                0x0800b184                SDMMC_GetCmdResp7
 .text.SDMMC_GetCmdError
                0x0800b220       0x5c ./Drivers/STM32H7xx_HAL_Driver/Src/stm32h7xx_ll_sdmmc.o
 .text.MX_FATFS_Init
                0x0800b27c       0x24 ./FATFS/App/fatfs.o
                0x0800b27c                MX_FATFS_Init
 .text.get_fattime
                0x0800b2a0       0x10 ./FATFS/App/fatfs.o
                0x0800b2a0                get_fattime
 .text.BSP_SD_Init
                0x0800b2b0       0x4c ./FATFS/Target/bsp_driver_sd.o
                0x0800b2b0                BSP_SD_Init
 .text.BSP_SD_ReadBlocks
                0x0800b2fc       0x3c ./FATFS/Target/bsp_driver_sd.o
                0x0800b2fc                BSP_SD_ReadBlocks
 .text.BSP_SD_WriteBlocks
                0x0800b338       0x3c ./FATFS/Target/bsp_driver_sd.o
                0x0800b338                BSP_SD_WriteBlocks
 .text.BSP_SD_GetCardState
                0x0800b374       0x20 ./FATFS/Target/bsp_driver_sd.o
                0x0800b374                BSP_SD_GetCardState
 .text.BSP_SD_GetCardInfo
                0x0800b394       0x1c ./FATFS/Target/bsp_driver_sd.o
                0x0800b394                BSP_SD_GetCardInfo
 .text.BSP_SD_IsDetected
                0x0800b3b0       0x1a ./FATFS/Target/bsp_driver_sd.o
                0x0800b3b0                BSP_SD_IsDetected
 *fill*         0x0800b3ca        0x2 
 .text.SD_CheckStatus
                0x0800b3cc       0x3c ./FATFS/Target/sd_diskio.o
 .text.SD_initialize
                0x0800b408       0x3c ./FATFS/Target/sd_diskio.o
                0x0800b408                SD_initialize
 .text.SD_status
                0x0800b444       0x1c ./FATFS/Target/sd_diskio.o
                0x0800b444                SD_status
 .text.SD_read  0x0800b460       0x42 ./FATFS/Target/sd_diskio.o
                0x0800b460                SD_read
 .text.SD_write
                0x0800b4a2       0x42 ./FATFS/Target/sd_diskio.o
                0x0800b4a2                SD_write
 .text.SD_ioctl
                0x0800b4e4       0xb0 ./FATFS/Target/sd_diskio.o
                0x0800b4e4                SD_ioctl
 .text.disk_status
                0x0800b594       0x34 ./Middlewares/Third_Party/FatFs/src/diskio.o
                0x0800b594                disk_status
 .text.disk_initialize
                0x0800b5c8       0x50 ./Middlewares/Third_Party/FatFs/src/diskio.o
                0x0800b5c8                disk_initialize
 .text.disk_read
                0x0800b618       0x40 ./Middlewares/Third_Party/FatFs/src/diskio.o
                0x0800b618                disk_read
 .text.disk_write
                0x0800b658       0x40 ./Middlewares/Third_Party/FatFs/src/diskio.o
                0x0800b658                disk_write
 .text.disk_ioctl
                0x0800b698       0x3c ./Middlewares/Third_Party/FatFs/src/diskio.o
                0x0800b698                disk_ioctl
 .text.ld_word  0x0800b6d4       0x30 ./Middlewares/Third_Party/FatFs/src/ff.o
 .text.ld_dword
                0x0800b704       0x46 ./Middlewares/Third_Party/FatFs/src/ff.o
 .text.st_word  0x0800b74a       0x36 ./Middlewares/Third_Party/FatFs/src/ff.o
 .text.st_dword
                0x0800b780       0x58 ./Middlewares/Third_Party/FatFs/src/ff.o
 .text.mem_cpy  0x0800b7d8       0x42 ./Middlewares/Third_Party/FatFs/src/ff.o
 .text.mem_set  0x0800b81a       0x36 ./Middlewares/Third_Party/FatFs/src/ff.o
 .text.mem_cmp  0x0800b850       0x4e ./Middlewares/Third_Party/FatFs/src/ff.o
 .text.chk_chr  0x0800b89e       0x36 ./Middlewares/Third_Party/FatFs/src/ff.o
 .text.chk_lock
                0x0800b8d4       0xb8 ./Middlewares/Third_Party/FatFs/src/ff.o
 .text.enq_lock
                0x0800b98c       0x44 ./Middlewares/Third_Party/FatFs/src/ff.o
 .text.inc_lock
                0x0800b9d0      0x11c ./Middlewares/Third_Party/FatFs/src/ff.o
 .text.dec_lock
                0x0800baec       0x78 ./Middlewares/Third_Party/FatFs/src/ff.o
 .text.clear_lock
                0x0800bb64       0x48 ./Middlewares/Third_Party/FatFs/src/ff.o
 .text.sync_window
                0x0800bbac       0x88 ./Middlewares/Third_Party/FatFs/src/ff.o
 .text.move_window
                0x0800bc34       0x5a ./Middlewares/Third_Party/FatFs/src/ff.o
 *fill*         0x0800bc8e        0x2 
 .text.sync_fs  0x0800bc90       0xdc ./Middlewares/Third_Party/FatFs/src/ff.o
 .text.clust2sect
                0x0800bd6c       0x3e ./Middlewares/Third_Party/FatFs/src/ff.o
 .text.get_fat  0x0800bdaa      0x14e ./Middlewares/Third_Party/FatFs/src/ff.o
 .text.put_fat  0x0800bef8      0x1d4 ./Middlewares/Third_Party/FatFs/src/ff.o
 .text.remove_chain
                0x0800c0cc       0xca ./Middlewares/Third_Party/FatFs/src/ff.o
 .text.create_chain
                0x0800c196      0x130 ./Middlewares/Third_Party/FatFs/src/ff.o
 .text.clmt_clust
                0x0800c2c6       0x68 ./Middlewares/Third_Party/FatFs/src/ff.o
 .text.dir_sdi  0x0800c32e       0xf6 ./Middlewares/Third_Party/FatFs/src/ff.o
 .text.dir_next
                0x0800c424      0x18a ./Middlewares/Third_Party/FatFs/src/ff.o
 .text.dir_alloc
                0x0800c5ae       0x8e ./Middlewares/Third_Party/FatFs/src/ff.o
 .text.ld_clust
                0x0800c63c       0x3e ./Middlewares/Third_Party/FatFs/src/ff.o
 .text.st_clust
                0x0800c67a       0x40 ./Middlewares/Third_Party/FatFs/src/ff.o
 .text.dir_find
                0x0800c6ba       0xaa ./Middlewares/Third_Party/FatFs/src/ff.o
 .text.dir_register
                0x0800c764       0x64 ./Middlewares/Third_Party/FatFs/src/ff.o
 .text.create_name
                0x0800c7c8      0x128 ./Middlewares/Third_Party/FatFs/src/ff.o
 .text.follow_path
                0x0800c8f0       0xe2 ./Middlewares/Third_Party/FatFs/src/ff.o
 .text.get_ldnumber
                0x0800c9d2       0x88 ./Middlewares/Third_Party/FatFs/src/ff.o
 *fill*         0x0800ca5a        0x2 
 .text.check_fs
                0x0800ca5c       0xac ./Middlewares/Third_Party/FatFs/src/ff.o
 .text.find_volume
                0x0800cb08      0x498 ./Middlewares/Third_Party/FatFs/src/ff.o
 .text.validate
                0x0800cfa0       0x6a ./Middlewares/Third_Party/FatFs/src/ff.o
 *fill*         0x0800d00a        0x2 
 .text.f_mount  0x0800d00c       0x8c ./Middlewares/Third_Party/FatFs/src/ff.o
                0x0800d00c                f_mount
 .text.f_open   0x0800d098      0x374 ./Middlewares/Third_Party/FatFs/src/ff.o
                0x0800d098                f_open
 .text.f_write  0x0800d40c      0x2ea ./Middlewares/Third_Party/FatFs/src/ff.o
                0x0800d40c                f_write
 .text.f_sync   0x0800d6f6       0xfc ./Middlewares/Third_Party/FatFs/src/ff.o
                0x0800d6f6                f_sync
 .text.f_close  0x0800d7f2       0x54 ./Middlewares/Third_Party/FatFs/src/ff.o
                0x0800d7f2                f_close
 .text.f_lseek  0x0800d846      0x412 ./Middlewares/Third_Party/FatFs/src/ff.o
                0x0800d846                f_lseek
 .text.FATFS_LinkDriverEx
                0x0800dc58       0x98 ./Middlewares/Third_Party/FatFs/src/ff_gen_drv.o
                0x0800dc58                FATFS_LinkDriverEx
 .text.FATFS_LinkDriver
                0x0800dcf0       0x1e ./Middlewares/Third_Party/FatFs/src/ff_gen_drv.o
                0x0800dcf0                FATFS_LinkDriver
 *fill*         0x0800dd0e        0x2 
 .text.std      0x0800dd10       0x6c C:/ST/STM32CubeIDE_1.17.0/STM32CubeIDE/plugins/com.st.stm32cube.ide.mcu.externaltools.gnu-tools-for-stm32.12.3.rel1.win32_1.1.0.202410251130/tools/bin/../lib/gcc/arm-none-eabi/12.3.1/../../../../arm-none-eabi/lib/thumb/v7e-m+dp/hard\libc_nano.a(libc_a-findfp.o)
 .text.stdio_exit_handler
                0x0800dd7c       0x18 C:/ST/STM32CubeIDE_1.17.0/STM32CubeIDE/plugins/com.st.stm32cube.ide.mcu.externaltools.gnu-tools-for-stm32.12.3.rel1.win32_1.1.0.202410251130/tools/bin/../lib/gcc/arm-none-eabi/12.3.1/../../../../arm-none-eabi/lib/thumb/v7e-m+dp/hard\libc_nano.a(libc_a-findfp.o)
 .text.cleanup_stdio
                0x0800dd94       0x40 C:/ST/STM32CubeIDE_1.17.0/STM32CubeIDE/plugins/com.st.stm32cube.ide.mcu.externaltools.gnu-tools-for-stm32.12.3.rel1.win32_1.1.0.202410251130/tools/bin/../lib/gcc/arm-none-eabi/12.3.1/../../../../arm-none-eabi/lib/thumb/v7e-m+dp/hard\libc_nano.a(libc_a-findfp.o)
 .text.global_stdio_init.part.0
                0x0800ddd4       0x3c C:/ST/STM32CubeIDE_1.17.0/STM32CubeIDE/plugins/com.st.stm32cube.ide.mcu.externaltools.gnu-tools-for-stm32.12.3.rel1.win32_1.1.0.202410251130/tools/bin/../lib/gcc/arm-none-eabi/12.3.1/../../../../arm-none-eabi/lib/thumb/v7e-m+dp/hard\libc_nano.a(libc_a-findfp.o)
 .text.__sfp_lock_acquire
                0x0800de10        0xc C:/ST/STM32CubeIDE_1.17.0/STM32CubeIDE/plugins/com.st.stm32cube.ide.mcu.externaltools.gnu-tools-for-stm32.12.3.rel1.win32_1.1.0.202410251130/tools/bin/../lib/gcc/arm-none-eabi/12.3.1/../../../../arm-none-eabi/lib/thumb/v7e-m+dp/hard\libc_nano.a(libc_a-findfp.o)
                0x0800de10                __sfp_lock_acquire
 .text.__sfp_lock_release
                0x0800de1c        0xc C:/ST/STM32CubeIDE_1.17.0/STM32CubeIDE/plugins/com.st.stm32cube.ide.mcu.externaltools.gnu-tools-for-stm32.12.3.rel1.win32_1.1.0.202410251130/tools/bin/../lib/gcc/arm-none-eabi/12.3.1/../../../../arm-none-eabi/lib/thumb/v7e-m+dp/hard\libc_nano.a(libc_a-findfp.o)
                0x0800de1c                __sfp_lock_release
 .text.__sinit  0x0800de28       0x30 C:/ST/STM32CubeIDE_1.17.0/STM32CubeIDE/plugins/com.st.stm32cube.ide.mcu.externaltools.gnu-tools-for-stm32.12.3.rel1.win32_1.1.0.202410251130/tools/bin/../lib/gcc/arm-none-eabi/12.3.1/../../../../arm-none-eabi/lib/thumb/v7e-m+dp/hard\libc_nano.a(libc_a-findfp.o)
                0x0800de28                __sinit
 .text._fwalk_sglue
                0x0800de58       0x3c C:/ST/STM32CubeIDE_1.17.0/STM32CubeIDE/plugins/com.st.stm32cube.ide.mcu.externaltools.gnu-tools-for-stm32.12.3.rel1.win32_1.1.0.202410251130/tools/bin/../lib/gcc/arm-none-eabi/12.3.1/../../../../arm-none-eabi/lib/thumb/v7e-m+dp/hard\libc_nano.a(libc_a-fwalk.o)
                0x0800de58                _fwalk_sglue
 .text.printf   0x0800de94       0x24 C:/ST/STM32CubeIDE_1.17.0/STM32CubeIDE/plugins/com.st.stm32cube.ide.mcu.externaltools.gnu-tools-for-stm32.12.3.rel1.win32_1.1.0.202410251130/tools/bin/../lib/gcc/arm-none-eabi/12.3.1/../../../../arm-none-eabi/lib/thumb/v7e-m+dp/hard\libc_nano.a(libc_a-printf.o)
                0x0800de94                iprintf
                0x0800de94                printf
 .text._puts_r  0x0800deb8       0xaa C:/ST/STM32CubeIDE_1.17.0/STM32CubeIDE/plugins/com.st.stm32cube.ide.mcu.externaltools.gnu-tools-for-stm32.12.3.rel1.win32_1.1.0.202410251130/tools/bin/../lib/gcc/arm-none-eabi/12.3.1/../../../../arm-none-eabi/lib/thumb/v7e-m+dp/hard\libc_nano.a(libc_a-puts.o)
                0x0800deb8                _puts_r
 *fill*         0x0800df62        0x2 
 .text.puts     0x0800df64       0x10 C:/ST/STM32CubeIDE_1.17.0/STM32CubeIDE/plugins/com.st.stm32cube.ide.mcu.externaltools.gnu-tools-for-stm32.12.3.rel1.win32_1.1.0.202410251130/tools/bin/../lib/gcc/arm-none-eabi/12.3.1/../../../../arm-none-eabi/lib/thumb/v7e-m+dp/hard\libc_nano.a(libc_a-puts.o)
                0x0800df64                puts
 .text.__sread  0x0800df74       0x22 C:/ST/STM32CubeIDE_1.17.0/STM32CubeIDE/plugins/com.st.stm32cube.ide.mcu.externaltools.gnu-tools-for-stm32.12.3.rel1.win32_1.1.0.202410251130/tools/bin/../lib/gcc/arm-none-eabi/12.3.1/../../../../arm-none-eabi/lib/thumb/v7e-m+dp/hard\libc_nano.a(libc_a-stdio.o)
                0x0800df74                __sread
 .text.__swrite
                0x0800df96       0x38 C:/ST/STM32CubeIDE_1.17.0/STM32CubeIDE/plugins/com.st.stm32cube.ide.mcu.externaltools.gnu-tools-for-stm32.12.3.rel1.win32_1.1.0.202410251130/tools/bin/../lib/gcc/arm-none-eabi/12.3.1/../../../../arm-none-eabi/lib/thumb/v7e-m+dp/hard\libc_nano.a(libc_a-stdio.o)
                0x0800df96                __swrite
 .text.__sseek  0x0800dfce       0x24 C:/ST/STM32CubeIDE_1.17.0/STM32CubeIDE/plugins/com.st.stm32cube.ide.mcu.externaltools.gnu-tools-for-stm32.12.3.rel1.win32_1.1.0.202410251130/tools/bin/../lib/gcc/arm-none-eabi/12.3.1/../../../../arm-none-eabi/lib/thumb/v7e-m+dp/hard\libc_nano.a(libc_a-stdio.o)
                0x0800dfce                __sseek
 .text.__sclose
                0x0800dff2        0x8 C:/ST/STM32CubeIDE_1.17.0/STM32CubeIDE/plugins/com.st.stm32cube.ide.mcu.externaltools.gnu-tools-for-stm32.12.3.rel1.win32_1.1.0.202410251130/tools/bin/../lib/gcc/arm-none-eabi/12.3.1/../../../../arm-none-eabi/lib/thumb/v7e-m+dp/hard\libc_nano.a(libc_a-stdio.o)
                0x0800dff2                __sclose
 .text.__swbuf_r
                0x0800dffa       0x7c C:/ST/STM32CubeIDE_1.17.0/STM32CubeIDE/plugins/com.st.stm32cube.ide.mcu.externaltools.gnu-tools-for-stm32.12.3.rel1.win32_1.1.0.202410251130/tools/bin/../lib/gcc/arm-none-eabi/12.3.1/../../../../arm-none-eabi/lib/thumb/v7e-m+dp/hard\libc_nano.a(libc_a-wbuf.o)
                0x0800dffa                __swbuf_r
 *fill*         0x0800e076        0x2 
 .text.__swsetup_r
                0x0800e078       0xac C:/ST/STM32CubeIDE_1.17.0/STM32CubeIDE/plugins/com.st.stm32cube.ide.mcu.externaltools.gnu-tools-for-stm32.12.3.rel1.win32_1.1.0.202410251130/tools/bin/../lib/gcc/arm-none-eabi/12.3.1/../../../../arm-none-eabi/lib/thumb/v7e-m+dp/hard\libc_nano.a(libc_a-wsetup.o)
                0x0800e078                __swsetup_r
 .text.memset   0x0800e124       0x10 C:/ST/STM32CubeIDE_1.17.0/STM32CubeIDE/plugins/com.st.stm32cube.ide.mcu.externaltools.gnu-tools-for-stm32.12.3.rel1.win32_1.1.0.202410251130/tools/bin/../lib/gcc/arm-none-eabi/12.3.1/../../../../arm-none-eabi/lib/thumb/v7e-m+dp/hard\libc_nano.a(libc_a-memset.o)
                0x0800e124                memset
 .text._close_r
                0x0800e134       0x20 C:/ST/STM32CubeIDE_1.17.0/STM32CubeIDE/plugins/com.st.stm32cube.ide.mcu.externaltools.gnu-tools-for-stm32.12.3.rel1.win32_1.1.0.202410251130/tools/bin/../lib/gcc/arm-none-eabi/12.3.1/../../../../arm-none-eabi/lib/thumb/v7e-m+dp/hard\libc_nano.a(libc_a-closer.o)
                0x0800e134                _close_r
 .text._lseek_r
                0x0800e154       0x24 C:/ST/STM32CubeIDE_1.17.0/STM32CubeIDE/plugins/com.st.stm32cube.ide.mcu.externaltools.gnu-tools-for-stm32.12.3.rel1.win32_1.1.0.202410251130/tools/bin/../lib/gcc/arm-none-eabi/12.3.1/../../../../arm-none-eabi/lib/thumb/v7e-m+dp/hard\libc_nano.a(libc_a-lseekr.o)
                0x0800e154                _lseek_r
 .text._read_r  0x0800e178       0x24 C:/ST/STM32CubeIDE_1.17.0/STM32CubeIDE/plugins/com.st.stm32cube.ide.mcu.externaltools.gnu-tools-for-stm32.12.3.rel1.win32_1.1.0.202410251130/tools/bin/../lib/gcc/arm-none-eabi/12.3.1/../../../../arm-none-eabi/lib/thumb/v7e-m+dp/hard\libc_nano.a(libc_a-readr.o)
                0x0800e178                _read_r
 .text._write_r
                0x0800e19c       0x24 C:/ST/STM32CubeIDE_1.17.0/STM32CubeIDE/plugins/com.st.stm32cube.ide.mcu.externaltools.gnu-tools-for-stm32.12.3.rel1.win32_1.1.0.202410251130/tools/bin/../lib/gcc/arm-none-eabi/12.3.1/../../../../arm-none-eabi/lib/thumb/v7e-m+dp/hard\libc_nano.a(libc_a-writer.o)
                0x0800e19c                _write_r
 .text.__errno  0x0800e1c0        0xc C:/ST/STM32CubeIDE_1.17.0/STM32CubeIDE/plugins/com.st.stm32cube.ide.mcu.externaltools.gnu-tools-for-stm32.12.3.rel1.win32_1.1.0.202410251130/tools/bin/../lib/gcc/arm-none-eabi/12.3.1/../../../../arm-none-eabi/lib/thumb/v7e-m+dp/hard\libc_nano.a(libc_a-errno.o)
                0x0800e1c0                __errno
 .text.__libc_init_array
                0x0800e1cc       0x48 C:/ST/STM32CubeIDE_1.17.0/STM32CubeIDE/plugins/com.st.stm32cube.ide.mcu.externaltools.gnu-tools-for-stm32.12.3.rel1.win32_1.1.0.202410251130/tools/bin/../lib/gcc/arm-none-eabi/12.3.1/../../../../arm-none-eabi/lib/thumb/v7e-m+dp/hard\libc_nano.a(libc_a-init.o)
                0x0800e1cc                __libc_init_array
 .text.__retarget_lock_init_recursive
                0x0800e214        0x2 C:/ST/STM32CubeIDE_1.17.0/STM32CubeIDE/plugins/com.st.stm32cube.ide.mcu.externaltools.gnu-tools-for-stm32.12.3.rel1.win32_1.1.0.202410251130/tools/bin/../lib/gcc/arm-none-eabi/12.3.1/../../../../arm-none-eabi/lib/thumb/v7e-m+dp/hard\libc_nano.a(libc_a-lock.o)
                0x0800e214                __retarget_lock_init_recursive
 .text.__retarget_lock_acquire_recursive
                0x0800e216        0x2 C:/ST/STM32CubeIDE_1.17.0/STM32CubeIDE/plugins/com.st.stm32cube.ide.mcu.externaltools.gnu-tools-for-stm32.12.3.rel1.win32_1.1.0.202410251130/tools/bin/../lib/gcc/arm-none-eabi/12.3.1/../../../../arm-none-eabi/lib/thumb/v7e-m+dp/hard\libc_nano.a(libc_a-lock.o)
                0x0800e216                __retarget_lock_acquire_recursive
 .text.__retarget_lock_release_recursive
                0x0800e218        0x2 C:/ST/STM32CubeIDE_1.17.0/STM32CubeIDE/plugins/com.st.stm32cube.ide.mcu.externaltools.gnu-tools-for-stm32.12.3.rel1.win32_1.1.0.202410251130/tools/bin/../lib/gcc/arm-none-eabi/12.3.1/../../../../arm-none-eabi/lib/thumb/v7e-m+dp/hard\libc_nano.a(libc_a-lock.o)
                0x0800e218                __retarget_lock_release_recursive
 *fill*         0x0800e21a        0x2 
 .text._free_r  0x0800e21c       0x94 C:/ST/STM32CubeIDE_1.17.0/STM32CubeIDE/plugins/com.st.stm32cube.ide.mcu.externaltools.gnu-tools-for-stm32.12.3.rel1.win32_1.1.0.202410251130/tools/bin/../lib/gcc/arm-none-eabi/12.3.1/../../../../arm-none-eabi/lib/thumb/v7e-m+dp/hard\libc_nano.a(libc_a-freer.o)
                0x0800e21c                _free_r
 .text.sbrk_aligned
                0x0800e2b0       0x44 C:/ST/STM32CubeIDE_1.17.0/STM32CubeIDE/plugins/com.st.stm32cube.ide.mcu.externaltools.gnu-tools-for-stm32.12.3.rel1.win32_1.1.0.202410251130/tools/bin/../lib/gcc/arm-none-eabi/12.3.1/../../../../arm-none-eabi/lib/thumb/v7e-m+dp/hard\libc_nano.a(libc_a-mallocr.o)
 .text._malloc_r
                0x0800e2f4      0x100 C:/ST/STM32CubeIDE_1.17.0/STM32CubeIDE/plugins/com.st.stm32cube.ide.mcu.externaltools.gnu-tools-for-stm32.12.3.rel1.win32_1.1.0.202410251130/tools/bin/../lib/gcc/arm-none-eabi/12.3.1/../../../../arm-none-eabi/lib/thumb/v7e-m+dp/hard\libc_nano.a(libc_a-mallocr.o)
                0x0800e2f4                _malloc_r
 .text.__malloc_lock
                0x0800e3f4        0xc C:/ST/STM32CubeIDE_1.17.0/STM32CubeIDE/plugins/com.st.stm32cube.ide.mcu.externaltools.gnu-tools-for-stm32.12.3.rel1.win32_1.1.0.202410251130/tools/bin/../lib/gcc/arm-none-eabi/12.3.1/../../../../arm-none-eabi/lib/thumb/v7e-m+dp/hard\libc_nano.a(libc_a-mlock.o)
                0x0800e3f4                __malloc_lock
 .text.__malloc_unlock
                0x0800e400        0xc C:/ST/STM32CubeIDE_1.17.0/STM32CubeIDE/plugins/com.st.stm32cube.ide.mcu.externaltools.gnu-tools-for-stm32.12.3.rel1.win32_1.1.0.202410251130/tools/bin/../lib/gcc/arm-none-eabi/12.3.1/../../../../arm-none-eabi/lib/thumb/v7e-m+dp/hard\libc_nano.a(libc_a-mlock.o)
                0x0800e400                __malloc_unlock
 .text.__sfputc_r
                0x0800e40c       0x2e C:/ST/STM32CubeIDE_1.17.0/STM32CubeIDE/plugins/com.st.stm32cube.ide.mcu.externaltools.gnu-tools-for-stm32.12.3.rel1.win32_1.1.0.202410251130/tools/bin/../lib/gcc/arm-none-eabi/12.3.1/../../../../arm-none-eabi/lib/thumb/v7e-m+dp/hard\libc_nano.a(libc_a-nano-vfprintf.o)
 .text.__sfputs_r
                0x0800e43a       0x24 C:/ST/STM32CubeIDE_1.17.0/STM32CubeIDE/plugins/com.st.stm32cube.ide.mcu.externaltools.gnu-tools-for-stm32.12.3.rel1.win32_1.1.0.202410251130/tools/bin/../lib/gcc/arm-none-eabi/12.3.1/../../../../arm-none-eabi/lib/thumb/v7e-m+dp/hard\libc_nano.a(libc_a-nano-vfprintf.o)
                0x0800e43a                __sfputs_r
 *fill*         0x0800e45e        0x2 
 .text._vfprintf_r
                0x0800e460      0x230 C:/ST/STM32CubeIDE_1.17.0/STM32CubeIDE/plugins/com.st.stm32cube.ide.mcu.externaltools.gnu-tools-for-stm32.12.3.rel1.win32_1.1.0.202410251130/tools/bin/../lib/gcc/arm-none-eabi/12.3.1/../../../../arm-none-eabi/lib/thumb/v7e-m+dp/hard\libc_nano.a(libc_a-nano-vfprintf.o)
                0x0800e460                _vfprintf_r
                0x0800e460                _vfiprintf_r
 .text._printf_common
                0x0800e690       0xda C:/ST/STM32CubeIDE_1.17.0/STM32CubeIDE/plugins/com.st.stm32cube.ide.mcu.externaltools.gnu-tools-for-stm32.12.3.rel1.win32_1.1.0.202410251130/tools/bin/../lib/gcc/arm-none-eabi/12.3.1/../../../../arm-none-eabi/lib/thumb/v7e-m+dp/hard\libc_nano.a(libc_a-nano-vfprintf_i.o)
                0x0800e690                _printf_common
 *fill*         0x0800e76a        0x2 
 .text._printf_i
                0x0800e76c      0x240 C:/ST/STM32CubeIDE_1.17.0/STM32CubeIDE/plugins/com.st.stm32cube.ide.mcu.externaltools.gnu-tools-for-stm32.12.3.rel1.win32_1.1.0.202410251130/tools/bin/../lib/gcc/arm-none-eabi/12.3.1/../../../../arm-none-eabi/lib/thumb/v7e-m+dp/hard\libc_nano.a(libc_a-nano-vfprintf_i.o)
                0x0800e76c                _printf_i
 .text.__sflush_r
                0x0800e9ac      0x108 C:/ST/STM32CubeIDE_1.17.0/STM32CubeIDE/plugins/com.st.stm32cube.ide.mcu.externaltools.gnu-tools-for-stm32.12.3.rel1.win32_1.1.0.202410251130/tools/bin/../lib/gcc/arm-none-eabi/12.3.1/../../../../arm-none-eabi/lib/thumb/v7e-m+dp/hard\libc_nano.a(libc_a-fflush.o)
                0x0800e9ac                __sflush_r
 .text._fflush_r
                0x0800eab4       0x50 C:/ST/STM32CubeIDE_1.17.0/STM32CubeIDE/plugins/com.st.stm32cube.ide.mcu.externaltools.gnu-tools-for-stm32.12.3.rel1.win32_1.1.0.202410251130/tools/bin/../lib/gcc/arm-none-eabi/12.3.1/../../../../arm-none-eabi/lib/thumb/v7e-m+dp/hard\libc_nano.a(libc_a-fflush.o)
                0x0800eab4                _fflush_r
 .text.__swhatbuf_r
                0x0800eb04       0x4c C:/ST/STM32CubeIDE_1.17.0/STM32CubeIDE/plugins/com.st.stm32cube.ide.mcu.externaltools.gnu-tools-for-stm32.12.3.rel1.win32_1.1.0.202410251130/tools/bin/../lib/gcc/arm-none-eabi/12.3.1/../../../../arm-none-eabi/lib/thumb/v7e-m+dp/hard\libc_nano.a(libc_a-makebuf.o)
                0x0800eb04                __swhatbuf_r
 .text.__smakebuf_r
                0x0800eb50       0x78 C:/ST/STM32CubeIDE_1.17.0/STM32CubeIDE/plugins/com.st.stm32cube.ide.mcu.externaltools.gnu-tools-for-stm32.12.3.rel1.win32_1.1.0.202410251130/tools/bin/../lib/gcc/arm-none-eabi/12.3.1/../../../../arm-none-eabi/lib/thumb/v7e-m+dp/hard\libc_nano.a(libc_a-makebuf.o)
                0x0800eb50                __smakebuf_r
 .text._fstat_r
                0x0800ebc8       0x24 C:/ST/STM32CubeIDE_1.17.0/STM32CubeIDE/plugins/com.st.stm32cube.ide.mcu.externaltools.gnu-tools-for-stm32.12.3.rel1.win32_1.1.0.202410251130/tools/bin/../lib/gcc/arm-none-eabi/12.3.1/../../../../arm-none-eabi/lib/thumb/v7e-m+dp/hard\libc_nano.a(libc_a-fstatr.o)
                0x0800ebc8                _fstat_r
 .text._isatty_r
                0x0800ebec       0x20 C:/ST/STM32CubeIDE_1.17.0/STM32CubeIDE/plugins/com.st.stm32cube.ide.mcu.externaltools.gnu-tools-for-stm32.12.3.rel1.win32_1.1.0.202410251130/tools/bin/../lib/gcc/arm-none-eabi/12.3.1/../../../../arm-none-eabi/lib/thumb/v7e-m+dp/hard\libc_nano.a(libc_a-isattyr.o)
                0x0800ebec                _isatty_r
 .text._sbrk_r  0x0800ec0c       0x20 C:/ST/STM32CubeIDE_1.17.0/STM32CubeIDE/plugins/com.st.stm32cube.ide.mcu.externaltools.gnu-tools-for-stm32.12.3.rel1.win32_1.1.0.202410251130/tools/bin/../lib/gcc/arm-none-eabi/12.3.1/../../../../arm-none-eabi/lib/thumb/v7e-m+dp/hard\libc_nano.a(libc_a-sbrkr.o)
                0x0800ec0c                _sbrk_r
 *(.glue_7)
 .glue_7        0x0800ec2c        0x0 linker stubs
 *(.glue_7t)
 .glue_7t       0x0800ec2c        0x0 linker stubs
 *(.eh_frame)
 .eh_frame      0x0800ec2c        0x0 C:/ST/STM32CubeIDE_1.17.0/STM32CubeIDE/plugins/com.st.stm32cube.ide.mcu.externaltools.gnu-tools-for-stm32.12.3.rel1.win32_1.1.0.202410251130/tools/bin/../lib/gcc/arm-none-eabi/12.3.1/thumb/v7e-m+dp/hard/crtbegin.o
 *(.init)
 .init          0x0800ec2c        0x4 C:/ST/STM32CubeIDE_1.17.0/STM32CubeIDE/plugins/com.st.stm32cube.ide.mcu.externaltools.gnu-tools-for-stm32.12.3.rel1.win32_1.1.0.202410251130/tools/bin/../lib/gcc/arm-none-eabi/12.3.1/thumb/v7e-m+dp/hard/crti.o
                0x0800ec2c                _init
 .init          0x0800ec30        0x8 C:/ST/STM32CubeIDE_1.17.0/STM32CubeIDE/plugins/com.st.stm32cube.ide.mcu.externaltools.gnu-tools-for-stm32.12.3.rel1.win32_1.1.0.202410251130/tools/bin/../lib/gcc/arm-none-eabi/12.3.1/thumb/v7e-m+dp/hard/crtn.o
 *(.fini)
 .fini          0x0800ec38        0x4 C:/ST/STM32CubeIDE_1.17.0/STM32CubeIDE/plugins/com.st.stm32cube.ide.mcu.externaltools.gnu-tools-for-stm32.12.3.rel1.win32_1.1.0.202410251130/tools/bin/../lib/gcc/arm-none-eabi/12.3.1/thumb/v7e-m+dp/hard/crti.o
                0x0800ec38                _fini
 .fini          0x0800ec3c        0x8 C:/ST/STM32CubeIDE_1.17.0/STM32CubeIDE/plugins/com.st.stm32cube.ide.mcu.externaltools.gnu-tools-for-stm32.12.3.rel1.win32_1.1.0.202410251130/tools/bin/../lib/gcc/arm-none-eabi/12.3.1/thumb/v7e-m+dp/hard/crtn.o
                0x0800ec44                        . = ALIGN (0x4)
                0x0800ec44                        _etext = .

.vfp11_veneer   0x0800ec44        0x0
 .vfp11_veneer  0x0800ec44        0x0 linker stubs

.v4_bx          0x0800ec44        0x0
 .v4_bx         0x0800ec44        0x0 linker stubs

.iplt           0x0800ec44        0x0
 .iplt          0x0800ec44        0x0 C:/ST/STM32CubeIDE_1.17.0/STM32CubeIDE/plugins/com.st.stm32cube.ide.mcu.externaltools.gnu-tools-for-stm32.12.3.rel1.win32_1.1.0.202410251130/tools/bin/../lib/gcc/arm-none-eabi/12.3.1/thumb/v7e-m+dp/hard/crtbegin.o

.rodata         0x0800ec44      0x224
                0x0800ec44                        . = ALIGN (0x4)
 *(.rodata)
 .rodata        0x0800ec44       0xfd ./Core/Src/audio_sd.o
 *fill*         0x0800ed41        0x3 
 .rodata        0x0800ed44       0x44 ./Middlewares/Third_Party/FatFs/src/ff.o
 *(.rodata*)
 .rodata.D1CorePrescTable
                0x0800ed88       0x10 ./Core/Src/system_stm32h7xx.o
                0x0800ed88                D1CorePrescTable
 .rodata.flagBitshiftOffset.0
                0x0800ed98        0x8 ./Drivers/STM32H7xx_HAL_Driver/Src/stm32h7xx_hal_dma.o
 .rodata.SD_Driver
                0x0800eda0       0x14 ./FATFS/Target/sd_diskio.o
                0x0800eda0                SD_Driver
 .rodata.ExCvt  0x0800edb4       0x80 ./Middlewares/Third_Party/FatFs/src/ff.o
 .rodata._vfprintf_r.str1.1
                0x0800ee34       0x11 C:/ST/STM32CubeIDE_1.17.0/STM32CubeIDE/plugins/com.st.stm32cube.ide.mcu.externaltools.gnu-tools-for-stm32.12.3.rel1.win32_1.1.0.202410251130/tools/bin/../lib/gcc/arm-none-eabi/12.3.1/../../../../arm-none-eabi/lib/thumb/v7e-m+dp/hard\libc_nano.a(libc_a-nano-vfprintf.o)
 .rodata._printf_i.str1.1
                0x0800ee45       0x22 C:/ST/STM32CubeIDE_1.17.0/STM32CubeIDE/plugins/com.st.stm32cube.ide.mcu.externaltools.gnu-tools-for-stm32.12.3.rel1.win32_1.1.0.202410251130/tools/bin/../lib/gcc/arm-none-eabi/12.3.1/../../../../arm-none-eabi/lib/thumb/v7e-m+dp/hard\libc_nano.a(libc_a-nano-vfprintf_i.o)
                0x0800ee68                        . = ALIGN (0x4)
 *fill*         0x0800ee67        0x1 

.ARM.extab
 *(.ARM.extab* .gnu.linkonce.armextab.*)

.ARM            0x0800ee68        0x8
                0x0800ee68                        __exidx_start = .
 *(.ARM.exidx*)
 .ARM.exidx     0x0800ee68        0x8 C:/ST/STM32CubeIDE_1.17.0/STM32CubeIDE/plugins/com.st.stm32cube.ide.mcu.externaltools.gnu-tools-for-stm32.12.3.rel1.win32_1.1.0.202410251130/tools/bin/../lib/gcc/arm-none-eabi/12.3.1/../../../../arm-none-eabi/lib/thumb/v7e-m+dp/hard\libc_nano.a(libc_a-memchr.o)
                0x0800ee70                        __exidx_end = .

.preinit_array  0x0800ee70        0x0
                0x0800ee70                        PROVIDE (__preinit_array_start = .)
 *(.preinit_array*)
                0x0800ee70                        PROVIDE (__preinit_array_end = .)

.init_array     0x0800ee70        0x4
                0x0800ee70                        PROVIDE (__init_array_start = .)
 *(SORT_BY_NAME(.init_array.*))
 *(.init_array*)
 .init_array    0x0800ee70        0x4 C:/ST/STM32CubeIDE_1.17.0/STM32CubeIDE/plugins/com.st.stm32cube.ide.mcu.externaltools.gnu-tools-for-stm32.12.3.rel1.win32_1.1.0.202410251130/tools/bin/../lib/gcc/arm-none-eabi/12.3.1/thumb/v7e-m+dp/hard/crtbegin.o
                0x0800ee74                        PROVIDE (__init_array_end = .)

.fini_array     0x0800ee74        0x4
                [!provide]                        PROVIDE (__fini_array_start = .)
 *(SORT_BY_NAME(.fini_array.*))
 *(.fini_array*)
 .fini_array    0x0800ee74        0x4 C:/ST/STM32CubeIDE_1.17.0/STM32CubeIDE/plugins/com.st.stm32cube.ide.mcu.externaltools.gnu-tools-for-stm32.12.3.rel1.win32_1.1.0.202410251130/tools/bin/../lib/gcc/arm-none-eabi/12.3.1/thumb/v7e-m+dp/hard/crtbegin.o
                [!provide]                        PROVIDE (__fini_array_end = .)
                0x0800ee78                        _sidata = LOADADDR (.data)

.rel.dyn        0x0800ee78        0x0
 .rel.iplt      0x0800ee78        0x0 C:/ST/STM32CubeIDE_1.17.0/STM32CubeIDE/plugins/com.st.stm32cube.ide.mcu.externaltools.gnu-tools-for-stm32.12.3.rel1.win32_1.1.0.202410251130/tools/bin/../lib/gcc/arm-none-eabi/12.3.1/thumb/v7e-m+dp/hard/crtbegin.o

.data           0x24000000       0xa8 load address 0x0800ee78
                0x24000000                        . = ALIGN (0x4)
                0x24000000                        _sdata = .
 *(.data)
 *(.data*)
 .data.wav_file_header
                0x24000000       0x2c ./Core/Src/audio_sd.o
 .data.file_counter.1
                0x2400002c        0x1 ./Core/Src/audio_sd.o
 *fill*         0x2400002d        0x3 
 .data.file_name.0
                0x24000030        0xa ./Core/Src/audio_sd.o
 .data.start_stop_recording
                0x2400003a        0x1 ./Core/Src/main.o
                0x2400003a                start_stop_recording
 *fill*         0x2400003b        0x1 
 .data.SystemCoreClock
                0x2400003c        0x4 ./Core/Src/system_stm32h7xx.o
                0x2400003c                SystemCoreClock
 .data.SystemD2Clock
                0x24000040        0x4 ./Core/Src/system_stm32h7xx.o
                0x24000040                SystemD2Clock
 .data.uwTickPrio
                0x24000044        0x4 ./Drivers/STM32H7xx_HAL_Driver/Src/stm32h7xx_hal.o
                0x24000044                uwTickPrio
 .data.uwTickFreq
                0x24000048        0x1 ./Drivers/STM32H7xx_HAL_Driver/Src/stm32h7xx_hal.o
                0x24000048                uwTickFreq
 .data.Stat     0x24000049        0x1 ./FATFS/Target/sd_diskio.o
 *fill*         0x2400004a        0x2 
 .data.__sglue  0x2400004c        0xc C:/ST/STM32CubeIDE_1.17.0/STM32CubeIDE/plugins/com.st.stm32cube.ide.mcu.externaltools.gnu-tools-for-stm32.12.3.rel1.win32_1.1.0.202410251130/tools/bin/../lib/gcc/arm-none-eabi/12.3.1/../../../../arm-none-eabi/lib/thumb/v7e-m+dp/hard\libc_nano.a(libc_a-findfp.o)
                0x2400004c                __sglue
 .data._impure_ptr
                0x24000058        0x4 C:/ST/STM32CubeIDE_1.17.0/STM32CubeIDE/plugins/com.st.stm32cube.ide.mcu.externaltools.gnu-tools-for-stm32.12.3.rel1.win32_1.1.0.202410251130/tools/bin/../lib/gcc/arm-none-eabi/12.3.1/../../../../arm-none-eabi/lib/thumb/v7e-m+dp/hard\libc_nano.a(libc_a-impure.o)
                0x24000058                _impure_ptr
 .data._impure_data
                0x2400005c       0x4c C:/ST/STM32CubeIDE_1.17.0/STM32CubeIDE/plugins/com.st.stm32cube.ide.mcu.externaltools.gnu-tools-for-stm32.12.3.rel1.win32_1.1.0.202410251130/tools/bin/../lib/gcc/arm-none-eabi/12.3.1/../../../../arm-none-eabi/lib/thumb/v7e-m+dp/hard\libc_nano.a(libc_a-impure.o)
                0x2400005c                _impure_data
 *(.RamFunc)
 *(.RamFunc*)
                0x240000a8                        . = ALIGN (0x4)
                0x240000a8                        _edata = .

.igot.plt       0x240000a8        0x0 load address 0x0800ef20
 .igot.plt      0x240000a8        0x0 C:/ST/STM32CubeIDE_1.17.0/STM32CubeIDE/plugins/com.st.stm32cube.ide.mcu.externaltools.gnu-tools-for-stm32.12.3.rel1.win32_1.1.0.202410251130/tools/bin/../lib/gcc/arm-none-eabi/12.3.1/thumb/v7e-m+dp/hard/crtbegin.o
                0x240000a8                        . = ALIGN (0x4)

.bss            0x240000a8     0x1fb8 load address 0x0800ef20
                0x240000a8                        _sbss = .
                0x240000a8                        __bss_start__ = _sbss
 *(.bss)
 .bss           0x240000a8       0x1c C:/ST/STM32CubeIDE_1.17.0/STM32CubeIDE/plugins/com.st.stm32cube.ide.mcu.externaltools.gnu-tools-for-stm32.12.3.rel1.win32_1.1.0.202410251130/tools/bin/../lib/gcc/arm-none-eabi/12.3.1/thumb/v7e-m+dp/hard/crtbegin.o
 *(.bss*)
 .bss.sd_result
                0x240000c4        0x1 ./Core/Src/audio_sd.o
 *fill*         0x240000c5        0x3 
 .bss.sdCard    0x240000c8      0x230 ./Core/Src/audio_sd.o
 .bss.wavFile   0x240002f8      0x230 ./Core/Src/audio_sd.o
 .bss.wav_file_size
                0x24000528        0x4 ./Core/Src/audio_sd.o
 .bss.first_time
                0x2400052c        0x1 ./Core/Src/audio_sd.o
 *fill*         0x2400052d        0x3 
 .bss.hi2s1     0x24000530       0x54 ./Core/Src/main.o
                0x24000530                hi2s1
 .bss.hdma_spi1_rx
                0x24000584       0x78 ./Core/Src/main.o
                0x24000584                hdma_spi1_rx
 .bss.hsd1      0x240005fc       0x7c ./Core/Src/main.o
                0x240005fc                hsd1
 .bss.htim2     0x24000678       0x4c ./Core/Src/main.o
                0x24000678                htim2
 .bss.data_i2s  0x240006c4     0x1000 ./Core/Src/main.o
                0x240006c4                data_i2s
 .bss.mono_buffer
                0x240016c4      0x800 ./Core/Src/main.o
                0x240016c4                mono_buffer
 .bss.half_i2s  0x24001ec4        0x1 ./Core/Src/main.o
                0x24001ec4                half_i2s
 .bss.full_i2s  0x24001ec5        0x1 ./Core/Src/main.o
                0x24001ec5                full_i2s
 *fill*         0x24001ec6        0x2 
 .bss.recorded_bytes
                0x24001ec8        0x4 ./Core/Src/main.o
                0x24001ec8                recorded_bytes
 .bss.recording_done
                0x24001ecc        0x1 ./Core/Src/main.o
                0x24001ecc                recording_done
 *fill*         0x24001ecd        0x3 
 .bss.__sbrk_heap_end
                0x24001ed0        0x4 ./Core/Src/sysmem.o
 .bss.uwTick    0x24001ed4        0x4 ./Drivers/STM32H7xx_HAL_Driver/Src/stm32h7xx_hal.o
                0x24001ed4                uwTick
 .bss.retSD     0x24001ed8        0x1 ./FATFS/App/fatfs.o
                0x24001ed8                retSD
 *fill*         0x24001ed9        0x3 
 .bss.SDPath    0x24001edc        0x4 ./FATFS/App/fatfs.o
                0x24001edc                SDPath
 .bss.FatFs     0x24001ee0        0x4 ./Middlewares/Third_Party/FatFs/src/ff.o
 .bss.Fsid      0x24001ee4        0x2 ./Middlewares/Third_Party/FatFs/src/ff.o
 *fill*         0x24001ee6        0x2 
 .bss.Files     0x24001ee8       0x20 ./Middlewares/Third_Party/FatFs/src/ff.o
 .bss.disk      0x24001f08        0xc ./Middlewares/Third_Party/FatFs/src/ff_gen_drv.o
                0x24001f08                disk
 .bss.__sf      0x24001f14      0x138 C:/ST/STM32CubeIDE_1.17.0/STM32CubeIDE/plugins/com.st.stm32cube.ide.mcu.externaltools.gnu-tools-for-stm32.12.3.rel1.win32_1.1.0.202410251130/tools/bin/../lib/gcc/arm-none-eabi/12.3.1/../../../../arm-none-eabi/lib/thumb/v7e-m+dp/hard\libc_nano.a(libc_a-findfp.o)
                0x24001f14                __sf
 .bss.__stdio_exit_handler
                0x2400204c        0x4 C:/ST/STM32CubeIDE_1.17.0/STM32CubeIDE/plugins/com.st.stm32cube.ide.mcu.externaltools.gnu-tools-for-stm32.12.3.rel1.win32_1.1.0.202410251130/tools/bin/../lib/gcc/arm-none-eabi/12.3.1/../../../../arm-none-eabi/lib/thumb/v7e-m+dp/hard\libc_nano.a(libc_a-findfp.o)
                0x2400204c                __stdio_exit_handler
 .bss.errno     0x24002050        0x4 C:/ST/STM32CubeIDE_1.17.0/STM32CubeIDE/plugins/com.st.stm32cube.ide.mcu.externaltools.gnu-tools-for-stm32.12.3.rel1.win32_1.1.0.202410251130/tools/bin/../lib/gcc/arm-none-eabi/12.3.1/../../../../arm-none-eabi/lib/thumb/v7e-m+dp/hard\libc_nano.a(libc_a-reent.o)
                0x24002050                errno
 .bss.__lock___malloc_recursive_mutex
                0x24002054        0x1 C:/ST/STM32CubeIDE_1.17.0/STM32CubeIDE/plugins/com.st.stm32cube.ide.mcu.externaltools.gnu-tools-for-stm32.12.3.rel1.win32_1.1.0.202410251130/tools/bin/../lib/gcc/arm-none-eabi/12.3.1/../../../../arm-none-eabi/lib/thumb/v7e-m+dp/hard\libc_nano.a(libc_a-lock.o)
                0x24002054                __lock___malloc_recursive_mutex
 .bss.__lock___sfp_recursive_mutex
                0x24002055        0x1 C:/ST/STM32CubeIDE_1.17.0/STM32CubeIDE/plugins/com.st.stm32cube.ide.mcu.externaltools.gnu-tools-for-stm32.12.3.rel1.win32_1.1.0.202410251130/tools/bin/../lib/gcc/arm-none-eabi/12.3.1/../../../../arm-none-eabi/lib/thumb/v7e-m+dp/hard\libc_nano.a(libc_a-lock.o)
                0x24002055                __lock___sfp_recursive_mutex
 *fill*         0x24002056        0x2 
 .bss.__malloc_sbrk_start
                0x24002058        0x4 C:/ST/STM32CubeIDE_1.17.0/STM32CubeIDE/plugins/com.st.stm32cube.ide.mcu.externaltools.gnu-tools-for-stm32.12.3.rel1.win32_1.1.0.202410251130/tools/bin/../lib/gcc/arm-none-eabi/12.3.1/../../../../arm-none-eabi/lib/thumb/v7e-m+dp/hard\libc_nano.a(libc_a-mallocr.o)
                0x24002058                __malloc_sbrk_start
 .bss.__malloc_free_list
                0x2400205c        0x4 C:/ST/STM32CubeIDE_1.17.0/STM32CubeIDE/plugins/com.st.stm32cube.ide.mcu.externaltools.gnu-tools-for-stm32.12.3.rel1.win32_1.1.0.202410251130/tools/bin/../lib/gcc/arm-none-eabi/12.3.1/../../../../arm-none-eabi/lib/thumb/v7e-m+dp/hard\libc_nano.a(libc_a-mallocr.o)
                0x2400205c                __malloc_free_list
 *(COMMON)
                0x24002060                        . = ALIGN (0x4)
                0x24002060                        _ebss = .
                0x24002060                        __bss_end__ = _ebss

._user_heap_stack
                0x24002060      0x600 load address 0x0800ef20
                0x24002060                        . = ALIGN (0x8)
                [!provide]                        PROVIDE (end = .)
                0x24002060                        PROVIDE (_end = .)
                0x24002260                        . = (. + _Min_Heap_Size)
 *fill*         0x24002060      0x200 
                0x24002660                        . = (. + _Min_Stack_Size)
 *fill*         0x24002260      0x400 
                0x24002660                        . = ALIGN (0x8)

/DISCARD/
 libc.a(*)
 libm.a(*)
 libgcc.a(*)

.ARM.attributes
                0x00000000       0x2e
 *(.ARM.attributes)
 .ARM.attributes
                0x00000000       0x20 C:/ST/STM32CubeIDE_1.17.0/STM32CubeIDE/plugins/com.st.stm32cube.ide.mcu.externaltools.gnu-tools-for-stm32.12.3.rel1.win32_1.1.0.202410251130/tools/bin/../lib/gcc/arm-none-eabi/12.3.1/thumb/v7e-m+dp/hard/crti.o
 .ARM.attributes
                0x00000020       0x32 C:/ST/STM32CubeIDE_1.17.0/STM32CubeIDE/plugins/com.st.stm32cube.ide.mcu.externaltools.gnu-tools-for-stm32.12.3.rel1.win32_1.1.0.202410251130/tools/bin/../lib/gcc/arm-none-eabi/12.3.1/thumb/v7e-m+dp/hard/crtbegin.o
 .ARM.attributes
                0x00000052       0x32 ./Core/Src/audio_sd.o
 .ARM.attributes
                0x00000084       0x32 ./Core/Src/main.o
 .ARM.attributes
                0x000000b6       0x32 ./Core/Src/stm32h7xx_hal_msp.o
 .ARM.attributes
                0x000000e8       0x32 ./Core/Src/stm32h7xx_it.o
 .ARM.attributes
                0x0000011a       0x32 ./Core/Src/syscalls.o
 .ARM.attributes
                0x0000014c       0x32 ./Core/Src/sysmem.o
 .ARM.attributes
                0x0000017e       0x32 ./Core/Src/system_stm32h7xx.o
 .ARM.attributes
                0x000001b0       0x21 ./Core/Startup/startup_stm32h743vitx.o
 .ARM.attributes
                0x000001d1       0x32 ./Drivers/STM32H7xx_HAL_Driver/Src/stm32h7xx_hal.o
 .ARM.attributes
                0x00000203       0x32 ./Drivers/STM32H7xx_HAL_Driver/Src/stm32h7xx_hal_cortex.o
 .ARM.attributes
                0x00000235       0x32 ./Drivers/STM32H7xx_HAL_Driver/Src/stm32h7xx_hal_dma.o
 .ARM.attributes
                0x00000267       0x32 ./Drivers/STM32H7xx_HAL_Driver/Src/stm32h7xx_hal_gpio.o
 .ARM.attributes
                0x00000299       0x32 ./Drivers/STM32H7xx_HAL_Driver/Src/stm32h7xx_hal_i2s.o
 .ARM.attributes
                0x000002cb       0x32 ./Drivers/STM32H7xx_HAL_Driver/Src/stm32h7xx_hal_pwr_ex.o
 .ARM.attributes
                0x000002fd       0x32 ./Drivers/STM32H7xx_HAL_Driver/Src/stm32h7xx_hal_rcc.o
 .ARM.attributes
                0x0000032f       0x32 ./Drivers/STM32H7xx_HAL_Driver/Src/stm32h7xx_hal_rcc_ex.o
 .ARM.attributes
                0x00000361       0x32 ./Drivers/STM32H7xx_HAL_Driver/Src/stm32h7xx_hal_sd.o
 .ARM.attributes
                0x00000393       0x32 ./Drivers/STM32H7xx_HAL_Driver/Src/stm32h7xx_hal_tim.o
 .ARM.attributes
                0x000003c5       0x32 ./Drivers/STM32H7xx_HAL_Driver/Src/stm32h7xx_hal_tim_ex.o
 .ARM.attributes
                0x000003f7       0x32 ./Drivers/STM32H7xx_HAL_Driver/Src/stm32h7xx_ll_sdmmc.o
 .ARM.attributes
                0x00000429       0x32 ./FATFS/App/fatfs.o
 .ARM.attributes
                0x0000045b       0x32 ./FATFS/Target/bsp_driver_sd.o
 .ARM.attributes
                0x0000048d       0x32 ./FATFS/Target/sd_diskio.o
 .ARM.attributes
                0x000004bf       0x32 ./Middlewares/Third_Party/FatFs/src/diskio.o
 .ARM.attributes
                0x000004f1       0x32 ./Middlewares/Third_Party/FatFs/src/ff.o
 .ARM.attributes
                0x00000523       0x32 ./Middlewares/Third_Party/FatFs/src/ff_gen_drv.o
 .ARM.attributes
                0x00000555       0x32 C:/ST/STM32CubeIDE_1.17.0/STM32CubeIDE/plugins/com.st.stm32cube.ide.mcu.externaltools.gnu-tools-for-stm32.12.3.rel1.win32_1.1.0.202410251130/tools/bin/../lib/gcc/arm-none-eabi/12.3.1/../../../../arm-none-eabi/lib/thumb/v7e-m+dp/hard\libc_nano.a(libc_a-findfp.o)
 .ARM.attributes
                0x00000587       0x32 C:/ST/STM32CubeIDE_1.17.0/STM32CubeIDE/plugins/com.st.stm32cube.ide.mcu.externaltools.gnu-tools-for-stm32.12.3.rel1.win32_1.1.0.202410251130/tools/bin/../lib/gcc/arm-none-eabi/12.3.1/../../../../arm-none-eabi/lib/thumb/v7e-m+dp/hard\libc_nano.a(libc_a-fwalk.o)
 .ARM.attributes
                0x000005b9       0x32 C:/ST/STM32CubeIDE_1.17.0/STM32CubeIDE/plugins/com.st.stm32cube.ide.mcu.externaltools.gnu-tools-for-stm32.12.3.rel1.win32_1.1.0.202410251130/tools/bin/../lib/gcc/arm-none-eabi/12.3.1/../../../../arm-none-eabi/lib/thumb/v7e-m+dp/hard\libc_nano.a(libc_a-printf.o)
 .ARM.attributes
                0x000005eb       0x32 C:/ST/STM32CubeIDE_1.17.0/STM32CubeIDE/plugins/com.st.stm32cube.ide.mcu.externaltools.gnu-tools-for-stm32.12.3.rel1.win32_1.1.0.202410251130/tools/bin/../lib/gcc/arm-none-eabi/12.3.1/../../../../arm-none-eabi/lib/thumb/v7e-m+dp/hard\libc_nano.a(libc_a-puts.o)
 .ARM.attributes
                0x0000061d       0x32 C:/ST/STM32CubeIDE_1.17.0/STM32CubeIDE/plugins/com.st.stm32cube.ide.mcu.externaltools.gnu-tools-for-stm32.12.3.rel1.win32_1.1.0.202410251130/tools/bin/../lib/gcc/arm-none-eabi/12.3.1/../../../../arm-none-eabi/lib/thumb/v7e-m+dp/hard\libc_nano.a(libc_a-stdio.o)
 .ARM.attributes
                0x0000064f       0x32 C:/ST/STM32CubeIDE_1.17.0/STM32CubeIDE/plugins/com.st.stm32cube.ide.mcu.externaltools.gnu-tools-for-stm32.12.3.rel1.win32_1.1.0.202410251130/tools/bin/../lib/gcc/arm-none-eabi/12.3.1/../../../../arm-none-eabi/lib/thumb/v7e-m+dp/hard\libc_nano.a(libc_a-wbuf.o)
 .ARM.attributes
                0x00000681       0x32 C:/ST/STM32CubeIDE_1.17.0/STM32CubeIDE/plugins/com.st.stm32cube.ide.mcu.externaltools.gnu-tools-for-stm32.12.3.rel1.win32_1.1.0.202410251130/tools/bin/../lib/gcc/arm-none-eabi/12.3.1/../../../../arm-none-eabi/lib/thumb/v7e-m+dp/hard\libc_nano.a(libc_a-wsetup.o)
 .ARM.attributes
                0x000006b3       0x32 C:/ST/STM32CubeIDE_1.17.0/STM32CubeIDE/plugins/com.st.stm32cube.ide.mcu.externaltools.gnu-tools-for-stm32.12.3.rel1.win32_1.1.0.202410251130/tools/bin/../lib/gcc/arm-none-eabi/12.3.1/../../../../arm-none-eabi/lib/thumb/v7e-m+dp/hard\libc_nano.a(libc_a-memset.o)
 .ARM.attributes
                0x000006e5       0x32 C:/ST/STM32CubeIDE_1.17.0/STM32CubeIDE/plugins/com.st.stm32cube.ide.mcu.externaltools.gnu-tools-for-stm32.12.3.rel1.win32_1.1.0.202410251130/tools/bin/../lib/gcc/arm-none-eabi/12.3.1/../../../../arm-none-eabi/lib/thumb/v7e-m+dp/hard\libc_nano.a(libc_a-closer.o)
 .ARM.attributes
                0x00000717       0x32 C:/ST/STM32CubeIDE_1.17.0/STM32CubeIDE/plugins/com.st.stm32cube.ide.mcu.externaltools.gnu-tools-for-stm32.12.3.rel1.win32_1.1.0.202410251130/tools/bin/../lib/gcc/arm-none-eabi/12.3.1/../../../../arm-none-eabi/lib/thumb/v7e-m+dp/hard\libc_nano.a(libc_a-reent.o)
 .ARM.attributes
                0x00000749       0x32 C:/ST/STM32CubeIDE_1.17.0/STM32CubeIDE/plugins/com.st.stm32cube.ide.mcu.externaltools.gnu-tools-for-stm32.12.3.rel1.win32_1.1.0.202410251130/tools/bin/../lib/gcc/arm-none-eabi/12.3.1/../../../../arm-none-eabi/lib/thumb/v7e-m+dp/hard\libc_nano.a(libc_a-impure.o)
 .ARM.attributes
                0x0000077b       0x32 C:/ST/STM32CubeIDE_1.17.0/STM32CubeIDE/plugins/com.st.stm32cube.ide.mcu.externaltools.gnu-tools-for-stm32.12.3.rel1.win32_1.1.0.202410251130/tools/bin/../lib/gcc/arm-none-eabi/12.3.1/../../../../arm-none-eabi/lib/thumb/v7e-m+dp/hard\libc_nano.a(libc_a-lseekr.o)
 .ARM.attributes
                0x000007ad       0x32 C:/ST/STM32CubeIDE_1.17.0/STM32CubeIDE/plugins/com.st.stm32cube.ide.mcu.externaltools.gnu-tools-for-stm32.12.3.rel1.win32_1.1.0.202410251130/tools/bin/../lib/gcc/arm-none-eabi/12.3.1/../../../../arm-none-eabi/lib/thumb/v7e-m+dp/hard\libc_nano.a(libc_a-readr.o)
 .ARM.attributes
                0x000007df       0x32 C:/ST/STM32CubeIDE_1.17.0/STM32CubeIDE/plugins/com.st.stm32cube.ide.mcu.externaltools.gnu-tools-for-stm32.12.3.rel1.win32_1.1.0.202410251130/tools/bin/../lib/gcc/arm-none-eabi/12.3.1/../../../../arm-none-eabi/lib/thumb/v7e-m+dp/hard\libc_nano.a(libc_a-writer.o)
 .ARM.attributes
                0x00000811       0x32 C:/ST/STM32CubeIDE_1.17.0/STM32CubeIDE/plugins/com.st.stm32cube.ide.mcu.externaltools.gnu-tools-for-stm32.12.3.rel1.win32_1.1.0.202410251130/tools/bin/../lib/gcc/arm-none-eabi/12.3.1/../../../../arm-none-eabi/lib/thumb/v7e-m+dp/hard\libc_nano.a(libc_a-errno.o)
 .ARM.attributes
                0x00000843       0x32 C:/ST/STM32CubeIDE_1.17.0/STM32CubeIDE/plugins/com.st.stm32cube.ide.mcu.externaltools.gnu-tools-for-stm32.12.3.rel1.win32_1.1.0.202410251130/tools/bin/../lib/gcc/arm-none-eabi/12.3.1/../../../../arm-none-eabi/lib/thumb/v7e-m+dp/hard\libc_nano.a(libc_a-init.o)
 .ARM.attributes
                0x00000875       0x32 C:/ST/STM32CubeIDE_1.17.0/STM32CubeIDE/plugins/com.st.stm32cube.ide.mcu.externaltools.gnu-tools-for-stm32.12.3.rel1.win32_1.1.0.202410251130/tools/bin/../lib/gcc/arm-none-eabi/12.3.1/../../../../arm-none-eabi/lib/thumb/v7e-m+dp/hard\libc_nano.a(libc_a-lock.o)
 .ARM.attributes
                0x000008a7       0x32 C:/ST/STM32CubeIDE_1.17.0/STM32CubeIDE/plugins/com.st.stm32cube.ide.mcu.externaltools.gnu-tools-for-stm32.12.3.rel1.win32_1.1.0.202410251130/tools/bin/../lib/gcc/arm-none-eabi/12.3.1/../../../../arm-none-eabi/lib/thumb/v7e-m+dp/hard\libc_nano.a(libc_a-freer.o)
 .ARM.attributes
                0x000008d9       0x32 C:/ST/STM32CubeIDE_1.17.0/STM32CubeIDE/plugins/com.st.stm32cube.ide.mcu.externaltools.gnu-tools-for-stm32.12.3.rel1.win32_1.1.0.202410251130/tools/bin/../lib/gcc/arm-none-eabi/12.3.1/../../../../arm-none-eabi/lib/thumb/v7e-m+dp/hard\libc_nano.a(libc_a-mallocr.o)
 .ARM.attributes
                0x0000090b       0x32 C:/ST/STM32CubeIDE_1.17.0/STM32CubeIDE/plugins/com.st.stm32cube.ide.mcu.externaltools.gnu-tools-for-stm32.12.3.rel1.win32_1.1.0.202410251130/tools/bin/../lib/gcc/arm-none-eabi/12.3.1/../../../../arm-none-eabi/lib/thumb/v7e-m+dp/hard\libc_nano.a(libc_a-mlock.o)
 .ARM.attributes
                0x0000093d       0x32 C:/ST/STM32CubeIDE_1.17.0/STM32CubeIDE/plugins/com.st.stm32cube.ide.mcu.externaltools.gnu-tools-for-stm32.12.3.rel1.win32_1.1.0.202410251130/tools/bin/../lib/gcc/arm-none-eabi/12.3.1/../../../../arm-none-eabi/lib/thumb/v7e-m+dp/hard\libc_nano.a(libc_a-nano-vfprintf.o)
 .ARM.attributes
                0x0000096f       0x32 C:/ST/STM32CubeIDE_1.17.0/STM32CubeIDE/plugins/com.st.stm32cube.ide.mcu.externaltools.gnu-tools-for-stm32.12.3.rel1.win32_1.1.0.202410251130/tools/bin/../lib/gcc/arm-none-eabi/12.3.1/../../../../arm-none-eabi/lib/thumb/v7e-m+dp/hard\libc_nano.a(libc_a-nano-vfprintf_i.o)
 .ARM.attributes
                0x000009a1       0x32 C:/ST/STM32CubeIDE_1.17.0/STM32CubeIDE/plugins/com.st.stm32cube.ide.mcu.externaltools.gnu-tools-for-stm32.12.3.rel1.win32_1.1.0.202410251130/tools/bin/../lib/gcc/arm-none-eabi/12.3.1/../../../../arm-none-eabi/lib/thumb/v7e-m+dp/hard\libc_nano.a(libc_a-fflush.o)
 .ARM.attributes
                0x000009d3       0x32 C:/ST/STM32CubeIDE_1.17.0/STM32CubeIDE/plugins/com.st.stm32cube.ide.mcu.externaltools.gnu-tools-for-stm32.12.3.rel1.win32_1.1.0.202410251130/tools/bin/../lib/gcc/arm-none-eabi/12.3.1/../../../../arm-none-eabi/lib/thumb/v7e-m+dp/hard\libc_nano.a(libc_a-makebuf.o)
 .ARM.attributes
                0x00000a05       0x32 C:/ST/STM32CubeIDE_1.17.0/STM32CubeIDE/plugins/com.st.stm32cube.ide.mcu.externaltools.gnu-tools-for-stm32.12.3.rel1.win32_1.1.0.202410251130/tools/bin/../lib/gcc/arm-none-eabi/12.3.1/../../../../arm-none-eabi/lib/thumb/v7e-m+dp/hard\libc_nano.a(libc_a-fstatr.o)
 .ARM.attributes
                0x00000a37       0x32 C:/ST/STM32CubeIDE_1.17.0/STM32CubeIDE/plugins/com.st.stm32cube.ide.mcu.externaltools.gnu-tools-for-stm32.12.3.rel1.win32_1.1.0.202410251130/tools/bin/../lib/gcc/arm-none-eabi/12.3.1/../../../../arm-none-eabi/lib/thumb/v7e-m+dp/hard\libc_nano.a(libc_a-isattyr.o)
 .ARM.attributes
                0x00000a69       0x32 C:/ST/STM32CubeIDE_1.17.0/STM32CubeIDE/plugins/com.st.stm32cube.ide.mcu.externaltools.gnu-tools-for-stm32.12.3.rel1.win32_1.1.0.202410251130/tools/bin/../lib/gcc/arm-none-eabi/12.3.1/../../../../arm-none-eabi/lib/thumb/v7e-m+dp/hard\libc_nano.a(libc_a-sbrkr.o)
 .ARM.attributes
                0x00000a9b       0x1c C:/ST/STM32CubeIDE_1.17.0/STM32CubeIDE/plugins/com.st.stm32cube.ide.mcu.externaltools.gnu-tools-for-stm32.12.3.rel1.win32_1.1.0.202410251130/tools/bin/../lib/gcc/arm-none-eabi/12.3.1/../../../../arm-none-eabi/lib/thumb/v7e-m+dp/hard\libc_nano.a(libc_a-memchr.o)
 .ARM.attributes
                0x00000ab7       0x20 C:/ST/STM32CubeIDE_1.17.0/STM32CubeIDE/plugins/com.st.stm32cube.ide.mcu.externaltools.gnu-tools-for-stm32.12.3.rel1.win32_1.1.0.202410251130/tools/bin/../lib/gcc/arm-none-eabi/12.3.1/thumb/v7e-m+dp/hard/crtn.o
OUTPUT(YTICSSDProject.elf elf32-littlearm)
LOAD linker stubs
LOAD C:/ST/STM32CubeIDE_1.17.0/STM32CubeIDE/plugins/com.st.stm32cube.ide.mcu.externaltools.gnu-tools-for-stm32.12.3.rel1.win32_1.1.0.202410251130/tools/bin/../lib/gcc/arm-none-eabi/12.3.1/../../../../arm-none-eabi/lib/thumb/v7e-m+dp/hard\libc.a
LOAD C:/ST/STM32CubeIDE_1.17.0/STM32CubeIDE/plugins/com.st.stm32cube.ide.mcu.externaltools.gnu-tools-for-stm32.12.3.rel1.win32_1.1.0.202410251130/tools/bin/../lib/gcc/arm-none-eabi/12.3.1/../../../../arm-none-eabi/lib/thumb/v7e-m+dp/hard\libm.a
LOAD C:/ST/STM32CubeIDE_1.17.0/STM32CubeIDE/plugins/com.st.stm32cube.ide.mcu.externaltools.gnu-tools-for-stm32.12.3.rel1.win32_1.1.0.202410251130/tools/bin/../lib/gcc/arm-none-eabi/12.3.1/thumb/v7e-m+dp/hard\libgcc.a

.debug_info     0x00000000    0x18c41
 .debug_info    0x00000000      0x615 ./Core/Src/audio_sd.o
 .debug_info    0x00000615     0x23b4 ./Core/Src/main.o
 .debug_info    0x000029c9     0x192b ./Core/Src/stm32h7xx_hal_msp.o
 .debug_info    0x000042f4      0x449 ./Core/Src/stm32h7xx_it.o
 .debug_info    0x0000473d      0x6a3 ./Core/Src/syscalls.o
 .debug_info    0x00004de0      0x168 ./Core/Src/sysmem.o
 .debug_info    0x00004f48      0xdb2 ./Core/Src/system_stm32h7xx.o
 .debug_info    0x00005cfa       0x30 ./Core/Startup/startup_stm32h743vitx.o
 .debug_info    0x00005d2a     0x153b ./Drivers/STM32H7xx_HAL_Driver/Src/stm32h7xx_hal.o
 .debug_info    0x00007265     0x10b1 ./Drivers/STM32H7xx_HAL_Driver/Src/stm32h7xx_hal_cortex.o
 .debug_info    0x00008316      0xc31 ./Drivers/STM32H7xx_HAL_Driver/Src/stm32h7xx_hal_dma.o
 .debug_info    0x00008f47      0xc5a ./Drivers/STM32H7xx_HAL_Driver/Src/stm32h7xx_hal_gpio.o
 .debug_info    0x00009ba1     0x1163 ./Drivers/STM32H7xx_HAL_Driver/Src/stm32h7xx_hal_i2s.o
 .debug_info    0x0000ad04     0x1012 ./Drivers/STM32H7xx_HAL_Driver/Src/stm32h7xx_hal_pwr_ex.o
 .debug_info    0x0000bd16      0xe6a ./Drivers/STM32H7xx_HAL_Driver/Src/stm32h7xx_hal_rcc.o
 .debug_info    0x0000cb80     0x1225 ./Drivers/STM32H7xx_HAL_Driver/Src/stm32h7xx_hal_rcc_ex.o
 .debug_info    0x0000dda5     0x1a93 ./Drivers/STM32H7xx_HAL_Driver/Src/stm32h7xx_hal_sd.o
 .debug_info    0x0000f838     0x2bae ./Drivers/STM32H7xx_HAL_Driver/Src/stm32h7xx_hal_tim.o
 .debug_info    0x000123e6     0x17eb ./Drivers/STM32H7xx_HAL_Driver/Src/stm32h7xx_hal_tim_ex.o
 .debug_info    0x00013bd1     0x142c ./Drivers/STM32H7xx_HAL_Driver/Src/stm32h7xx_ll_sdmmc.o
 .debug_info    0x00014ffd      0x4ff ./FATFS/App/fatfs.o
 .debug_info    0x000154fc      0x8dd ./FATFS/Target/bsp_driver_sd.o
 .debug_info    0x00015dd9      0x4d3 ./FATFS/Target/sd_diskio.o
 .debug_info    0x000162ac      0x3ed ./Middlewares/Third_Party/FatFs/src/diskio.o
 .debug_info    0x00016699     0x2203 ./Middlewares/Third_Party/FatFs/src/ff.o
 .debug_info    0x0001889c      0x3a5 ./Middlewares/Third_Party/FatFs/src/ff_gen_drv.o

.debug_abbrev   0x00000000     0x35fc
 .debug_abbrev  0x00000000      0x1b5 ./Core/Src/audio_sd.o
 .debug_abbrev  0x000001b5      0x3c4 ./Core/Src/main.o
 .debug_abbrev  0x00000579      0x29f ./Core/Src/stm32h7xx_hal_msp.o
 .debug_abbrev  0x00000818      0x16d ./Core/Src/stm32h7xx_it.o
 .debug_abbrev  0x00000985      0x1b6 ./Core/Src/syscalls.o
 .debug_abbrev  0x00000b3b       0xbc ./Core/Src/sysmem.o
 .debug_abbrev  0x00000bf7      0x165 ./Core/Src/system_stm32h7xx.o
 .debug_abbrev  0x00000d5c       0x24 ./Core/Startup/startup_stm32h743vitx.o
 .debug_abbrev  0x00000d80      0x295 ./Drivers/STM32H7xx_HAL_Driver/Src/stm32h7xx_hal.o